running egg_info
writing ../../build/logitech_streamer/logitech_streamer.egg-info/PKG-INFO
writing dependency_links to ../../build/logitech_streamer/logitech_streamer.egg-info/dependency_links.txt
writing entry points to ../../build/logitech_streamer/logitech_streamer.egg-info/entry_points.txt
writing requirements to ../../build/logitech_streamer/logitech_streamer.egg-info/requires.txt
writing top-level names to ../../build/logitech_streamer/logitech_streamer.egg-info/top_level.txt
reading manifest file '../../build/logitech_streamer/logitech_streamer.egg-info/SOURCES.txt'
writing manifest file '../../build/logitech_streamer/logitech_streamer.egg-info/SOURCES.txt'
running build
running build_py
copying logitech_streamer/logitech_input_publisher.py -> /home/mrs_lab/ros2_ws/build/logitech_streamer/build/lib/logitech_streamer
running install
running install_lib
copying /home/mrs_lab/ros2_ws/build/logitech_streamer/build/lib/logitech_streamer/logitech_input_publisher.py -> /home/mrs_lab/ros2_ws/install/logitech_streamer/lib/python3.12/site-packages/logitech_streamer
byte-compiling /home/mrs_lab/ros2_ws/install/logitech_streamer/lib/python3.12/site-packages/logitech_streamer/logitech_input_publisher.py to logitech_input_publisher.cpython-312.pyc
running install_data
running install_egg_info
removing '/home/mrs_lab/ros2_ws/install/logitech_streamer/lib/python3.12/site-packages/logitech_streamer-0.0.0-py3.12.egg-info' (and everything under it)
Copying ../../build/logitech_streamer/logitech_streamer.egg-info to /home/mrs_lab/ros2_ws/install/logitech_streamer/lib/python3.12/site-packages/logitech_streamer-0.0.0-py3.12.egg-info
running install_scripts
Installing logitech_input_publisher script to /home/mrs_lab/ros2_ws/install/logitech_streamer/lib/logitech_streamer
writing list of installed files to '/home/mrs_lab/ros2_ws/build/logitech_streamer/install.log'
