[0.051s] Invoking command in '/home/mrs-rpi/ros2_custom_interfaces/build/custom_msgs': CMAKE_PREFIX_PATH=${CMAKE_PREFIX_PATH}:/opt/ros/jazzy /usr/bin/cmake --build /home/mrs-rpi/ros2_custom_interfaces/build/custom_msgs -- -j4 -l4
[0.181s] -- Found ament_cmake: 2.5.4 (/opt/ros/jazzy/share/ament_cmake/cmake)
[0.302s] -- Found Python3: /usr/bin/python3 (found version "3.12.3") found components: Interpreter 
[0.671s] -- Found ament_lint_auto: 0.17.3 (/opt/ros/jazzy/share/ament_lint_auto/cmake)
[0.674s] -- Found rosidl_default_generators: 1.6.0 (/opt/ros/jazzy/share/rosidl_default_generators/cmake)
[0.684s] -- Using all available rosidl_typesupport_c: rosidl_typesupport_fastrtps_c;rosidl_typesupport_introspection_c
[0.875s] -- Using all available rosidl_typesupport_cpp: rosidl_typesupport_fastrtps_cpp;rosidl_typesupport_introspection_cpp
[0.996s] -- Found rosidl_adapter: 4.6.6 (/opt/ros/jazzy/share/rosidl_adapter/cmake)
[1.003s] -- Found std_msgs: 5.3.6 (/opt/ros/jazzy/share/std_msgs/cmake)
[2.216s] -- Found ament_cmake_ros: 0.12.0 (/opt/ros/jazzy/share/ament_cmake_ros/cmake)
[2.623s] -- Using all available rosidl_typesupport_c: rosidl_typesupport_fastrtps_c;rosidl_typesupport_introspection_c
[3.152s] -- Using all available rosidl_typesupport_cpp: rosidl_typesupport_fastrtps_cpp;rosidl_typesupport_introspection_cpp
[3.156s] -- Found python_cmake_module: 0.11.1 (/opt/ros/jazzy/share/python_cmake_module/cmake)
[4.381s] -- Found Python3: /usr/bin/python3 (found version "3.12.3") found components: Interpreter Development NumPy Development.Module Development.Embed 
[4.436s] -- Added test 'lint_cmake' to check CMake code style
[4.445s] -- Added test 'xmllint' to check XML markup files
[4.464s] -- Configuring done (4.3s)
[4.651s] -- Generating done (0.2s)
[4.714s] -- Build files have been written to: /home/mrs-rpi/ros2_custom_interfaces/build/custom_msgs
[4.881s] [  2%] [34m[1mGenerating type hashes for ROS interfaces[0m
[4.938s] [  2%] Built target ament_cmake_python_copy_custom_msgs
[5.955s] [  2%] Built target custom_msgs__rosidl_generator_type_description
[6.012s] [  4%] [34m[1mGenerating C code for ROS interfaces[0m
[6.075s] [  6%] [34m[1mGenerating C++ code for ROS interfaces[0m
[6.081s] running egg_info
[6.234s] writing custom_msgs.egg-info/PKG-INFO
[6.237s] writing dependency_links to custom_msgs.egg-info/dependency_links.txt
[6.238s] writing top-level names to custom_msgs.egg-info/top_level.txt
[6.643s] reading manifest file 'custom_msgs.egg-info/SOURCES.txt'
[6.647s] writing manifest file 'custom_msgs.egg-info/SOURCES.txt'
[6.824s] [  6%] Built target ament_cmake_python_build_custom_msgs_egg
[7.708s] [  6%] Built target custom_msgs__cpp
[7.830s] [ 11%] [32mBuilding C object CMakeFiles/custom_msgs__rosidl_generator_c.dir/rosidl_generator_c/custom_msgs/msg/detail/controller_input__functions.c.o[0m
[7.831s] [ 11%] [32mBuilding C object CMakeFiles/custom_msgs__rosidl_generator_c.dir/rosidl_generator_c/custom_msgs/msg/detail/controller_input__description.c.o[0m
[7.833s] [ 13%] [32mBuilding C object CMakeFiles/custom_msgs__rosidl_generator_c.dir/rosidl_generator_c/custom_msgs/msg/detail/controller_input__type_support.c.o[0m
[7.839s] [ 15%] [32mBuilding C object CMakeFiles/custom_msgs__rosidl_generator_c.dir/rosidl_generator_c/custom_msgs/msg/detail/logitech_input__description.c.o[0m
[8.036s] [ 18%] [32mBuilding C object CMakeFiles/custom_msgs__rosidl_generator_c.dir/rosidl_generator_c/custom_msgs/msg/detail/logitech_input__functions.c.o[0m
[8.055s] [ 20%] [32mBuilding C object CMakeFiles/custom_msgs__rosidl_generator_c.dir/rosidl_generator_c/custom_msgs/msg/detail/logitech_input__type_support.c.o[0m
[8.280s] [ 22%] [32m[1mLinking C shared library libcustom_msgs__rosidl_generator_c.so[0m
[8.482s] [ 22%] Built target custom_msgs__rosidl_generator_c
[8.546s] [ 25%] [34m[1mGenerating C++ type support dispatch for ROS interfaces[0m
[8.547s] [ 27%] [34m[1mGenerating C type support dispatch for ROS interfaces[0m
[8.549s] [ 29%] [34m[1mGenerating C++ type support for eProsima Fast-RTPS[0m
[8.551s] [ 31%] [34m[1mGenerating C type support for eProsima Fast-RTPS[0m
[10.111s] [ 36%] [32mBuilding CXX object CMakeFiles/custom_msgs__rosidl_typesupport_c.dir/rosidl_typesupport_c/custom_msgs/msg/controller_input__type_support.cpp.o[0m
[10.113s] [ 36%] [32mBuilding CXX object CMakeFiles/custom_msgs__rosidl_typesupport_cpp.dir/rosidl_typesupport_cpp/custom_msgs/msg/controller_input__type_support.cpp.o[0m
[10.375s] [ 38%] [32mBuilding CXX object CMakeFiles/custom_msgs__rosidl_typesupport_c.dir/rosidl_typesupport_c/custom_msgs/msg/logitech_input__type_support.cpp.o[0m
[10.381s] [ 40%] [32mBuilding CXX object CMakeFiles/custom_msgs__rosidl_typesupport_fastrtps_cpp.dir/rosidl_typesupport_fastrtps_cpp/custom_msgs/msg/detail/dds_fastrtps/controller_input__type_support.cpp.o[0m
[10.417s] [ 43%] [32mBuilding CXX object CMakeFiles/custom_msgs__rosidl_typesupport_fastrtps_c.dir/rosidl_typesupport_fastrtps_c/custom_msgs/msg/detail/controller_input__type_support_c.cpp.o[0m
[10.630s] [ 45%] [32m[1mLinking CXX shared library libcustom_msgs__rosidl_typesupport_c.so[0m
[10.871s] [ 45%] Built target custom_msgs__rosidl_typesupport_c
[10.939s] [ 47%] [32mBuilding CXX object CMakeFiles/custom_msgs__rosidl_typesupport_cpp.dir/rosidl_typesupport_cpp/custom_msgs/msg/logitech_input__type_support.cpp.o[0m
[12.120s] [ 50%] [32mBuilding CXX object CMakeFiles/custom_msgs__rosidl_typesupport_fastrtps_cpp.dir/rosidl_typesupport_fastrtps_cpp/custom_msgs/msg/detail/dds_fastrtps/logitech_input__type_support.cpp.o[0m
[13.070s] [ 52%] [32m[1mLinking CXX shared library libcustom_msgs__rosidl_typesupport_cpp.so[0m
[13.319s] [ 54%] [32mBuilding CXX object CMakeFiles/custom_msgs__rosidl_typesupport_fastrtps_c.dir/rosidl_typesupport_fastrtps_c/custom_msgs/msg/detail/logitech_input__type_support_c.cpp.o[0m
[13.337s] [ 54%] Built target custom_msgs__rosidl_typesupport_cpp
[13.411s] [ 56%] [34m[1mGenerating C introspection for ROS interfaces[0m
[13.510s] [ 59%] [34m[1mGenerating C++ introspection for ROS interfaces[0m
[15.256s] [ 61%] [32mBuilding C object CMakeFiles/custom_msgs__rosidl_typesupport_introspection_c.dir/rosidl_typesupport_introspection_c/custom_msgs/msg/detail/controller_input__type_support.c.o[0m
[15.368s] [ 63%] [32mBuilding CXX object CMakeFiles/custom_msgs__rosidl_typesupport_introspection_cpp.dir/rosidl_typesupport_introspection_cpp/custom_msgs/msg/detail/controller_input__type_support.cpp.o[0m
[15.432s] [ 65%] [32m[1mLinking CXX shared library libcustom_msgs__rosidl_typesupport_fastrtps_cpp.so[0m
[15.520s] [ 68%] [32mBuilding C object CMakeFiles/custom_msgs__rosidl_typesupport_introspection_c.dir/rosidl_typesupport_introspection_c/custom_msgs/msg/detail/logitech_input__type_support.c.o[0m
[15.815s] [ 70%] [32m[1mLinking C shared library libcustom_msgs__rosidl_typesupport_introspection_c.so[0m
[15.904s] [ 70%] Built target custom_msgs__rosidl_typesupport_fastrtps_cpp
[15.968s] [ 72%] [32mBuilding CXX object CMakeFiles/custom_msgs__rosidl_typesupport_introspection_cpp.dir/rosidl_typesupport_introspection_cpp/custom_msgs/msg/detail/logitech_input__type_support.cpp.o[0m
[16.024s] [ 72%] Built target custom_msgs__rosidl_typesupport_introspection_c
[16.407s] [ 75%] [32m[1mLinking CXX shared library libcustom_msgs__rosidl_typesupport_fastrtps_c.so[0m
[16.701s] [ 75%] Built target custom_msgs__rosidl_typesupport_fastrtps_c
[17.600s] [ 77%] [32m[1mLinking CXX shared library libcustom_msgs__rosidl_typesupport_introspection_cpp.so[0m
[17.943s] [ 77%] Built target custom_msgs__rosidl_typesupport_introspection_cpp
[18.055s] [ 77%] Built target custom_msgs
[18.165s] [ 79%] [34m[1mGenerating Python code for ROS interfaces[0m
[19.755s] [ 79%] Built target custom_msgs__py
[19.887s] [ 81%] [32mBuilding C object CMakeFiles/custom_msgs__rosidl_generator_py.dir/rosidl_generator_py/custom_msgs/msg/_controller_input_s.c.o[0m
[19.889s] [ 84%] [32mBuilding C object CMakeFiles/custom_msgs__rosidl_generator_py.dir/rosidl_generator_py/custom_msgs/msg/_logitech_input_s.c.o[0m
[20.467s] [ 86%] [32m[1mLinking C shared library libcustom_msgs__rosidl_generator_py.so[0m
[20.680s] [ 86%] Built target custom_msgs__rosidl_generator_py
[20.810s] [ 90%] [32mBuilding C object CMakeFiles/custom_msgs_s__rosidl_typesupport_fastrtps_c.dir/rosidl_generator_py/custom_msgs/_custom_msgs_s.ep.rosidl_typesupport_fastrtps_c.c.o[0m
[20.811s] [ 90%] [32mBuilding C object CMakeFiles/custom_msgs_s__rosidl_typesupport_introspection_c.dir/rosidl_generator_py/custom_msgs/_custom_msgs_s.ep.rosidl_typesupport_introspection_c.c.o[0m
[20.813s] [ 93%] [32mBuilding C object CMakeFiles/custom_msgs_s__rosidl_typesupport_c.dir/rosidl_generator_py/custom_msgs/_custom_msgs_s.ep.rosidl_typesupport_c.c.o[0m
[21.344s] [ 95%] [32m[1mLinking C shared module rosidl_generator_py/custom_msgs/custom_msgs_s__rosidl_typesupport_c.so[0m
[21.360s] [ 97%] [32m[1mLinking C shared module rosidl_generator_py/custom_msgs/custom_msgs_s__rosidl_typesupport_introspection_c.so[0m
[21.397s] [100%] [32m[1mLinking C shared module rosidl_generator_py/custom_msgs/custom_msgs_s__rosidl_typesupport_fastrtps_c.so[0m
[21.519s] [100%] Built target custom_msgs_s__rosidl_typesupport_c
[21.538s] [100%] Built target custom_msgs_s__rosidl_typesupport_introspection_c
[21.574s] [100%] Built target custom_msgs_s__rosidl_typesupport_fastrtps_c
[21.634s] Invoked command in '/home/mrs-rpi/ros2_custom_interfaces/build/custom_msgs' returned '0': CMAKE_PREFIX_PATH=${CMAKE_PREFIX_PATH}:/opt/ros/jazzy /usr/bin/cmake --build /home/mrs-rpi/ros2_custom_interfaces/build/custom_msgs -- -j4 -l4
[21.685s] Invoking command in '/home/mrs-rpi/ros2_custom_interfaces/build/custom_msgs': CMAKE_PREFIX_PATH=${CMAKE_PREFIX_PATH}:/opt/ros/jazzy /usr/bin/cmake --install /home/mrs-rpi/ros2_custom_interfaces/build/custom_msgs
[21.730s] -- Install configuration: ""
[21.730s] -- Up-to-date: /home/mrs-rpi/ros2_custom_interfaces/install/custom_msgs/share/ament_index/resource_index/rosidl_interfaces/custom_msgs
[21.731s] -- Installing: /home/mrs-rpi/ros2_custom_interfaces/install/custom_msgs/share/custom_msgs/msg/ControllerInput.json
[21.732s] -- Installing: /home/mrs-rpi/ros2_custom_interfaces/install/custom_msgs/share/custom_msgs/msg/LogitechInput.json
[21.733s] -- Up-to-date: /home/mrs-rpi/ros2_custom_interfaces/install/custom_msgs/include/custom_msgs/custom_msgs
[21.734s] -- Up-to-date: /home/mrs-rpi/ros2_custom_interfaces/install/custom_msgs/include/custom_msgs/custom_msgs/msg
[21.734s] -- Installing: /home/mrs-rpi/ros2_custom_interfaces/install/custom_msgs/include/custom_msgs/custom_msgs/msg/controller_input.h
[21.735s] -- Up-to-date: /home/mrs-rpi/ros2_custom_interfaces/install/custom_msgs/include/custom_msgs/custom_msgs/msg/detail
[21.736s] -- Installing: /home/mrs-rpi/ros2_custom_interfaces/install/custom_msgs/include/custom_msgs/custom_msgs/msg/detail/logitech_input__type_support.c
[21.737s] -- Installing: /home/mrs-rpi/ros2_custom_interfaces/install/custom_msgs/include/custom_msgs/custom_msgs/msg/detail/controller_input__struct.h
[21.739s] -- Installing: /home/mrs-rpi/ros2_custom_interfaces/install/custom_msgs/include/custom_msgs/custom_msgs/msg/detail/controller_input__functions.h
[21.740s] -- Installing: /home/mrs-rpi/ros2_custom_interfaces/install/custom_msgs/include/custom_msgs/custom_msgs/msg/detail/logitech_input__struct.h
[21.741s] -- Installing: /home/mrs-rpi/ros2_custom_interfaces/install/custom_msgs/include/custom_msgs/custom_msgs/msg/detail/controller_input__functions.c
[21.742s] -- Installing: /home/mrs-rpi/ros2_custom_interfaces/install/custom_msgs/include/custom_msgs/custom_msgs/msg/detail/logitech_input__functions.c
[21.744s] -- Installing: /home/mrs-rpi/ros2_custom_interfaces/install/custom_msgs/include/custom_msgs/custom_msgs/msg/detail/logitech_input__description.c
[21.745s] -- Installing: /home/mrs-rpi/ros2_custom_interfaces/install/custom_msgs/include/custom_msgs/custom_msgs/msg/detail/controller_input__description.c
[21.746s] -- Installing: /home/mrs-rpi/ros2_custom_interfaces/install/custom_msgs/include/custom_msgs/custom_msgs/msg/detail/controller_input__type_support.h
[21.747s] -- Installing: /home/mrs-rpi/ros2_custom_interfaces/install/custom_msgs/include/custom_msgs/custom_msgs/msg/detail/logitech_input__functions.h
[21.749s] -- Installing: /home/mrs-rpi/ros2_custom_interfaces/install/custom_msgs/include/custom_msgs/custom_msgs/msg/detail/controller_input__type_support.c
[21.750s] -- Installing: /home/mrs-rpi/ros2_custom_interfaces/install/custom_msgs/include/custom_msgs/custom_msgs/msg/detail/logitech_input__type_support.h
[21.751s] -- Up-to-date: /home/mrs-rpi/ros2_custom_interfaces/install/custom_msgs/include/custom_msgs/custom_msgs/msg/rosidl_generator_c__visibility_control.h
[21.752s] -- Installing: /home/mrs-rpi/ros2_custom_interfaces/install/custom_msgs/include/custom_msgs/custom_msgs/msg/logitech_input.h
[21.753s] -- Up-to-date: /home/mrs-rpi/ros2_custom_interfaces/install/custom_msgs/share/custom_msgs/environment/library_path.sh
[21.753s] -- Up-to-date: /home/mrs-rpi/ros2_custom_interfaces/install/custom_msgs/share/custom_msgs/environment/library_path.dsv
[21.754s] -- Installing: /home/mrs-rpi/ros2_custom_interfaces/install/custom_msgs/lib/libcustom_msgs__rosidl_generator_c.so
[21.758s] -- Set non-toolchain portion of runtime path of "/home/mrs-rpi/ros2_custom_interfaces/install/custom_msgs/lib/libcustom_msgs__rosidl_generator_c.so" to ""
[21.758s] -- Up-to-date: /home/mrs-rpi/ros2_custom_interfaces/install/custom_msgs/include/custom_msgs/custom_msgs
[21.759s] -- Up-to-date: /home/mrs-rpi/ros2_custom_interfaces/install/custom_msgs/include/custom_msgs/custom_msgs/msg
[21.759s] -- Up-to-date: /home/mrs-rpi/ros2_custom_interfaces/install/custom_msgs/include/custom_msgs/custom_msgs/msg/rosidl_typesupport_fastrtps_c__visibility_control.h
[21.759s] -- Up-to-date: /home/mrs-rpi/ros2_custom_interfaces/install/custom_msgs/include/custom_msgs/custom_msgs/msg/detail
[21.760s] -- Installing: /home/mrs-rpi/ros2_custom_interfaces/install/custom_msgs/include/custom_msgs/custom_msgs/msg/detail/controller_input__rosidl_typesupport_fastrtps_c.h
[21.761s] -- Installing: /home/mrs-rpi/ros2_custom_interfaces/install/custom_msgs/include/custom_msgs/custom_msgs/msg/detail/logitech_input__rosidl_typesupport_fastrtps_c.h
[21.763s] -- Installing: /home/mrs-rpi/ros2_custom_interfaces/install/custom_msgs/lib/libcustom_msgs__rosidl_typesupport_fastrtps_c.so
[21.766s] -- Set non-toolchain portion of runtime path of "/home/mrs-rpi/ros2_custom_interfaces/install/custom_msgs/lib/libcustom_msgs__rosidl_typesupport_fastrtps_c.so" to ""
[21.767s] -- Up-to-date: /home/mrs-rpi/ros2_custom_interfaces/install/custom_msgs/include/custom_msgs/custom_msgs
[21.767s] -- Up-to-date: /home/mrs-rpi/ros2_custom_interfaces/install/custom_msgs/include/custom_msgs/custom_msgs/msg
[21.768s] -- Up-to-date: /home/mrs-rpi/ros2_custom_interfaces/install/custom_msgs/include/custom_msgs/custom_msgs/msg/detail
[21.768s] -- Installing: /home/mrs-rpi/ros2_custom_interfaces/install/custom_msgs/include/custom_msgs/custom_msgs/msg/detail/logitech_input__type_support.c
[21.769s] -- Installing: /home/mrs-rpi/ros2_custom_interfaces/install/custom_msgs/include/custom_msgs/custom_msgs/msg/detail/logitech_input__rosidl_typesupport_introspection_c.h
[21.771s] -- Installing: /home/mrs-rpi/ros2_custom_interfaces/install/custom_msgs/include/custom_msgs/custom_msgs/msg/detail/controller_input__rosidl_typesupport_introspection_c.h
[21.772s] -- Installing: /home/mrs-rpi/ros2_custom_interfaces/install/custom_msgs/include/custom_msgs/custom_msgs/msg/detail/controller_input__type_support.c
[21.774s] -- Up-to-date: /home/mrs-rpi/ros2_custom_interfaces/install/custom_msgs/include/custom_msgs/custom_msgs/msg/rosidl_typesupport_introspection_c__visibility_control.h
[21.775s] -- Installing: /home/mrs-rpi/ros2_custom_interfaces/install/custom_msgs/lib/libcustom_msgs__rosidl_typesupport_introspection_c.so
[21.778s] -- Set non-toolchain portion of runtime path of "/home/mrs-rpi/ros2_custom_interfaces/install/custom_msgs/lib/libcustom_msgs__rosidl_typesupport_introspection_c.so" to ""
[21.779s] -- Installing: /home/mrs-rpi/ros2_custom_interfaces/install/custom_msgs/lib/libcustom_msgs__rosidl_typesupport_c.so
[21.782s] -- Set non-toolchain portion of runtime path of "/home/mrs-rpi/ros2_custom_interfaces/install/custom_msgs/lib/libcustom_msgs__rosidl_typesupport_c.so" to ""
[21.782s] -- Up-to-date: /home/mrs-rpi/ros2_custom_interfaces/install/custom_msgs/include/custom_msgs/custom_msgs
[21.783s] -- Up-to-date: /home/mrs-rpi/ros2_custom_interfaces/install/custom_msgs/include/custom_msgs/custom_msgs/msg
[21.783s] -- Up-to-date: /home/mrs-rpi/ros2_custom_interfaces/install/custom_msgs/include/custom_msgs/custom_msgs/msg/detail
[21.784s] -- Installing: /home/mrs-rpi/ros2_custom_interfaces/install/custom_msgs/include/custom_msgs/custom_msgs/msg/detail/logitech_input__type_support.hpp
[21.785s] -- Installing: /home/mrs-rpi/ros2_custom_interfaces/install/custom_msgs/include/custom_msgs/custom_msgs/msg/detail/controller_input__builder.hpp
[21.786s] -- Installing: /home/mrs-rpi/ros2_custom_interfaces/install/custom_msgs/include/custom_msgs/custom_msgs/msg/detail/controller_input__traits.hpp
[21.787s] -- Installing: /home/mrs-rpi/ros2_custom_interfaces/install/custom_msgs/include/custom_msgs/custom_msgs/msg/detail/logitech_input__struct.hpp
[21.789s] -- Installing: /home/mrs-rpi/ros2_custom_interfaces/install/custom_msgs/include/custom_msgs/custom_msgs/msg/detail/controller_input__type_support.hpp
[21.790s] -- Installing: /home/mrs-rpi/ros2_custom_interfaces/install/custom_msgs/include/custom_msgs/custom_msgs/msg/detail/logitech_input__traits.hpp
[21.791s] -- Installing: /home/mrs-rpi/ros2_custom_interfaces/install/custom_msgs/include/custom_msgs/custom_msgs/msg/detail/logitech_input__builder.hpp
[21.792s] -- Installing: /home/mrs-rpi/ros2_custom_interfaces/install/custom_msgs/include/custom_msgs/custom_msgs/msg/detail/controller_input__struct.hpp
[21.793s] -- Installing: /home/mrs-rpi/ros2_custom_interfaces/install/custom_msgs/include/custom_msgs/custom_msgs/msg/rosidl_generator_cpp__visibility_control.hpp
[21.795s] -- Installing: /home/mrs-rpi/ros2_custom_interfaces/install/custom_msgs/include/custom_msgs/custom_msgs/msg/controller_input.hpp
[21.796s] -- Installing: /home/mrs-rpi/ros2_custom_interfaces/install/custom_msgs/include/custom_msgs/custom_msgs/msg/logitech_input.hpp
[21.797s] -- Up-to-date: /home/mrs-rpi/ros2_custom_interfaces/install/custom_msgs/include/custom_msgs/custom_msgs
[21.798s] -- Up-to-date: /home/mrs-rpi/ros2_custom_interfaces/install/custom_msgs/include/custom_msgs/custom_msgs/msg
[21.798s] -- Up-to-date: /home/mrs-rpi/ros2_custom_interfaces/install/custom_msgs/include/custom_msgs/custom_msgs/msg/detail
[21.798s] -- Installing: /home/mrs-rpi/ros2_custom_interfaces/install/custom_msgs/include/custom_msgs/custom_msgs/msg/detail/controller_input__rosidl_typesupport_fastrtps_cpp.hpp
[21.800s] -- Installing: /home/mrs-rpi/ros2_custom_interfaces/install/custom_msgs/include/custom_msgs/custom_msgs/msg/detail/logitech_input__rosidl_typesupport_fastrtps_cpp.hpp
[21.801s] -- Up-to-date: /home/mrs-rpi/ros2_custom_interfaces/install/custom_msgs/include/custom_msgs/custom_msgs/msg/detail/dds_fastrtps
[21.802s] -- Up-to-date: /home/mrs-rpi/ros2_custom_interfaces/install/custom_msgs/include/custom_msgs/custom_msgs/msg/rosidl_typesupport_fastrtps_cpp__visibility_control.h
[21.803s] -- Installing: /home/mrs-rpi/ros2_custom_interfaces/install/custom_msgs/lib/libcustom_msgs__rosidl_typesupport_fastrtps_cpp.so
[21.806s] -- Set non-toolchain portion of runtime path of "/home/mrs-rpi/ros2_custom_interfaces/install/custom_msgs/lib/libcustom_msgs__rosidl_typesupport_fastrtps_cpp.so" to ""
[21.807s] -- Up-to-date: /home/mrs-rpi/ros2_custom_interfaces/install/custom_msgs/include/custom_msgs/custom_msgs
[21.807s] -- Up-to-date: /home/mrs-rpi/ros2_custom_interfaces/install/custom_msgs/include/custom_msgs/custom_msgs/msg
[21.808s] -- Up-to-date: /home/mrs-rpi/ros2_custom_interfaces/install/custom_msgs/include/custom_msgs/custom_msgs/msg/detail
[21.808s] -- Installing: /home/mrs-rpi/ros2_custom_interfaces/install/custom_msgs/include/custom_msgs/custom_msgs/msg/detail/controller_input__rosidl_typesupport_introspection_cpp.hpp
[21.809s] -- Installing: /home/mrs-rpi/ros2_custom_interfaces/install/custom_msgs/include/custom_msgs/custom_msgs/msg/detail/logitech_input__rosidl_typesupport_introspection_cpp.hpp
[21.811s] -- Installing: /home/mrs-rpi/ros2_custom_interfaces/install/custom_msgs/include/custom_msgs/custom_msgs/msg/detail/logitech_input__type_support.cpp
[21.812s] -- Installing: /home/mrs-rpi/ros2_custom_interfaces/install/custom_msgs/include/custom_msgs/custom_msgs/msg/detail/controller_input__type_support.cpp
[21.814s] -- Installing: /home/mrs-rpi/ros2_custom_interfaces/install/custom_msgs/lib/libcustom_msgs__rosidl_typesupport_introspection_cpp.so
[21.818s] -- Set non-toolchain portion of runtime path of "/home/mrs-rpi/ros2_custom_interfaces/install/custom_msgs/lib/libcustom_msgs__rosidl_typesupport_introspection_cpp.so" to ""
[21.819s] -- Installing: /home/mrs-rpi/ros2_custom_interfaces/install/custom_msgs/lib/libcustom_msgs__rosidl_typesupport_cpp.so
[21.822s] -- Set non-toolchain portion of runtime path of "/home/mrs-rpi/ros2_custom_interfaces/install/custom_msgs/lib/libcustom_msgs__rosidl_typesupport_cpp.so" to ""
[21.822s] -- Up-to-date: /home/mrs-rpi/ros2_custom_interfaces/install/custom_msgs/share/custom_msgs/environment/pythonpath.sh
[21.823s] -- Up-to-date: /home/mrs-rpi/ros2_custom_interfaces/install/custom_msgs/share/custom_msgs/environment/pythonpath.dsv
[21.823s] -- Up-to-date: /home/mrs-rpi/ros2_custom_interfaces/install/custom_msgs/lib/python3.12/site-packages/custom_msgs-0.0.0-py3.12.egg-info
[21.823s] -- Installing: /home/mrs-rpi/ros2_custom_interfaces/install/custom_msgs/lib/python3.12/site-packages/custom_msgs-0.0.0-py3.12.egg-info/dependency_links.txt
[21.824s] -- Installing: /home/mrs-rpi/ros2_custom_interfaces/install/custom_msgs/lib/python3.12/site-packages/custom_msgs-0.0.0-py3.12.egg-info/PKG-INFO
[21.826s] -- Installing: /home/mrs-rpi/ros2_custom_interfaces/install/custom_msgs/lib/python3.12/site-packages/custom_msgs-0.0.0-py3.12.egg-info/top_level.txt
[21.827s] -- Installing: /home/mrs-rpi/ros2_custom_interfaces/install/custom_msgs/lib/python3.12/site-packages/custom_msgs-0.0.0-py3.12.egg-info/SOURCES.txt
[21.828s] -- Up-to-date: /home/mrs-rpi/ros2_custom_interfaces/install/custom_msgs/lib/python3.12/site-packages/custom_msgs
[21.829s] -- Installing: /home/mrs-rpi/ros2_custom_interfaces/install/custom_msgs/lib/python3.12/site-packages/custom_msgs/custom_msgs_s__rosidl_typesupport_c.so
[21.831s] -- Installing: /home/mrs-rpi/ros2_custom_interfaces/install/custom_msgs/lib/python3.12/site-packages/custom_msgs/_custom_msgs_s.ep.rosidl_typesupport_fastrtps_c.c
[21.832s] -- Installing: /home/mrs-rpi/ros2_custom_interfaces/install/custom_msgs/lib/python3.12/site-packages/custom_msgs/_custom_msgs_s.ep.rosidl_typesupport_c.c
[21.833s] -- Up-to-date: /home/mrs-rpi/ros2_custom_interfaces/install/custom_msgs/lib/python3.12/site-packages/custom_msgs/msg
[21.834s] -- Installing: /home/mrs-rpi/ros2_custom_interfaces/install/custom_msgs/lib/python3.12/site-packages/custom_msgs/msg/_controller_input.py
[21.836s] -- Installing: /home/mrs-rpi/ros2_custom_interfaces/install/custom_msgs/lib/python3.12/site-packages/custom_msgs/msg/_logitech_input_s.c
[21.837s] -- Installing: /home/mrs-rpi/ros2_custom_interfaces/install/custom_msgs/lib/python3.12/site-packages/custom_msgs/msg/_controller_input_s.c
[21.838s] -- Installing: /home/mrs-rpi/ros2_custom_interfaces/install/custom_msgs/lib/python3.12/site-packages/custom_msgs/msg/_logitech_input.py
[21.839s] -- Installing: /home/mrs-rpi/ros2_custom_interfaces/install/custom_msgs/lib/python3.12/site-packages/custom_msgs/msg/__init__.py
[21.840s] -- Installing: /home/mrs-rpi/ros2_custom_interfaces/install/custom_msgs/lib/python3.12/site-packages/custom_msgs/custom_msgs_s__rosidl_typesupport_introspection_c.so
[21.842s] -- Installing: /home/mrs-rpi/ros2_custom_interfaces/install/custom_msgs/lib/python3.12/site-packages/custom_msgs/custom_msgs_s__rosidl_typesupport_fastrtps_c.so
[21.844s] -- Installing: /home/mrs-rpi/ros2_custom_interfaces/install/custom_msgs/lib/python3.12/site-packages/custom_msgs/__init__.py
[21.845s] -- Installing: /home/mrs-rpi/ros2_custom_interfaces/install/custom_msgs/lib/python3.12/site-packages/custom_msgs/_custom_msgs_s.ep.rosidl_typesupport_introspection_c.c
[22.027s] Listing '/home/mrs-rpi/ros2_custom_interfaces/install/custom_msgs/lib/python3.12/site-packages/custom_msgs'...
[22.028s] Compiling '/home/mrs-rpi/ros2_custom_interfaces/install/custom_msgs/lib/python3.12/site-packages/custom_msgs/__init__.py'...
[22.028s] Listing '/home/mrs-rpi/ros2_custom_interfaces/install/custom_msgs/lib/python3.12/site-packages/custom_msgs/msg'...
[22.029s] Compiling '/home/mrs-rpi/ros2_custom_interfaces/install/custom_msgs/lib/python3.12/site-packages/custom_msgs/msg/__init__.py'...
[22.030s] Compiling '/home/mrs-rpi/ros2_custom_interfaces/install/custom_msgs/lib/python3.12/site-packages/custom_msgs/msg/_controller_input.py'...
[22.031s] Compiling '/home/mrs-rpi/ros2_custom_interfaces/install/custom_msgs/lib/python3.12/site-packages/custom_msgs/msg/_logitech_input.py'...
[22.059s] -- Installing: /home/mrs-rpi/ros2_custom_interfaces/install/custom_msgs/lib/python3.12/site-packages/custom_msgs/custom_msgs_s__rosidl_typesupport_fastrtps_c.so
[22.061s] -- Set non-toolchain portion of runtime path of "/home/mrs-rpi/ros2_custom_interfaces/install/custom_msgs/lib/python3.12/site-packages/custom_msgs/custom_msgs_s__rosidl_typesupport_fastrtps_c.so" to ""
[22.063s] -- Installing: /home/mrs-rpi/ros2_custom_interfaces/install/custom_msgs/lib/python3.12/site-packages/custom_msgs/custom_msgs_s__rosidl_typesupport_introspection_c.so
[22.066s] -- Set non-toolchain portion of runtime path of "/home/mrs-rpi/ros2_custom_interfaces/install/custom_msgs/lib/python3.12/site-packages/custom_msgs/custom_msgs_s__rosidl_typesupport_introspection_c.so" to ""
[22.068s] -- Installing: /home/mrs-rpi/ros2_custom_interfaces/install/custom_msgs/lib/python3.12/site-packages/custom_msgs/custom_msgs_s__rosidl_typesupport_c.so
[22.072s] -- Set non-toolchain portion of runtime path of "/home/mrs-rpi/ros2_custom_interfaces/install/custom_msgs/lib/python3.12/site-packages/custom_msgs/custom_msgs_s__rosidl_typesupport_c.so" to ""
[22.074s] -- Installing: /home/mrs-rpi/ros2_custom_interfaces/install/custom_msgs/lib/libcustom_msgs__rosidl_generator_py.so
[22.077s] -- Set non-toolchain portion of runtime path of "/home/mrs-rpi/ros2_custom_interfaces/install/custom_msgs/lib/libcustom_msgs__rosidl_generator_py.so" to ""
[22.078s] -- Up-to-date: /home/mrs-rpi/ros2_custom_interfaces/install/custom_msgs/share/custom_msgs/msg/ControllerInput.idl
[22.078s] -- Installing: /home/mrs-rpi/ros2_custom_interfaces/install/custom_msgs/share/custom_msgs/msg/LogitechInput.idl
[22.079s] -- Up-to-date: /home/mrs-rpi/ros2_custom_interfaces/install/custom_msgs/share/custom_msgs/msg/ControllerInput.msg
[22.080s] -- Installing: /home/mrs-rpi/ros2_custom_interfaces/install/custom_msgs/share/custom_msgs/msg/LogitechInput.msg
[22.081s] -- Up-to-date: /home/mrs-rpi/ros2_custom_interfaces/install/custom_msgs/share/ament_index/resource_index/package_run_dependencies/custom_msgs
[22.082s] -- Installing: /home/mrs-rpi/ros2_custom_interfaces/install/custom_msgs/share/ament_index/resource_index/parent_prefix_path/custom_msgs
[22.083s] -- Up-to-date: /home/mrs-rpi/ros2_custom_interfaces/install/custom_msgs/share/custom_msgs/environment/ament_prefix_path.sh
[22.084s] -- Up-to-date: /home/mrs-rpi/ros2_custom_interfaces/install/custom_msgs/share/custom_msgs/environment/ament_prefix_path.dsv
[22.084s] -- Up-to-date: /home/mrs-rpi/ros2_custom_interfaces/install/custom_msgs/share/custom_msgs/environment/path.sh
[22.085s] -- Up-to-date: /home/mrs-rpi/ros2_custom_interfaces/install/custom_msgs/share/custom_msgs/environment/path.dsv
[22.085s] -- Up-to-date: /home/mrs-rpi/ros2_custom_interfaces/install/custom_msgs/share/custom_msgs/local_setup.bash
[22.085s] -- Up-to-date: /home/mrs-rpi/ros2_custom_interfaces/install/custom_msgs/share/custom_msgs/local_setup.sh
[22.086s] -- Up-to-date: /home/mrs-rpi/ros2_custom_interfaces/install/custom_msgs/share/custom_msgs/local_setup.zsh
[22.086s] -- Up-to-date: /home/mrs-rpi/ros2_custom_interfaces/install/custom_msgs/share/custom_msgs/local_setup.dsv
[22.087s] -- Installing: /home/mrs-rpi/ros2_custom_interfaces/install/custom_msgs/share/custom_msgs/package.dsv
[22.088s] -- Up-to-date: /home/mrs-rpi/ros2_custom_interfaces/install/custom_msgs/share/ament_index/resource_index/packages/custom_msgs
[22.088s] -- Up-to-date: /home/mrs-rpi/ros2_custom_interfaces/install/custom_msgs/share/custom_msgs/cmake/export_custom_msgs__rosidl_generator_cExport.cmake
[22.089s] -- Up-to-date: /home/mrs-rpi/ros2_custom_interfaces/install/custom_msgs/share/custom_msgs/cmake/export_custom_msgs__rosidl_generator_cExport-noconfig.cmake
[22.090s] -- Up-to-date: /home/mrs-rpi/ros2_custom_interfaces/install/custom_msgs/share/custom_msgs/cmake/export_custom_msgs__rosidl_typesupport_fastrtps_cExport.cmake
[22.090s] -- Up-to-date: /home/mrs-rpi/ros2_custom_interfaces/install/custom_msgs/share/custom_msgs/cmake/export_custom_msgs__rosidl_typesupport_fastrtps_cExport-noconfig.cmake
[22.091s] -- Up-to-date: /home/mrs-rpi/ros2_custom_interfaces/install/custom_msgs/share/custom_msgs/cmake/custom_msgs__rosidl_typesupport_introspection_cExport.cmake
[22.092s] -- Up-to-date: /home/mrs-rpi/ros2_custom_interfaces/install/custom_msgs/share/custom_msgs/cmake/custom_msgs__rosidl_typesupport_introspection_cExport-noconfig.cmake
[22.092s] -- Up-to-date: /home/mrs-rpi/ros2_custom_interfaces/install/custom_msgs/share/custom_msgs/cmake/custom_msgs__rosidl_typesupport_cExport.cmake
[22.093s] -- Up-to-date: /home/mrs-rpi/ros2_custom_interfaces/install/custom_msgs/share/custom_msgs/cmake/custom_msgs__rosidl_typesupport_cExport-noconfig.cmake
[22.094s] -- Up-to-date: /home/mrs-rpi/ros2_custom_interfaces/install/custom_msgs/share/custom_msgs/cmake/export_custom_msgs__rosidl_generator_cppExport.cmake
[22.110s] -- Up-to-date: /home/mrs-rpi/ros2_custom_interfaces/install/custom_msgs/share/custom_msgs/cmake/export_custom_msgs__rosidl_typesupport_fastrtps_cppExport.cmake
[22.111s] -- Up-to-date: /home/mrs-rpi/ros2_custom_interfaces/install/custom_msgs/share/custom_msgs/cmake/export_custom_msgs__rosidl_typesupport_fastrtps_cppExport-noconfig.cmake
[22.111s] -- Up-to-date: /home/mrs-rpi/ros2_custom_interfaces/install/custom_msgs/share/custom_msgs/cmake/custom_msgs__rosidl_typesupport_introspection_cppExport.cmake
[22.112s] -- Up-to-date: /home/mrs-rpi/ros2_custom_interfaces/install/custom_msgs/share/custom_msgs/cmake/custom_msgs__rosidl_typesupport_introspection_cppExport-noconfig.cmake
[22.112s] -- Up-to-date: /home/mrs-rpi/ros2_custom_interfaces/install/custom_msgs/share/custom_msgs/cmake/custom_msgs__rosidl_typesupport_cppExport.cmake
[22.112s] -- Up-to-date: /home/mrs-rpi/ros2_custom_interfaces/install/custom_msgs/share/custom_msgs/cmake/custom_msgs__rosidl_typesupport_cppExport-noconfig.cmake
[22.113s] -- Up-to-date: /home/mrs-rpi/ros2_custom_interfaces/install/custom_msgs/share/custom_msgs/cmake/export_custom_msgs__rosidl_generator_pyExport.cmake
[22.113s] -- Up-to-date: /home/mrs-rpi/ros2_custom_interfaces/install/custom_msgs/share/custom_msgs/cmake/export_custom_msgs__rosidl_generator_pyExport-noconfig.cmake
[22.114s] -- Up-to-date: /home/mrs-rpi/ros2_custom_interfaces/install/custom_msgs/share/custom_msgs/cmake/rosidl_cmake-extras.cmake
[22.114s] -- Up-to-date: /home/mrs-rpi/ros2_custom_interfaces/install/custom_msgs/share/custom_msgs/cmake/ament_cmake_export_include_directories-extras.cmake
[22.115s] -- Up-to-date: /home/mrs-rpi/ros2_custom_interfaces/install/custom_msgs/share/custom_msgs/cmake/ament_cmake_export_libraries-extras.cmake
[22.115s] -- Up-to-date: /home/mrs-rpi/ros2_custom_interfaces/install/custom_msgs/share/custom_msgs/cmake/ament_cmake_export_targets-extras.cmake
[22.116s] -- Up-to-date: /home/mrs-rpi/ros2_custom_interfaces/install/custom_msgs/share/custom_msgs/cmake/rosidl_cmake_export_typesupport_targets-extras.cmake
[22.116s] -- Up-to-date: /home/mrs-rpi/ros2_custom_interfaces/install/custom_msgs/share/custom_msgs/cmake/ament_cmake_export_dependencies-extras.cmake
[22.117s] -- Up-to-date: /home/mrs-rpi/ros2_custom_interfaces/install/custom_msgs/share/custom_msgs/cmake/rosidl_cmake_export_typesupport_libraries-extras.cmake
[22.118s] -- Up-to-date: /home/mrs-rpi/ros2_custom_interfaces/install/custom_msgs/share/custom_msgs/cmake/custom_msgsConfig.cmake
[22.118s] -- Up-to-date: /home/mrs-rpi/ros2_custom_interfaces/install/custom_msgs/share/custom_msgs/cmake/custom_msgsConfig-version.cmake
[22.119s] -- Up-to-date: /home/mrs-rpi/ros2_custom_interfaces/install/custom_msgs/share/custom_msgs/package.xml
[22.122s] Invoked command in '/home/mrs-rpi/ros2_custom_interfaces/build/custom_msgs' returned '0': CMAKE_PREFIX_PATH=${CMAKE_PREFIX_PATH}:/opt/ros/jazzy /usr/bin/cmake --install /home/mrs-rpi/ros2_custom_interfaces/build/custom_msgs
