[0.687s] DEBUG:colcon:Command line arguments: ['/usr/bin/colcon', 'build']
[0.688s] DEBUG:colcon:Parsed command line arguments: Namespace(log_base=None, log_level=None, verb_name='build', build_base='build', install_base='install', merge_install=False, symlink_install=False, test_result_base=None, continue_on_error=False, executor='parallel', parallel_workers=4, event_handlers=None, ignore_user_meta=False, metas=['./colcon.meta'], base_paths=['.'], packages_ignore=None, packages_ignore_regex=None, paths=None, packages_up_to=None, packages_up_to_regex=None, packages_above=None, packages_above_and_dependencies=None, packages_above_depth=None, packages_select_by_dep=None, packages_skip_by_dep=None, packages_skip_up_to=None, packages_select_build_failed=False, packages_skip_build_finished=False, packages_select_test_failures=False, packages_skip_test_passed=False, packages_select=None, packages_skip=None, packages_select_regex=None, packages_skip_regex=None, packages_start=None, packages_end=None, allow_overriding=[], cmake_args=None, cmake_target=None, cmake_target_skip_unavailable=False, cmake_clean_cache=False, cmake_clean_first=False, cmake_force_configure=False, ament_cmake_args=None, catkin_cmake_args=None, catkin_skip_building_tests=False, mixin_files=None, mixin=None, verb_parser=<colcon_mixin.mixin.mixin_argument.MixinArgumentDecorator object at 0xffff835f2540>, verb_extension=<colcon_core.verb.build.BuildVerb object at 0xffff837a2de0>, main=<bound method BuildVerb.main of <colcon_core.verb.build.BuildVerb object at 0xffff837a2de0>>, mixin_verb=('build',))
[0.993s] Level 1:colcon.colcon_core.package_discovery:discover_packages(colcon_meta) check parameters
[0.993s] Level 1:colcon.colcon_core.package_discovery:discover_packages(recursive) check parameters
[0.993s] Level 1:colcon.colcon_core.package_discovery:discover_packages(ignore) check parameters
[0.993s] Level 1:colcon.colcon_core.package_discovery:discover_packages(path) check parameters
[0.994s] Level 1:colcon.colcon_core.package_discovery:discover_packages(colcon_meta) discover
[0.994s] Level 1:colcon.colcon_core.package_discovery:discover_packages(recursive) discover
[0.994s] INFO:colcon.colcon_core.package_discovery:Crawling recursively for packages in '/home/mrs-rpi/ros2_ws'
[0.994s] Level 1:colcon.colcon_core.package_identification:_identify(.) by extensions ['ignore', 'ignore_ament_install']
[0.995s] Level 1:colcon.colcon_core.package_identification:_identify(.) by extension 'ignore'
[0.995s] Level 1:colcon.colcon_core.package_identification:_identify(.) by extension 'ignore_ament_install'
[0.995s] Level 1:colcon.colcon_core.package_identification:_identify(.) by extensions ['colcon_pkg']
[0.995s] Level 1:colcon.colcon_core.package_identification:_identify(.) by extension 'colcon_pkg'
[0.996s] Level 1:colcon.colcon_core.package_identification:_identify(.) by extensions ['colcon_meta']
[0.996s] Level 1:colcon.colcon_core.package_identification:_identify(.) by extension 'colcon_meta'
[0.996s] Level 1:colcon.colcon_core.package_identification:_identify(.) by extensions ['ros']
[0.996s] Level 1:colcon.colcon_core.package_identification:_identify(.) by extension 'ros'
[1.158s] Level 1:colcon.colcon_core.package_identification:_identify(.) by extensions ['cmake', 'python']
[1.158s] Level 1:colcon.colcon_core.package_identification:_identify(.) by extension 'cmake'
[1.159s] Level 1:colcon.colcon_core.package_identification:_identify(.) by extension 'python'
[1.159s] Level 1:colcon.colcon_core.package_identification:_identify(.) by extensions ['python_setup_py']
[1.159s] Level 1:colcon.colcon_core.package_identification:_identify(.) by extension 'python_setup_py'
[1.159s] Level 1:colcon.colcon_core.package_identification:_identify(build) by extensions ['ignore', 'ignore_ament_install']
[1.160s] Level 1:colcon.colcon_core.package_identification:_identify(build) by extension 'ignore'
[1.160s] Level 1:colcon.colcon_core.package_identification:_identify(build) ignored
[1.160s] Level 1:colcon.colcon_core.package_identification:_identify(install) by extensions ['ignore', 'ignore_ament_install']
[1.161s] Level 1:colcon.colcon_core.package_identification:_identify(install) by extension 'ignore'
[1.161s] Level 1:colcon.colcon_core.package_identification:_identify(install) ignored
[1.162s] Level 1:colcon.colcon_core.package_identification:_identify(log) by extensions ['ignore', 'ignore_ament_install']
[1.162s] Level 1:colcon.colcon_core.package_identification:_identify(log) by extension 'ignore'
[1.162s] Level 1:colcon.colcon_core.package_identification:_identify(log) ignored
[1.162s] Level 1:colcon.colcon_core.package_identification:_identify(src) by extensions ['ignore', 'ignore_ament_install']
[1.163s] Level 1:colcon.colcon_core.package_identification:_identify(src) by extension 'ignore'
[1.163s] Level 1:colcon.colcon_core.package_identification:_identify(src) by extension 'ignore_ament_install'
[1.163s] Level 1:colcon.colcon_core.package_identification:_identify(src) by extensions ['colcon_pkg']
[1.163s] Level 1:colcon.colcon_core.package_identification:_identify(src) by extension 'colcon_pkg'
[1.163s] Level 1:colcon.colcon_core.package_identification:_identify(src) by extensions ['colcon_meta']
[1.163s] Level 1:colcon.colcon_core.package_identification:_identify(src) by extension 'colcon_meta'
[1.164s] Level 1:colcon.colcon_core.package_identification:_identify(src) by extensions ['ros']
[1.164s] Level 1:colcon.colcon_core.package_identification:_identify(src) by extension 'ros'
[1.164s] Level 1:colcon.colcon_core.package_identification:_identify(src) by extensions ['cmake', 'python']
[1.164s] Level 1:colcon.colcon_core.package_identification:_identify(src) by extension 'cmake'
[1.164s] Level 1:colcon.colcon_core.package_identification:_identify(src) by extension 'python'
[1.164s] Level 1:colcon.colcon_core.package_identification:_identify(src) by extensions ['python_setup_py']
[1.165s] Level 1:colcon.colcon_core.package_identification:_identify(src) by extension 'python_setup_py'
[1.165s] Level 1:colcon.colcon_core.package_identification:_identify(src/rpi_controller) by extensions ['ignore', 'ignore_ament_install']
[1.165s] Level 1:colcon.colcon_core.package_identification:_identify(src/rpi_controller) by extension 'ignore'
[1.165s] Level 1:colcon.colcon_core.package_identification:_identify(src/rpi_controller) by extension 'ignore_ament_install'
[1.166s] Level 1:colcon.colcon_core.package_identification:_identify(src/rpi_controller) by extensions ['colcon_pkg']
[1.166s] Level 1:colcon.colcon_core.package_identification:_identify(src/rpi_controller) by extension 'colcon_pkg'
[1.166s] Level 1:colcon.colcon_core.package_identification:_identify(src/rpi_controller) by extensions ['colcon_meta']
[1.166s] Level 1:colcon.colcon_core.package_identification:_identify(src/rpi_controller) by extension 'colcon_meta'
[1.166s] Level 1:colcon.colcon_core.package_identification:_identify(src/rpi_controller) by extensions ['ros']
[1.166s] Level 1:colcon.colcon_core.package_identification:_identify(src/rpi_controller) by extension 'ros'
[1.180s] DEBUG:colcon.colcon_core.package_identification:Package 'src/rpi_controller' with type 'ros.ament_python' and name 'rpi_controller'
[1.181s] Level 1:colcon.colcon_core.package_discovery:discover_packages(recursive) using defaults
[1.181s] Level 1:colcon.colcon_core.package_discovery:discover_packages(ignore) discover
[1.181s] Level 1:colcon.colcon_core.package_discovery:discover_packages(ignore) using defaults
[1.181s] Level 1:colcon.colcon_core.package_discovery:discover_packages(path) discover
[1.181s] Level 1:colcon.colcon_core.package_discovery:discover_packages(path) using defaults
[1.300s] Level 1:colcon.colcon_core.package_discovery:discover_packages(prefix_path) check parameters
[1.301s] Level 1:colcon.colcon_core.package_discovery:discover_packages(prefix_path) discover
[1.315s] DEBUG:colcon.colcon_installed_package_information.package_discovery:Found 1 installed packages in /home/mrs-rpi/ros2_ws/install
[1.317s] DEBUG:colcon.colcon_installed_package_information.package_discovery:Found 1 installed packages in /home/mrs-rpi/install
[1.329s] DEBUG:colcon.colcon_installed_package_information.package_discovery:Found 285 installed packages in /opt/ros/jazzy
[1.337s] Level 1:colcon.colcon_core.package_discovery:discover_packages(prefix_path) using defaults
[1.535s] Level 5:colcon.colcon_core.verb:set package 'rpi_controller' build argument 'cmake_args' from command line to 'None'
[1.535s] Level 5:colcon.colcon_core.verb:set package 'rpi_controller' build argument 'cmake_target' from command line to 'None'
[1.536s] Level 5:colcon.colcon_core.verb:set package 'rpi_controller' build argument 'cmake_target_skip_unavailable' from command line to 'False'
[1.536s] Level 5:colcon.colcon_core.verb:set package 'rpi_controller' build argument 'cmake_clean_cache' from command line to 'False'
[1.536s] Level 5:colcon.colcon_core.verb:set package 'rpi_controller' build argument 'cmake_clean_first' from command line to 'False'
[1.536s] Level 5:colcon.colcon_core.verb:set package 'rpi_controller' build argument 'cmake_force_configure' from command line to 'False'
[1.536s] Level 5:colcon.colcon_core.verb:set package 'rpi_controller' build argument 'ament_cmake_args' from command line to 'None'
[1.536s] Level 5:colcon.colcon_core.verb:set package 'rpi_controller' build argument 'catkin_cmake_args' from command line to 'None'
[1.536s] Level 5:colcon.colcon_core.verb:set package 'rpi_controller' build argument 'catkin_skip_building_tests' from command line to 'False'
[1.536s] DEBUG:colcon.colcon_core.verb:Building package 'rpi_controller' with the following arguments: {'ament_cmake_args': None, 'build_base': '/home/mrs-rpi/ros2_ws/build/rpi_controller', 'catkin_cmake_args': None, 'catkin_skip_building_tests': False, 'cmake_args': None, 'cmake_clean_cache': False, 'cmake_clean_first': False, 'cmake_force_configure': False, 'cmake_target': None, 'cmake_target_skip_unavailable': False, 'install_base': '/home/mrs-rpi/ros2_ws/install/rpi_controller', 'merge_install': False, 'path': '/home/mrs-rpi/ros2_ws/src/rpi_controller', 'symlink_install': False, 'test_result_base': None}
[1.537s] INFO:colcon.colcon_core.executor:Executing jobs using 'parallel' executor
[1.540s] DEBUG:colcon.colcon_parallel_executor.executor.parallel:run_until_complete
[1.541s] INFO:colcon.colcon_ros.task.ament_python.build:Building ROS package in '/home/mrs-rpi/ros2_ws/src/rpi_controller' with build type 'ament_python'
[1.541s] Level 1:colcon.colcon_core.shell:create_environment_hook('rpi_controller', 'ament_prefix_path')
[1.559s] INFO:colcon.colcon_core.plugin_system:Skipping extension 'colcon_core.shell.bat': Not used on non-Windows systems
[1.560s] INFO:colcon.colcon_core.shell:Creating environment hook '/home/mrs-rpi/ros2_ws/install/rpi_controller/share/rpi_controller/hook/ament_prefix_path.ps1'
[1.564s] INFO:colcon.colcon_core.shell:Creating environment descriptor '/home/mrs-rpi/ros2_ws/install/rpi_controller/share/rpi_controller/hook/ament_prefix_path.dsv'
[1.566s] INFO:colcon.colcon_core.shell:Creating environment hook '/home/mrs-rpi/ros2_ws/install/rpi_controller/share/rpi_controller/hook/ament_prefix_path.sh'
[1.570s] INFO:colcon.colcon_core.shell:Skip shell extension 'powershell' for command environment: Not usable outside of PowerShell
[1.570s] DEBUG:colcon.colcon_core.shell:Skip shell extension 'dsv' for command environment
[2.543s] INFO:colcon.colcon_core.task.python.build:Building Python package in '/home/mrs-rpi/ros2_ws/src/rpi_controller'
[2.543s] INFO:colcon.colcon_core.shell:Skip shell extension 'powershell' for command environment: Not usable outside of PowerShell
[2.544s] DEBUG:colcon.colcon_core.shell:Skip shell extension 'dsv' for command environment
[5.969s] DEBUG:colcon.colcon_core.event_handler.log_command:Invoking command in '/home/mrs-rpi/ros2_ws/src/rpi_controller': PYTHONPATH=/home/mrs-rpi/ros2_ws/build/rpi_controller/prefix_override:/usr/lib/python3/dist-packages/colcon_core/task/python/colcon_distutils_commands:/home/mrs-rpi/ros2_ws/install/rpi_controller/lib/python3.12/site-packages:${PYTHONPATH} /usr/bin/python3 -W ignore:setup.py install is deprecated -W ignore:easy_install command is deprecated setup.py egg_info --egg-base ../../build/rpi_controller build --build-base /home/mrs-rpi/ros2_ws/build/rpi_controller/build install --record /home/mrs-rpi/ros2_ws/build/rpi_controller/install.log --single-version-externally-managed install_data
[8.386s] DEBUG:colcon.colcon_core.event_handler.log_command:Invoked command in '/home/mrs-rpi/ros2_ws/src/rpi_controller' returned '0': PYTHONPATH=/home/mrs-rpi/ros2_ws/build/rpi_controller/prefix_override:/usr/lib/python3/dist-packages/colcon_core/task/python/colcon_distutils_commands:/home/mrs-rpi/ros2_ws/install/rpi_controller/lib/python3.12/site-packages:${PYTHONPATH} /usr/bin/python3 -W ignore:setup.py install is deprecated -W ignore:easy_install command is deprecated setup.py egg_info --egg-base ../../build/rpi_controller build --build-base /home/mrs-rpi/ros2_ws/build/rpi_controller/build install --record /home/mrs-rpi/ros2_ws/build/rpi_controller/install.log --single-version-externally-managed install_data
[8.407s] Level 1:colcon.colcon_core.environment:checking '/home/mrs-rpi/ros2_ws/install/rpi_controller' for CMake module files
[8.410s] Level 1:colcon.colcon_core.environment:checking '/home/mrs-rpi/ros2_ws/install/rpi_controller' for CMake config files
[8.414s] Level 1:colcon.colcon_core.environment:checking '/home/mrs-rpi/ros2_ws/install/rpi_controller/lib'
[8.415s] Level 1:colcon.colcon_core.environment:checking '/home/mrs-rpi/ros2_ws/install/rpi_controller/bin'
[8.415s] Level 1:colcon.colcon_core.environment:checking '/home/mrs-rpi/ros2_ws/install/rpi_controller/lib/pkgconfig/rpi_controller.pc'
[8.416s] Level 1:colcon.colcon_core.environment:checking '/home/mrs-rpi/ros2_ws/install/rpi_controller/lib/python3.12/site-packages'
[8.417s] Level 1:colcon.colcon_core.shell:create_environment_hook('rpi_controller', 'pythonpath')
[8.418s] INFO:colcon.colcon_core.shell:Creating environment hook '/home/mrs-rpi/ros2_ws/install/rpi_controller/share/rpi_controller/hook/pythonpath.ps1'
[8.419s] INFO:colcon.colcon_core.shell:Creating environment descriptor '/home/mrs-rpi/ros2_ws/install/rpi_controller/share/rpi_controller/hook/pythonpath.dsv'
[8.421s] INFO:colcon.colcon_core.shell:Creating environment hook '/home/mrs-rpi/ros2_ws/install/rpi_controller/share/rpi_controller/hook/pythonpath.sh'
[8.424s] Level 1:colcon.colcon_core.environment:checking '/home/mrs-rpi/ros2_ws/install/rpi_controller/bin'
[8.425s] Level 1:colcon.colcon_core.environment:create_environment_scripts_only(rpi_controller)
[8.426s] INFO:colcon.colcon_core.shell:Creating package script '/home/mrs-rpi/ros2_ws/install/rpi_controller/share/rpi_controller/package.ps1'
[8.429s] INFO:colcon.colcon_core.shell:Creating package descriptor '/home/mrs-rpi/ros2_ws/install/rpi_controller/share/rpi_controller/package.dsv'
[8.432s] INFO:colcon.colcon_core.shell:Creating package script '/home/mrs-rpi/ros2_ws/install/rpi_controller/share/rpi_controller/package.sh'
[8.435s] INFO:colcon.colcon_core.shell:Creating package script '/home/mrs-rpi/ros2_ws/install/rpi_controller/share/rpi_controller/package.bash'
[8.440s] INFO:colcon.colcon_core.shell:Creating package script '/home/mrs-rpi/ros2_ws/install/rpi_controller/share/rpi_controller/package.zsh'
[8.443s] Level 1:colcon.colcon_core.environment:create_file_with_runtime_dependencies(/home/mrs-rpi/ros2_ws/install/rpi_controller/share/colcon-core/packages/rpi_controller)
[8.445s] DEBUG:colcon.colcon_parallel_executor.executor.parallel:closing loop
[8.446s] DEBUG:colcon.colcon_parallel_executor.executor.parallel:loop closed
[8.447s] DEBUG:colcon.colcon_parallel_executor.executor.parallel:run_until_complete finished with '0'
[8.447s] DEBUG:colcon.colcon_core.event_reactor:joining thread
[8.474s] INFO:colcon.colcon_core.plugin_system:Skipping extension 'colcon_notification.desktop_notification.notify_send': Could not find 'notify-send'
[8.474s] INFO:colcon.colcon_core.plugin_system:Skipping extension 'colcon_notification.desktop_notification.terminal_notifier': Not used on non-Darwin systems
[8.474s] INFO:colcon.colcon_core.plugin_system:Skipping extension 'colcon_notification.desktop_notification.win32': Not used on non-Windows systems
[8.475s] INFO:colcon.colcon_notification.desktop_notification:Sending desktop notification using 'notify2'
[8.524s] DEBUG:colcon.colcon_notification.desktop_notification.notify2:Failed to initialize notify2: org.freedesktop.DBus.Error.ServiceUnknown: The name org.freedesktop.Notifications was not provided by any .service files
[8.524s] DEBUG:colcon.colcon_core.event_reactor:joined thread
[8.525s] INFO:colcon.colcon_core.shell:Creating prefix script '/home/mrs-rpi/ros2_ws/install/local_setup.ps1'
[8.529s] INFO:colcon.colcon_core.shell:Creating prefix util module '/home/mrs-rpi/ros2_ws/install/_local_setup_util_ps1.py'
[8.536s] INFO:colcon.colcon_core.shell:Creating prefix chain script '/home/mrs-rpi/ros2_ws/install/setup.ps1'
[8.541s] INFO:colcon.colcon_core.shell:Creating prefix script '/home/mrs-rpi/ros2_ws/install/local_setup.sh'
[8.544s] INFO:colcon.colcon_core.shell:Creating prefix util module '/home/mrs-rpi/ros2_ws/install/_local_setup_util_sh.py'
[8.546s] INFO:colcon.colcon_core.shell:Creating prefix chain script '/home/mrs-rpi/ros2_ws/install/setup.sh'
[8.551s] INFO:colcon.colcon_core.shell:Creating prefix script '/home/mrs-rpi/ros2_ws/install/local_setup.bash'
[8.554s] INFO:colcon.colcon_core.shell:Creating prefix chain script '/home/mrs-rpi/ros2_ws/install/setup.bash'
[8.558s] INFO:colcon.colcon_core.shell:Creating prefix script '/home/mrs-rpi/ros2_ws/install/local_setup.zsh'
[8.562s] INFO:colcon.colcon_core.shell:Creating prefix chain script '/home/mrs-rpi/ros2_ws/install/setup.zsh'
