[0.058s] Invoking command in '/home/mrs-rpi/ros2_custom_interfaces/build/custom_msgs': CMAKE_PREFIX_PATH=${CMAKE_PREFIX_PATH}:/opt/ros/jazzy /usr/bin/cmake /home/mrs-rpi/ros2_custom_interfaces/src/custom_msgs -DCMAKE_INSTALL_PREFIX=/home/mrs-rpi/ros2_custom_interfaces/install/custom_msgs
[1.903s] -- The C compiler identification is GNU 13.3.0
[3.132s] -- The CXX compiler identification is GNU 13.3.0
[3.249s] -- Detecting C compiler ABI info
[3.820s] -- Detecting C compiler ABI info - done
[3.855s] -- Check for working C compiler: /usr/bin/cc - skipped
[3.857s] -- Detecting C compile features
[3.860s] -- Detecting C compile features - done
[3.911s] -- Detecting CXX compiler ABI info
[4.428s] -- Detecting CXX compiler ABI info - done
[4.463s] -- Check for working CXX compiler: /usr/bin/c++ - skipped
[4.464s] -- Detecting CXX compile features
[4.466s] -- Detecting CXX compile features - done
[4.502s] -- Found ament_cmake: 2.5.4 (/opt/ros/jazzy/share/ament_cmake/cmake)
[5.254s] -- Found Python3: /usr/bin/python3 (found version "3.12.3") found components: Interpreter 
[6.038s] -- Found ament_lint_auto: 0.17.3 (/opt/ros/jazzy/share/ament_lint_auto/cmake)
[6.065s] -- Found rosidl_default_generators: 1.6.0 (/opt/ros/jazzy/share/rosidl_default_generators/cmake)
[6.125s] -- Using all available rosidl_typesupport_c: rosidl_typesupport_fastrtps_c;rosidl_typesupport_introspection_c
[6.590s] -- Using all available rosidl_typesupport_cpp: rosidl_typesupport_fastrtps_cpp;rosidl_typesupport_introspection_cpp
[6.950s] -- Found rosidl_adapter: 4.6.6 (/opt/ros/jazzy/share/rosidl_adapter/cmake)
[6.986s] -- Found std_msgs: 5.3.6 (/opt/ros/jazzy/share/std_msgs/cmake)
[10.079s] -- Found ament_cmake_ros: 0.12.0 (/opt/ros/jazzy/share/ament_cmake_ros/cmake)
[12.172s] -- Using all available rosidl_typesupport_c: rosidl_typesupport_fastrtps_c;rosidl_typesupport_introspection_c
[14.843s] -- Using all available rosidl_typesupport_cpp: rosidl_typesupport_fastrtps_cpp;rosidl_typesupport_introspection_cpp
[14.872s] -- Found python_cmake_module: 0.11.1 (/opt/ros/jazzy/share/python_cmake_module/cmake)
[15.530s] -- Found PythonExtra: /usr/bin/python3  
[17.598s] -- Found Python3: /usr/bin/python3 (found version "3.12.3") found components: Interpreter Development NumPy Development.Module Development.Embed 
[17.774s] -- Added test 'lint_cmake' to check CMake code style
[17.786s] -- Added test 'xmllint' to check XML markup files
[17.829s] -- Configuring done (17.4s)
[18.014s] -- Generating done (0.1s)
[18.061s] -- Build files have been written to: /home/mrs-rpi/ros2_custom_interfaces/build/custom_msgs
[18.102s] Invoked command in '/home/mrs-rpi/ros2_custom_interfaces/build/custom_msgs' returned '0': CMAKE_PREFIX_PATH=${CMAKE_PREFIX_PATH}:/opt/ros/jazzy /usr/bin/cmake /home/mrs-rpi/ros2_custom_interfaces/src/custom_msgs -DCMAKE_INSTALL_PREFIX=/home/mrs-rpi/ros2_custom_interfaces/install/custom_msgs
[18.108s] Invoking command in '/home/mrs-rpi/ros2_custom_interfaces/build/custom_msgs': CMAKE_PREFIX_PATH=${CMAKE_PREFIX_PATH}:/opt/ros/jazzy /usr/bin/cmake --build /home/mrs-rpi/ros2_custom_interfaces/build/custom_msgs -- -j4 -l4
[18.373s] [  2%] [34m[1mGenerating type hashes for ROS interfaces[0m
[18.417s] [  2%] Built target ament_cmake_python_copy_custom_msgs
[19.295s] [  2%] Built target custom_msgs__rosidl_generator_type_description
[19.349s] [  5%] [34m[1mGenerating C code for ROS interfaces[0m
[19.407s] [  8%] [34m[1mGenerating C++ code for ROS interfaces[0m
[19.634s] running egg_info
[19.638s] creating custom_msgs.egg-info
[19.787s] writing custom_msgs.egg-info/PKG-INFO
[19.788s] writing dependency_links to custom_msgs.egg-info/dependency_links.txt
[19.789s] writing top-level names to custom_msgs.egg-info/top_level.txt
[19.790s] writing manifest file 'custom_msgs.egg-info/SOURCES.txt'
[20.140s] reading manifest file 'custom_msgs.egg-info/SOURCES.txt'
[20.142s] writing manifest file 'custom_msgs.egg-info/SOURCES.txt'
[20.308s] [  8%] Built target ament_cmake_python_build_custom_msgs_egg
[20.667s] [  8%] Built target custom_msgs__cpp
[20.791s] [ 11%] [32mBuilding C object CMakeFiles/custom_msgs__rosidl_generator_c.dir/rosidl_generator_c/custom_msgs/msg/detail/controller_input__description.c.o[0m
[20.793s] [ 14%] [32mBuilding C object CMakeFiles/custom_msgs__rosidl_generator_c.dir/rosidl_generator_c/custom_msgs/msg/detail/controller_input__functions.c.o[0m
[20.796s] [ 17%] [32mBuilding C object CMakeFiles/custom_msgs__rosidl_generator_c.dir/rosidl_generator_c/custom_msgs/msg/detail/controller_input__type_support.c.o[0m
[21.204s] [ 20%] [32m[1mLinking C shared library libcustom_msgs__rosidl_generator_c.so[0m
[21.406s] [ 20%] Built target custom_msgs__rosidl_generator_c
[21.465s] [ 23%] [34m[1mGenerating C introspection for ROS interfaces[0m
[21.470s] [ 26%] [34m[1mGenerating C++ introspection for ROS interfaces[0m
[21.471s] [ 29%] [34m[1mGenerating C type support dispatch for ROS interfaces[0m
[21.473s] [ 32%] [34m[1mGenerating C++ type support dispatch for ROS interfaces[0m
[22.827s] [ 35%] [32mBuilding CXX object CMakeFiles/custom_msgs__rosidl_typesupport_cpp.dir/rosidl_typesupport_cpp/custom_msgs/msg/controller_input__type_support.cpp.o[0m
[22.834s] [ 38%] [32mBuilding CXX object CMakeFiles/custom_msgs__rosidl_typesupport_c.dir/rosidl_typesupport_c/custom_msgs/msg/controller_input__type_support.cpp.o[0m
[22.926s] [ 41%] [32mBuilding C object CMakeFiles/custom_msgs__rosidl_typesupport_introspection_c.dir/rosidl_typesupport_introspection_c/custom_msgs/msg/detail/controller_input__type_support.c.o[0m
[22.935s] [ 44%] [32mBuilding CXX object CMakeFiles/custom_msgs__rosidl_typesupport_introspection_cpp.dir/rosidl_typesupport_introspection_cpp/custom_msgs/msg/detail/controller_input__type_support.cpp.o[0m
[23.153s] [ 47%] [32m[1mLinking C shared library libcustom_msgs__rosidl_typesupport_introspection_c.so[0m
[23.313s] [ 50%] [32m[1mLinking CXX shared library libcustom_msgs__rosidl_typesupport_c.so[0m
[23.335s] [ 50%] Built target custom_msgs__rosidl_typesupport_introspection_c
[23.394s] [ 52%] [34m[1mGenerating C++ type support for eProsima Fast-RTPS[0m
[23.537s] [ 52%] Built target custom_msgs__rosidl_typesupport_c
[23.607s] [ 55%] [34m[1mGenerating C type support for eProsima Fast-RTPS[0m
[24.938s] [ 58%] [32mBuilding CXX object CMakeFiles/custom_msgs__rosidl_typesupport_fastrtps_cpp.dir/rosidl_typesupport_fastrtps_cpp/custom_msgs/msg/detail/dds_fastrtps/controller_input__type_support.cpp.o[0m
[25.216s] [ 61%] [32mBuilding CXX object CMakeFiles/custom_msgs__rosidl_typesupport_fastrtps_c.dir/rosidl_typesupport_fastrtps_c/custom_msgs/msg/detail/controller_input__type_support_c.cpp.o[0m
[25.353s] [ 64%] [32m[1mLinking CXX shared library libcustom_msgs__rosidl_typesupport_cpp.so[0m
[25.545s] [ 67%] [32m[1mLinking CXX shared library libcustom_msgs__rosidl_typesupport_introspection_cpp.so[0m
[25.582s] [ 67%] Built target custom_msgs__rosidl_typesupport_cpp
[25.938s] [ 67%] Built target custom_msgs__rosidl_typesupport_introspection_cpp
[27.548s] [ 70%] [32m[1mLinking CXX shared library libcustom_msgs__rosidl_typesupport_fastrtps_c.so[0m
[27.584s] [ 73%] [32m[1mLinking CXX shared library libcustom_msgs__rosidl_typesupport_fastrtps_cpp.so[0m
[27.830s] [ 73%] Built target custom_msgs__rosidl_typesupport_fastrtps_c
[27.972s] [ 73%] Built target custom_msgs__rosidl_typesupport_fastrtps_cpp
[28.077s] [ 73%] Built target custom_msgs
[28.182s] [ 76%] [34m[1mGenerating Python code for ROS interfaces[0m
[29.401s] [ 76%] Built target custom_msgs__py
[29.510s] [ 79%] [32mBuilding C object CMakeFiles/custom_msgs__rosidl_generator_py.dir/rosidl_generator_py/custom_msgs/msg/_controller_input_s.c.o[0m
[30.228s] [ 82%] [32m[1mLinking C shared library libcustom_msgs__rosidl_generator_py.so[0m
[30.432s] [ 82%] Built target custom_msgs__rosidl_generator_py
[30.543s] [ 88%] [32mBuilding C object CMakeFiles/custom_msgs_s__rosidl_typesupport_fastrtps_c.dir/rosidl_generator_py/custom_msgs/_custom_msgs_s.ep.rosidl_typesupport_fastrtps_c.c.o[0m
[30.545s] [ 88%] [32mBuilding C object CMakeFiles/custom_msgs_s__rosidl_typesupport_introspection_c.dir/rosidl_generator_py/custom_msgs/_custom_msgs_s.ep.rosidl_typesupport_introspection_c.c.o[0m
[30.548s] [ 91%] [32mBuilding C object CMakeFiles/custom_msgs_s__rosidl_typesupport_c.dir/rosidl_generator_py/custom_msgs/_custom_msgs_s.ep.rosidl_typesupport_c.c.o[0m
[31.063s] [ 94%] [32m[1mLinking C shared module rosidl_generator_py/custom_msgs/custom_msgs_s__rosidl_typesupport_c.so[0m
[31.077s] [ 97%] [32m[1mLinking C shared module rosidl_generator_py/custom_msgs/custom_msgs_s__rosidl_typesupport_introspection_c.so[0m
[31.111s] [100%] [32m[1mLinking C shared module rosidl_generator_py/custom_msgs/custom_msgs_s__rosidl_typesupport_fastrtps_c.so[0m
[31.238s] [100%] Built target custom_msgs_s__rosidl_typesupport_c
[31.253s] [100%] Built target custom_msgs_s__rosidl_typesupport_introspection_c
[31.284s] [100%] Built target custom_msgs_s__rosidl_typesupport_fastrtps_c
[31.342s] Invoked command in '/home/mrs-rpi/ros2_custom_interfaces/build/custom_msgs' returned '0': CMAKE_PREFIX_PATH=${CMAKE_PREFIX_PATH}:/opt/ros/jazzy /usr/bin/cmake --build /home/mrs-rpi/ros2_custom_interfaces/build/custom_msgs -- -j4 -l4
[31.391s] Invoking command in '/home/mrs-rpi/ros2_custom_interfaces/build/custom_msgs': CMAKE_PREFIX_PATH=${CMAKE_PREFIX_PATH}:/opt/ros/jazzy /usr/bin/cmake --install /home/mrs-rpi/ros2_custom_interfaces/build/custom_msgs
[31.432s] -- Install configuration: ""
[31.433s] -- Installing: /home/mrs-rpi/ros2_custom_interfaces/install/custom_msgs/share/ament_index/resource_index/rosidl_interfaces/custom_msgs
[31.435s] -- Installing: /home/mrs-rpi/ros2_custom_interfaces/install/custom_msgs/share/custom_msgs/msg/ControllerInput.json
[31.436s] -- Installing: /home/mrs-rpi/ros2_custom_interfaces/install/custom_msgs/include/custom_msgs/custom_msgs
[31.436s] -- Installing: /home/mrs-rpi/ros2_custom_interfaces/install/custom_msgs/include/custom_msgs/custom_msgs/msg
[31.437s] -- Installing: /home/mrs-rpi/ros2_custom_interfaces/install/custom_msgs/include/custom_msgs/custom_msgs/msg/controller_input.h
[31.438s] -- Installing: /home/mrs-rpi/ros2_custom_interfaces/install/custom_msgs/include/custom_msgs/custom_msgs/msg/detail
[31.439s] -- Installing: /home/mrs-rpi/ros2_custom_interfaces/install/custom_msgs/include/custom_msgs/custom_msgs/msg/detail/controller_input__struct.h
[31.440s] -- Installing: /home/mrs-rpi/ros2_custom_interfaces/install/custom_msgs/include/custom_msgs/custom_msgs/msg/detail/controller_input__functions.h
[31.441s] -- Installing: /home/mrs-rpi/ros2_custom_interfaces/install/custom_msgs/include/custom_msgs/custom_msgs/msg/detail/controller_input__functions.c
[31.442s] -- Installing: /home/mrs-rpi/ros2_custom_interfaces/install/custom_msgs/include/custom_msgs/custom_msgs/msg/detail/controller_input__description.c
[31.443s] -- Installing: /home/mrs-rpi/ros2_custom_interfaces/install/custom_msgs/include/custom_msgs/custom_msgs/msg/detail/controller_input__type_support.h
[31.445s] -- Installing: /home/mrs-rpi/ros2_custom_interfaces/install/custom_msgs/include/custom_msgs/custom_msgs/msg/detail/controller_input__type_support.c
[31.446s] -- Installing: /home/mrs-rpi/ros2_custom_interfaces/install/custom_msgs/include/custom_msgs/custom_msgs/msg/rosidl_generator_c__visibility_control.h
[31.447s] -- Installing: /home/mrs-rpi/ros2_custom_interfaces/install/custom_msgs/share/custom_msgs/environment/library_path.sh
[31.448s] -- Installing: /home/mrs-rpi/ros2_custom_interfaces/install/custom_msgs/share/custom_msgs/environment/library_path.dsv
[31.450s] -- Installing: /home/mrs-rpi/ros2_custom_interfaces/install/custom_msgs/lib/libcustom_msgs__rosidl_generator_c.so
[31.453s] -- Set non-toolchain portion of runtime path of "/home/mrs-rpi/ros2_custom_interfaces/install/custom_msgs/lib/libcustom_msgs__rosidl_generator_c.so" to ""
[31.453s] -- Up-to-date: /home/mrs-rpi/ros2_custom_interfaces/install/custom_msgs/include/custom_msgs/custom_msgs
[31.454s] -- Up-to-date: /home/mrs-rpi/ros2_custom_interfaces/install/custom_msgs/include/custom_msgs/custom_msgs/msg
[31.454s] -- Installing: /home/mrs-rpi/ros2_custom_interfaces/install/custom_msgs/include/custom_msgs/custom_msgs/msg/rosidl_typesupport_fastrtps_c__visibility_control.h
[31.455s] -- Up-to-date: /home/mrs-rpi/ros2_custom_interfaces/install/custom_msgs/include/custom_msgs/custom_msgs/msg/detail
[31.456s] -- Installing: /home/mrs-rpi/ros2_custom_interfaces/install/custom_msgs/include/custom_msgs/custom_msgs/msg/detail/controller_input__rosidl_typesupport_fastrtps_c.h
[31.457s] -- Installing: /home/mrs-rpi/ros2_custom_interfaces/install/custom_msgs/lib/libcustom_msgs__rosidl_typesupport_fastrtps_c.so
[31.460s] -- Set non-toolchain portion of runtime path of "/home/mrs-rpi/ros2_custom_interfaces/install/custom_msgs/lib/libcustom_msgs__rosidl_typesupport_fastrtps_c.so" to ""
[31.461s] -- Up-to-date: /home/mrs-rpi/ros2_custom_interfaces/install/custom_msgs/include/custom_msgs/custom_msgs
[31.461s] -- Up-to-date: /home/mrs-rpi/ros2_custom_interfaces/install/custom_msgs/include/custom_msgs/custom_msgs/msg
[31.462s] -- Up-to-date: /home/mrs-rpi/ros2_custom_interfaces/install/custom_msgs/include/custom_msgs/custom_msgs/msg/detail
[31.462s] -- Installing: /home/mrs-rpi/ros2_custom_interfaces/install/custom_msgs/include/custom_msgs/custom_msgs/msg/detail/controller_input__rosidl_typesupport_introspection_c.h
[31.463s] -- Installing: /home/mrs-rpi/ros2_custom_interfaces/install/custom_msgs/include/custom_msgs/custom_msgs/msg/detail/controller_input__type_support.c
[31.465s] -- Installing: /home/mrs-rpi/ros2_custom_interfaces/install/custom_msgs/include/custom_msgs/custom_msgs/msg/rosidl_typesupport_introspection_c__visibility_control.h
[31.466s] -- Installing: /home/mrs-rpi/ros2_custom_interfaces/install/custom_msgs/lib/libcustom_msgs__rosidl_typesupport_introspection_c.so
[31.469s] -- Set non-toolchain portion of runtime path of "/home/mrs-rpi/ros2_custom_interfaces/install/custom_msgs/lib/libcustom_msgs__rosidl_typesupport_introspection_c.so" to ""
[31.470s] -- Installing: /home/mrs-rpi/ros2_custom_interfaces/install/custom_msgs/lib/libcustom_msgs__rosidl_typesupport_c.so
[31.472s] -- Set non-toolchain portion of runtime path of "/home/mrs-rpi/ros2_custom_interfaces/install/custom_msgs/lib/libcustom_msgs__rosidl_typesupport_c.so" to ""
[31.473s] -- Up-to-date: /home/mrs-rpi/ros2_custom_interfaces/install/custom_msgs/include/custom_msgs/custom_msgs
[31.473s] -- Up-to-date: /home/mrs-rpi/ros2_custom_interfaces/install/custom_msgs/include/custom_msgs/custom_msgs/msg
[31.474s] -- Up-to-date: /home/mrs-rpi/ros2_custom_interfaces/install/custom_msgs/include/custom_msgs/custom_msgs/msg/detail
[31.474s] -- Installing: /home/mrs-rpi/ros2_custom_interfaces/install/custom_msgs/include/custom_msgs/custom_msgs/msg/detail/controller_input__builder.hpp
[31.475s] -- Installing: /home/mrs-rpi/ros2_custom_interfaces/install/custom_msgs/include/custom_msgs/custom_msgs/msg/detail/controller_input__traits.hpp
[31.476s] -- Installing: /home/mrs-rpi/ros2_custom_interfaces/install/custom_msgs/include/custom_msgs/custom_msgs/msg/detail/controller_input__type_support.hpp
[31.477s] -- Installing: /home/mrs-rpi/ros2_custom_interfaces/install/custom_msgs/include/custom_msgs/custom_msgs/msg/detail/controller_input__struct.hpp
[31.479s] -- Installing: /home/mrs-rpi/ros2_custom_interfaces/install/custom_msgs/include/custom_msgs/custom_msgs/msg/rosidl_generator_cpp__visibility_control.hpp
[31.480s] -- Installing: /home/mrs-rpi/ros2_custom_interfaces/install/custom_msgs/include/custom_msgs/custom_msgs/msg/controller_input.hpp
[31.481s] -- Up-to-date: /home/mrs-rpi/ros2_custom_interfaces/install/custom_msgs/include/custom_msgs/custom_msgs
[31.481s] -- Up-to-date: /home/mrs-rpi/ros2_custom_interfaces/install/custom_msgs/include/custom_msgs/custom_msgs/msg
[31.482s] -- Up-to-date: /home/mrs-rpi/ros2_custom_interfaces/install/custom_msgs/include/custom_msgs/custom_msgs/msg/detail
[31.482s] -- Installing: /home/mrs-rpi/ros2_custom_interfaces/install/custom_msgs/include/custom_msgs/custom_msgs/msg/detail/controller_input__rosidl_typesupport_fastrtps_cpp.hpp
[31.483s] -- Installing: /home/mrs-rpi/ros2_custom_interfaces/install/custom_msgs/include/custom_msgs/custom_msgs/msg/detail/dds_fastrtps
[31.484s] -- Installing: /home/mrs-rpi/ros2_custom_interfaces/install/custom_msgs/include/custom_msgs/custom_msgs/msg/rosidl_typesupport_fastrtps_cpp__visibility_control.h
[31.486s] -- Installing: /home/mrs-rpi/ros2_custom_interfaces/install/custom_msgs/lib/libcustom_msgs__rosidl_typesupport_fastrtps_cpp.so
[31.489s] -- Set non-toolchain portion of runtime path of "/home/mrs-rpi/ros2_custom_interfaces/install/custom_msgs/lib/libcustom_msgs__rosidl_typesupport_fastrtps_cpp.so" to ""
[31.489s] -- Up-to-date: /home/mrs-rpi/ros2_custom_interfaces/install/custom_msgs/include/custom_msgs/custom_msgs
[31.490s] -- Up-to-date: /home/mrs-rpi/ros2_custom_interfaces/install/custom_msgs/include/custom_msgs/custom_msgs/msg
[31.490s] -- Up-to-date: /home/mrs-rpi/ros2_custom_interfaces/install/custom_msgs/include/custom_msgs/custom_msgs/msg/detail
[31.491s] -- Installing: /home/mrs-rpi/ros2_custom_interfaces/install/custom_msgs/include/custom_msgs/custom_msgs/msg/detail/controller_input__rosidl_typesupport_introspection_cpp.hpp
[31.492s] -- Installing: /home/mrs-rpi/ros2_custom_interfaces/install/custom_msgs/include/custom_msgs/custom_msgs/msg/detail/controller_input__type_support.cpp
[31.493s] -- Installing: /home/mrs-rpi/ros2_custom_interfaces/install/custom_msgs/lib/libcustom_msgs__rosidl_typesupport_introspection_cpp.so
[31.496s] -- Set non-toolchain portion of runtime path of "/home/mrs-rpi/ros2_custom_interfaces/install/custom_msgs/lib/libcustom_msgs__rosidl_typesupport_introspection_cpp.so" to ""
[31.497s] -- Installing: /home/mrs-rpi/ros2_custom_interfaces/install/custom_msgs/lib/libcustom_msgs__rosidl_typesupport_cpp.so
[31.500s] -- Set non-toolchain portion of runtime path of "/home/mrs-rpi/ros2_custom_interfaces/install/custom_msgs/lib/libcustom_msgs__rosidl_typesupport_cpp.so" to ""
[31.500s] -- Installing: /home/mrs-rpi/ros2_custom_interfaces/install/custom_msgs/share/custom_msgs/environment/pythonpath.sh
[31.501s] -- Installing: /home/mrs-rpi/ros2_custom_interfaces/install/custom_msgs/share/custom_msgs/environment/pythonpath.dsv
[31.502s] -- Installing: /home/mrs-rpi/ros2_custom_interfaces/install/custom_msgs/lib/python3.12/site-packages/custom_msgs-0.0.0-py3.12.egg-info
[31.503s] -- Installing: /home/mrs-rpi/ros2_custom_interfaces/install/custom_msgs/lib/python3.12/site-packages/custom_msgs-0.0.0-py3.12.egg-info/dependency_links.txt
[31.504s] -- Installing: /home/mrs-rpi/ros2_custom_interfaces/install/custom_msgs/lib/python3.12/site-packages/custom_msgs-0.0.0-py3.12.egg-info/PKG-INFO
[31.506s] -- Installing: /home/mrs-rpi/ros2_custom_interfaces/install/custom_msgs/lib/python3.12/site-packages/custom_msgs-0.0.0-py3.12.egg-info/top_level.txt
[31.507s] -- Installing: /home/mrs-rpi/ros2_custom_interfaces/install/custom_msgs/lib/python3.12/site-packages/custom_msgs-0.0.0-py3.12.egg-info/SOURCES.txt
[31.508s] -- Installing: /home/mrs-rpi/ros2_custom_interfaces/install/custom_msgs/lib/python3.12/site-packages/custom_msgs
[31.509s] -- Installing: /home/mrs-rpi/ros2_custom_interfaces/install/custom_msgs/lib/python3.12/site-packages/custom_msgs/custom_msgs_s__rosidl_typesupport_c.so
[31.510s] -- Installing: /home/mrs-rpi/ros2_custom_interfaces/install/custom_msgs/lib/python3.12/site-packages/custom_msgs/_custom_msgs_s.ep.rosidl_typesupport_fastrtps_c.c
[31.512s] -- Installing: /home/mrs-rpi/ros2_custom_interfaces/install/custom_msgs/lib/python3.12/site-packages/custom_msgs/_custom_msgs_s.ep.rosidl_typesupport_c.c
[31.513s] -- Installing: /home/mrs-rpi/ros2_custom_interfaces/install/custom_msgs/lib/python3.12/site-packages/custom_msgs/msg
[31.513s] -- Installing: /home/mrs-rpi/ros2_custom_interfaces/install/custom_msgs/lib/python3.12/site-packages/custom_msgs/msg/_controller_input.py
[31.515s] -- Installing: /home/mrs-rpi/ros2_custom_interfaces/install/custom_msgs/lib/python3.12/site-packages/custom_msgs/msg/_controller_input_s.c
[31.516s] -- Installing: /home/mrs-rpi/ros2_custom_interfaces/install/custom_msgs/lib/python3.12/site-packages/custom_msgs/msg/__init__.py
[31.517s] -- Installing: /home/mrs-rpi/ros2_custom_interfaces/install/custom_msgs/lib/python3.12/site-packages/custom_msgs/custom_msgs_s__rosidl_typesupport_introspection_c.so
[31.519s] -- Installing: /home/mrs-rpi/ros2_custom_interfaces/install/custom_msgs/lib/python3.12/site-packages/custom_msgs/custom_msgs_s__rosidl_typesupport_fastrtps_c.so
[31.520s] -- Installing: /home/mrs-rpi/ros2_custom_interfaces/install/custom_msgs/lib/python3.12/site-packages/custom_msgs/__init__.py
[31.521s] -- Installing: /home/mrs-rpi/ros2_custom_interfaces/install/custom_msgs/lib/python3.12/site-packages/custom_msgs/_custom_msgs_s.ep.rosidl_typesupport_introspection_c.c
[31.696s] Listing '/home/mrs-rpi/ros2_custom_interfaces/install/custom_msgs/lib/python3.12/site-packages/custom_msgs'...
[31.697s] Compiling '/home/mrs-rpi/ros2_custom_interfaces/install/custom_msgs/lib/python3.12/site-packages/custom_msgs/__init__.py'...
[31.698s] Listing '/home/mrs-rpi/ros2_custom_interfaces/install/custom_msgs/lib/python3.12/site-packages/custom_msgs/msg'...
[31.699s] Compiling '/home/mrs-rpi/ros2_custom_interfaces/install/custom_msgs/lib/python3.12/site-packages/custom_msgs/msg/__init__.py'...
[31.700s] Compiling '/home/mrs-rpi/ros2_custom_interfaces/install/custom_msgs/lib/python3.12/site-packages/custom_msgs/msg/_controller_input.py'...
[31.728s] -- Installing: /home/mrs-rpi/ros2_custom_interfaces/install/custom_msgs/lib/python3.12/site-packages/custom_msgs/custom_msgs_s__rosidl_typesupport_fastrtps_c.so
[31.731s] -- Set non-toolchain portion of runtime path of "/home/mrs-rpi/ros2_custom_interfaces/install/custom_msgs/lib/python3.12/site-packages/custom_msgs/custom_msgs_s__rosidl_typesupport_fastrtps_c.so" to ""
[31.732s] -- Installing: /home/mrs-rpi/ros2_custom_interfaces/install/custom_msgs/lib/python3.12/site-packages/custom_msgs/custom_msgs_s__rosidl_typesupport_introspection_c.so
[31.735s] -- Set non-toolchain portion of runtime path of "/home/mrs-rpi/ros2_custom_interfaces/install/custom_msgs/lib/python3.12/site-packages/custom_msgs/custom_msgs_s__rosidl_typesupport_introspection_c.so" to ""
[31.737s] -- Installing: /home/mrs-rpi/ros2_custom_interfaces/install/custom_msgs/lib/python3.12/site-packages/custom_msgs/custom_msgs_s__rosidl_typesupport_c.so
[31.741s] -- Set non-toolchain portion of runtime path of "/home/mrs-rpi/ros2_custom_interfaces/install/custom_msgs/lib/python3.12/site-packages/custom_msgs/custom_msgs_s__rosidl_typesupport_c.so" to ""
[31.742s] -- Installing: /home/mrs-rpi/ros2_custom_interfaces/install/custom_msgs/lib/libcustom_msgs__rosidl_generator_py.so
[31.745s] -- Set non-toolchain portion of runtime path of "/home/mrs-rpi/ros2_custom_interfaces/install/custom_msgs/lib/libcustom_msgs__rosidl_generator_py.so" to ""
[31.746s] -- Installing: /home/mrs-rpi/ros2_custom_interfaces/install/custom_msgs/share/custom_msgs/msg/ControllerInput.idl
[31.747s] -- Installing: /home/mrs-rpi/ros2_custom_interfaces/install/custom_msgs/share/custom_msgs/msg/ControllerInput.msg
[31.749s] -- Installing: /home/mrs-rpi/ros2_custom_interfaces/install/custom_msgs/share/ament_index/resource_index/package_run_dependencies/custom_msgs
[31.750s] -- Installing: /home/mrs-rpi/ros2_custom_interfaces/install/custom_msgs/share/ament_index/resource_index/parent_prefix_path/custom_msgs
[31.752s] -- Installing: /home/mrs-rpi/ros2_custom_interfaces/install/custom_msgs/share/custom_msgs/environment/ament_prefix_path.sh
[31.753s] -- Installing: /home/mrs-rpi/ros2_custom_interfaces/install/custom_msgs/share/custom_msgs/environment/ament_prefix_path.dsv
[31.754s] -- Installing: /home/mrs-rpi/ros2_custom_interfaces/install/custom_msgs/share/custom_msgs/environment/path.sh
[31.755s] -- Installing: /home/mrs-rpi/ros2_custom_interfaces/install/custom_msgs/share/custom_msgs/environment/path.dsv
[31.756s] -- Installing: /home/mrs-rpi/ros2_custom_interfaces/install/custom_msgs/share/custom_msgs/local_setup.bash
[31.757s] -- Installing: /home/mrs-rpi/ros2_custom_interfaces/install/custom_msgs/share/custom_msgs/local_setup.sh
[31.759s] -- Installing: /home/mrs-rpi/ros2_custom_interfaces/install/custom_msgs/share/custom_msgs/local_setup.zsh
[31.760s] -- Installing: /home/mrs-rpi/ros2_custom_interfaces/install/custom_msgs/share/custom_msgs/local_setup.dsv
[31.761s] -- Installing: /home/mrs-rpi/ros2_custom_interfaces/install/custom_msgs/share/custom_msgs/package.dsv
[31.762s] -- Installing: /home/mrs-rpi/ros2_custom_interfaces/install/custom_msgs/share/ament_index/resource_index/packages/custom_msgs
[31.764s] -- Installing: /home/mrs-rpi/ros2_custom_interfaces/install/custom_msgs/share/custom_msgs/cmake/export_custom_msgs__rosidl_generator_cExport.cmake
[31.766s] -- Installing: /home/mrs-rpi/ros2_custom_interfaces/install/custom_msgs/share/custom_msgs/cmake/export_custom_msgs__rosidl_generator_cExport-noconfig.cmake
[31.767s] -- Installing: /home/mrs-rpi/ros2_custom_interfaces/install/custom_msgs/share/custom_msgs/cmake/export_custom_msgs__rosidl_typesupport_fastrtps_cExport.cmake
[31.769s] -- Installing: /home/mrs-rpi/ros2_custom_interfaces/install/custom_msgs/share/custom_msgs/cmake/export_custom_msgs__rosidl_typesupport_fastrtps_cExport-noconfig.cmake
[31.770s] -- Installing: /home/mrs-rpi/ros2_custom_interfaces/install/custom_msgs/share/custom_msgs/cmake/custom_msgs__rosidl_typesupport_introspection_cExport.cmake
[31.772s] -- Installing: /home/mrs-rpi/ros2_custom_interfaces/install/custom_msgs/share/custom_msgs/cmake/custom_msgs__rosidl_typesupport_introspection_cExport-noconfig.cmake
[31.773s] -- Installing: /home/mrs-rpi/ros2_custom_interfaces/install/custom_msgs/share/custom_msgs/cmake/custom_msgs__rosidl_typesupport_cExport.cmake
[31.775s] -- Installing: /home/mrs-rpi/ros2_custom_interfaces/install/custom_msgs/share/custom_msgs/cmake/custom_msgs__rosidl_typesupport_cExport-noconfig.cmake
[31.776s] -- Installing: /home/mrs-rpi/ros2_custom_interfaces/install/custom_msgs/share/custom_msgs/cmake/export_custom_msgs__rosidl_generator_cppExport.cmake
[31.778s] -- Installing: /home/mrs-rpi/ros2_custom_interfaces/install/custom_msgs/share/custom_msgs/cmake/export_custom_msgs__rosidl_typesupport_fastrtps_cppExport.cmake
[31.779s] -- Installing: /home/mrs-rpi/ros2_custom_interfaces/install/custom_msgs/share/custom_msgs/cmake/export_custom_msgs__rosidl_typesupport_fastrtps_cppExport-noconfig.cmake
[31.781s] -- Installing: /home/mrs-rpi/ros2_custom_interfaces/install/custom_msgs/share/custom_msgs/cmake/custom_msgs__rosidl_typesupport_introspection_cppExport.cmake
[31.782s] -- Installing: /home/mrs-rpi/ros2_custom_interfaces/install/custom_msgs/share/custom_msgs/cmake/custom_msgs__rosidl_typesupport_introspection_cppExport-noconfig.cmake
[31.784s] -- Installing: /home/mrs-rpi/ros2_custom_interfaces/install/custom_msgs/share/custom_msgs/cmake/custom_msgs__rosidl_typesupport_cppExport.cmake
[31.785s] -- Installing: /home/mrs-rpi/ros2_custom_interfaces/install/custom_msgs/share/custom_msgs/cmake/custom_msgs__rosidl_typesupport_cppExport-noconfig.cmake
[31.787s] -- Installing: /home/mrs-rpi/ros2_custom_interfaces/install/custom_msgs/share/custom_msgs/cmake/export_custom_msgs__rosidl_generator_pyExport.cmake
[31.788s] -- Installing: /home/mrs-rpi/ros2_custom_interfaces/install/custom_msgs/share/custom_msgs/cmake/export_custom_msgs__rosidl_generator_pyExport-noconfig.cmake
[31.790s] -- Installing: /home/mrs-rpi/ros2_custom_interfaces/install/custom_msgs/share/custom_msgs/cmake/rosidl_cmake-extras.cmake
[31.791s] -- Installing: /home/mrs-rpi/ros2_custom_interfaces/install/custom_msgs/share/custom_msgs/cmake/ament_cmake_export_include_directories-extras.cmake
[31.792s] -- Installing: /home/mrs-rpi/ros2_custom_interfaces/install/custom_msgs/share/custom_msgs/cmake/ament_cmake_export_libraries-extras.cmake
[31.793s] -- Installing: /home/mrs-rpi/ros2_custom_interfaces/install/custom_msgs/share/custom_msgs/cmake/ament_cmake_export_targets-extras.cmake
[31.795s] -- Installing: /home/mrs-rpi/ros2_custom_interfaces/install/custom_msgs/share/custom_msgs/cmake/rosidl_cmake_export_typesupport_targets-extras.cmake
[31.796s] -- Installing: /home/mrs-rpi/ros2_custom_interfaces/install/custom_msgs/share/custom_msgs/cmake/ament_cmake_export_dependencies-extras.cmake
[31.797s] -- Installing: /home/mrs-rpi/ros2_custom_interfaces/install/custom_msgs/share/custom_msgs/cmake/rosidl_cmake_export_typesupport_libraries-extras.cmake
[31.799s] -- Installing: /home/mrs-rpi/ros2_custom_interfaces/install/custom_msgs/share/custom_msgs/cmake/custom_msgsConfig.cmake
[31.800s] -- Installing: /home/mrs-rpi/ros2_custom_interfaces/install/custom_msgs/share/custom_msgs/cmake/custom_msgsConfig-version.cmake
[31.801s] -- Installing: /home/mrs-rpi/ros2_custom_interfaces/install/custom_msgs/share/custom_msgs/package.xml
[31.810s] Invoked command in '/home/mrs-rpi/ros2_custom_interfaces/build/custom_msgs' returned '0': CMAKE_PREFIX_PATH=${CMAKE_PREFIX_PATH}:/opt/ros/jazzy /usr/bin/cmake --install /home/mrs-rpi/ros2_custom_interfaces/build/custom_msgs
