[0.679s] DEBUG:colcon:Command line arguments: ['/usr/bin/colcon', 'build']
[0.680s] DEBUG:colcon:Parsed command line arguments: Namespace(log_base=None, log_level=None, verb_name='build', build_base='build', install_base='install', merge_install=False, symlink_install=False, test_result_base=None, continue_on_error=False, executor='parallel', parallel_workers=4, event_handlers=None, ignore_user_meta=False, metas=['./colcon.meta'], base_paths=['.'], packages_ignore=None, packages_ignore_regex=None, paths=None, packages_up_to=None, packages_up_to_regex=None, packages_above=None, packages_above_and_dependencies=None, packages_above_depth=None, packages_select_by_dep=None, packages_skip_by_dep=None, packages_skip_up_to=None, packages_select_build_failed=False, packages_skip_build_finished=False, packages_select_test_failures=False, packages_skip_test_passed=False, packages_select=None, packages_skip=None, packages_select_regex=None, packages_skip_regex=None, packages_start=None, packages_end=None, allow_overriding=[], cmake_args=None, cmake_target=None, cmake_target_skip_unavailable=False, cmake_clean_cache=False, cmake_clean_first=False, cmake_force_configure=False, ament_cmake_args=None, catkin_cmake_args=None, catkin_skip_building_tests=False, mixin_files=None, mixin=None, verb_parser=<colcon_mixin.mixin.mixin_argument.MixinArgumentDecorator object at 0xffffa5915ac0>, verb_extension=<colcon_core.verb.build.BuildVerb object at 0xffffa5ac2060>, main=<bound method BuildVerb.main of <colcon_core.verb.build.BuildVerb object at 0xffffa5ac2060>>, mixin_verb=('build',))
[0.985s] Level 1:colcon.colcon_core.package_discovery:discover_packages(colcon_meta) check parameters
[0.986s] Level 1:colcon.colcon_core.package_discovery:discover_packages(recursive) check parameters
[0.986s] Level 1:colcon.colcon_core.package_discovery:discover_packages(ignore) check parameters
[0.986s] Level 1:colcon.colcon_core.package_discovery:discover_packages(path) check parameters
[0.986s] Level 1:colcon.colcon_core.package_discovery:discover_packages(colcon_meta) discover
[0.986s] Level 1:colcon.colcon_core.package_discovery:discover_packages(recursive) discover
[0.986s] INFO:colcon.colcon_core.package_discovery:Crawling recursively for packages in '/home/mrs-rpi/ros2_custom_interfaces'
[0.987s] Level 1:colcon.colcon_core.package_identification:_identify(.) by extensions ['ignore', 'ignore_ament_install']
[0.987s] Level 1:colcon.colcon_core.package_identification:_identify(.) by extension 'ignore'
[0.988s] Level 1:colcon.colcon_core.package_identification:_identify(.) by extension 'ignore_ament_install'
[0.988s] Level 1:colcon.colcon_core.package_identification:_identify(.) by extensions ['colcon_pkg']
[0.988s] Level 1:colcon.colcon_core.package_identification:_identify(.) by extension 'colcon_pkg'
[0.988s] Level 1:colcon.colcon_core.package_identification:_identify(.) by extensions ['colcon_meta']
[0.989s] Level 1:colcon.colcon_core.package_identification:_identify(.) by extension 'colcon_meta'
[0.989s] Level 1:colcon.colcon_core.package_identification:_identify(.) by extensions ['ros']
[0.989s] Level 1:colcon.colcon_core.package_identification:_identify(.) by extension 'ros'
[1.095s] Level 1:colcon.colcon_core.package_identification:_identify(.) by extensions ['cmake', 'python']
[1.095s] Level 1:colcon.colcon_core.package_identification:_identify(.) by extension 'cmake'
[1.096s] Level 1:colcon.colcon_core.package_identification:_identify(.) by extension 'python'
[1.096s] Level 1:colcon.colcon_core.package_identification:_identify(.) by extensions ['python_setup_py']
[1.096s] Level 1:colcon.colcon_core.package_identification:_identify(.) by extension 'python_setup_py'
[1.096s] Level 1:colcon.colcon_core.package_identification:_identify(build) by extensions ['ignore', 'ignore_ament_install']
[1.097s] Level 1:colcon.colcon_core.package_identification:_identify(build) by extension 'ignore'
[1.097s] Level 1:colcon.colcon_core.package_identification:_identify(build) ignored
[1.097s] Level 1:colcon.colcon_core.package_identification:_identify(install) by extensions ['ignore', 'ignore_ament_install']
[1.098s] Level 1:colcon.colcon_core.package_identification:_identify(install) by extension 'ignore'
[1.098s] Level 1:colcon.colcon_core.package_identification:_identify(install) ignored
[1.098s] Level 1:colcon.colcon_core.package_identification:_identify(log) by extensions ['ignore', 'ignore_ament_install']
[1.099s] Level 1:colcon.colcon_core.package_identification:_identify(log) by extension 'ignore'
[1.099s] Level 1:colcon.colcon_core.package_identification:_identify(log) ignored
[1.099s] Level 1:colcon.colcon_core.package_identification:_identify(src) by extensions ['ignore', 'ignore_ament_install']
[1.099s] Level 1:colcon.colcon_core.package_identification:_identify(src) by extension 'ignore'
[1.100s] Level 1:colcon.colcon_core.package_identification:_identify(src) by extension 'ignore_ament_install'
[1.100s] Level 1:colcon.colcon_core.package_identification:_identify(src) by extensions ['colcon_pkg']
[1.100s] Level 1:colcon.colcon_core.package_identification:_identify(src) by extension 'colcon_pkg'
[1.100s] Level 1:colcon.colcon_core.package_identification:_identify(src) by extensions ['colcon_meta']
[1.100s] Level 1:colcon.colcon_core.package_identification:_identify(src) by extension 'colcon_meta'
[1.100s] Level 1:colcon.colcon_core.package_identification:_identify(src) by extensions ['ros']
[1.100s] Level 1:colcon.colcon_core.package_identification:_identify(src) by extension 'ros'
[1.101s] Level 1:colcon.colcon_core.package_identification:_identify(src) by extensions ['cmake', 'python']
[1.101s] Level 1:colcon.colcon_core.package_identification:_identify(src) by extension 'cmake'
[1.101s] Level 1:colcon.colcon_core.package_identification:_identify(src) by extension 'python'
[1.101s] Level 1:colcon.colcon_core.package_identification:_identify(src) by extensions ['python_setup_py']
[1.101s] Level 1:colcon.colcon_core.package_identification:_identify(src) by extension 'python_setup_py'
[1.102s] Level 1:colcon.colcon_core.package_identification:_identify(src/custom_msgs) by extensions ['ignore', 'ignore_ament_install']
[1.102s] Level 1:colcon.colcon_core.package_identification:_identify(src/custom_msgs) by extension 'ignore'
[1.102s] Level 1:colcon.colcon_core.package_identification:_identify(src/custom_msgs) by extension 'ignore_ament_install'
[1.102s] Level 1:colcon.colcon_core.package_identification:_identify(src/custom_msgs) by extensions ['colcon_pkg']
[1.103s] Level 1:colcon.colcon_core.package_identification:_identify(src/custom_msgs) by extension 'colcon_pkg'
[1.103s] Level 1:colcon.colcon_core.package_identification:_identify(src/custom_msgs) by extensions ['colcon_meta']
[1.103s] Level 1:colcon.colcon_core.package_identification:_identify(src/custom_msgs) by extension 'colcon_meta'
[1.103s] Level 1:colcon.colcon_core.package_identification:_identify(src/custom_msgs) by extensions ['ros']
[1.103s] Level 1:colcon.colcon_core.package_identification:_identify(src/custom_msgs) by extension 'ros'
[1.115s] DEBUG:colcon.colcon_core.package_identification:Package 'src/custom_msgs' with type 'ros.ament_cmake' and name 'custom_msgs'
[1.116s] Level 1:colcon.colcon_core.package_discovery:discover_packages(recursive) using defaults
[1.116s] Level 1:colcon.colcon_core.package_discovery:discover_packages(ignore) discover
[1.116s] Level 1:colcon.colcon_core.package_discovery:discover_packages(ignore) using defaults
[1.116s] Level 1:colcon.colcon_core.package_discovery:discover_packages(path) discover
[1.116s] Level 1:colcon.colcon_core.package_discovery:discover_packages(path) using defaults
[1.227s] Level 1:colcon.colcon_core.package_discovery:discover_packages(prefix_path) check parameters
[1.228s] Level 1:colcon.colcon_core.package_discovery:discover_packages(prefix_path) discover
[1.250s] DEBUG:colcon.colcon_installed_package_information.package_discovery:Found 285 installed packages in /opt/ros/jazzy
[1.258s] Level 1:colcon.colcon_core.package_discovery:discover_packages(prefix_path) using defaults
[1.448s] Level 5:colcon.colcon_core.verb:set package 'custom_msgs' build argument 'cmake_args' from command line to 'None'
[1.449s] Level 5:colcon.colcon_core.verb:set package 'custom_msgs' build argument 'cmake_target' from command line to 'None'
[1.449s] Level 5:colcon.colcon_core.verb:set package 'custom_msgs' build argument 'cmake_target_skip_unavailable' from command line to 'False'
[1.449s] Level 5:colcon.colcon_core.verb:set package 'custom_msgs' build argument 'cmake_clean_cache' from command line to 'False'
[1.449s] Level 5:colcon.colcon_core.verb:set package 'custom_msgs' build argument 'cmake_clean_first' from command line to 'False'
[1.449s] Level 5:colcon.colcon_core.verb:set package 'custom_msgs' build argument 'cmake_force_configure' from command line to 'False'
[1.449s] Level 5:colcon.colcon_core.verb:set package 'custom_msgs' build argument 'ament_cmake_args' from command line to 'None'
[1.449s] Level 5:colcon.colcon_core.verb:set package 'custom_msgs' build argument 'catkin_cmake_args' from command line to 'None'
[1.450s] Level 5:colcon.colcon_core.verb:set package 'custom_msgs' build argument 'catkin_skip_building_tests' from command line to 'False'
[1.450s] DEBUG:colcon.colcon_core.verb:Building package 'custom_msgs' with the following arguments: {'ament_cmake_args': None, 'build_base': '/home/mrs-rpi/ros2_custom_interfaces/build/custom_msgs', 'catkin_cmake_args': None, 'catkin_skip_building_tests': False, 'cmake_args': None, 'cmake_clean_cache': False, 'cmake_clean_first': False, 'cmake_force_configure': False, 'cmake_target': None, 'cmake_target_skip_unavailable': False, 'install_base': '/home/mrs-rpi/ros2_custom_interfaces/install/custom_msgs', 'merge_install': False, 'path': '/home/mrs-rpi/ros2_custom_interfaces/src/custom_msgs', 'symlink_install': False, 'test_result_base': None}
[1.450s] INFO:colcon.colcon_core.executor:Executing jobs using 'parallel' executor
[1.453s] DEBUG:colcon.colcon_parallel_executor.executor.parallel:run_until_complete
[1.454s] INFO:colcon.colcon_ros.task.ament_cmake.build:Building ROS package in '/home/mrs-rpi/ros2_custom_interfaces/src/custom_msgs' with build type 'ament_cmake'
[1.455s] INFO:colcon.colcon_cmake.task.cmake.build:Building CMake package in '/home/mrs-rpi/ros2_custom_interfaces/src/custom_msgs'
[1.472s] INFO:colcon.colcon_core.plugin_system:Skipping extension 'colcon_core.shell.bat': Not used on non-Windows systems
[1.473s] INFO:colcon.colcon_core.shell:Skip shell extension 'powershell' for command environment: Not usable outside of PowerShell
[1.473s] DEBUG:colcon.colcon_core.shell:Skip shell extension 'dsv' for command environment
[1.513s] DEBUG:colcon.colcon_core.event_handler.log_command:Invoking command in '/home/mrs-rpi/ros2_custom_interfaces/build/custom_msgs': CMAKE_PREFIX_PATH=${CMAKE_PREFIX_PATH}:/opt/ros/jazzy /usr/bin/cmake /home/mrs-rpi/ros2_custom_interfaces/src/custom_msgs -DCMAKE_INSTALL_PREFIX=/home/mrs-rpi/ros2_custom_interfaces/install/custom_msgs
[19.556s] DEBUG:colcon.colcon_core.event_handler.log_command:Invoked command in '/home/mrs-rpi/ros2_custom_interfaces/build/custom_msgs' returned '0': CMAKE_PREFIX_PATH=${CMAKE_PREFIX_PATH}:/opt/ros/jazzy /usr/bin/cmake /home/mrs-rpi/ros2_custom_interfaces/src/custom_msgs -DCMAKE_INSTALL_PREFIX=/home/mrs-rpi/ros2_custom_interfaces/install/custom_msgs
[19.562s] DEBUG:colcon.colcon_core.event_handler.log_command:Invoking command in '/home/mrs-rpi/ros2_custom_interfaces/build/custom_msgs': CMAKE_PREFIX_PATH=${CMAKE_PREFIX_PATH}:/opt/ros/jazzy /usr/bin/cmake --build /home/mrs-rpi/ros2_custom_interfaces/build/custom_msgs -- -j4 -l4
[32.797s] DEBUG:colcon.colcon_core.event_handler.log_command:Invoked command in '/home/mrs-rpi/ros2_custom_interfaces/build/custom_msgs' returned '0': CMAKE_PREFIX_PATH=${CMAKE_PREFIX_PATH}:/opt/ros/jazzy /usr/bin/cmake --build /home/mrs-rpi/ros2_custom_interfaces/build/custom_msgs -- -j4 -l4
[32.845s] DEBUG:colcon.colcon_core.event_handler.log_command:Invoking command in '/home/mrs-rpi/ros2_custom_interfaces/build/custom_msgs': CMAKE_PREFIX_PATH=${CMAKE_PREFIX_PATH}:/opt/ros/jazzy /usr/bin/cmake --install /home/mrs-rpi/ros2_custom_interfaces/build/custom_msgs
[33.263s] Level 1:colcon.colcon_core.environment:create_environment_scripts_only(custom_msgs)
[33.264s] DEBUG:colcon.colcon_core.event_handler.log_command:Invoked command in '/home/mrs-rpi/ros2_custom_interfaces/build/custom_msgs' returned '0': CMAKE_PREFIX_PATH=${CMAKE_PREFIX_PATH}:/opt/ros/jazzy /usr/bin/cmake --install /home/mrs-rpi/ros2_custom_interfaces/build/custom_msgs
[33.286s] Level 1:colcon.colcon_core.environment:checking '/home/mrs-rpi/ros2_custom_interfaces/install/custom_msgs' for CMake module files
[33.291s] Level 1:colcon.colcon_core.environment:checking '/home/mrs-rpi/ros2_custom_interfaces/install/custom_msgs' for CMake config files
[33.294s] Level 1:colcon.colcon_core.shell:create_environment_hook('custom_msgs', 'cmake_prefix_path')
[33.295s] INFO:colcon.colcon_core.shell:Creating environment hook '/home/mrs-rpi/ros2_custom_interfaces/install/custom_msgs/share/custom_msgs/hook/cmake_prefix_path.ps1'
[33.298s] INFO:colcon.colcon_core.shell:Creating environment descriptor '/home/mrs-rpi/ros2_custom_interfaces/install/custom_msgs/share/custom_msgs/hook/cmake_prefix_path.dsv'
[33.301s] INFO:colcon.colcon_core.shell:Creating environment hook '/home/mrs-rpi/ros2_custom_interfaces/install/custom_msgs/share/custom_msgs/hook/cmake_prefix_path.sh'
[33.305s] Level 1:colcon.colcon_core.environment:checking '/home/mrs-rpi/ros2_custom_interfaces/install/custom_msgs/lib'
[33.305s] Level 1:colcon.colcon_core.shell:create_environment_hook('custom_msgs', 'ld_library_path_lib')
[33.306s] INFO:colcon.colcon_core.shell:Creating environment hook '/home/mrs-rpi/ros2_custom_interfaces/install/custom_msgs/share/custom_msgs/hook/ld_library_path_lib.ps1'
[33.308s] INFO:colcon.colcon_core.shell:Creating environment descriptor '/home/mrs-rpi/ros2_custom_interfaces/install/custom_msgs/share/custom_msgs/hook/ld_library_path_lib.dsv'
[33.309s] INFO:colcon.colcon_core.shell:Creating environment hook '/home/mrs-rpi/ros2_custom_interfaces/install/custom_msgs/share/custom_msgs/hook/ld_library_path_lib.sh'
[33.311s] Level 1:colcon.colcon_core.environment:checking '/home/mrs-rpi/ros2_custom_interfaces/install/custom_msgs/bin'
[33.311s] Level 1:colcon.colcon_core.environment:checking '/home/mrs-rpi/ros2_custom_interfaces/install/custom_msgs/lib/pkgconfig/custom_msgs.pc'
[33.312s] Level 1:colcon.colcon_core.environment:checking '/home/mrs-rpi/ros2_custom_interfaces/install/custom_msgs/lib/python3.12/site-packages'
[33.312s] Level 1:colcon.colcon_core.shell:create_environment_hook('custom_msgs', 'pythonpath')
[33.313s] INFO:colcon.colcon_core.shell:Creating environment hook '/home/mrs-rpi/ros2_custom_interfaces/install/custom_msgs/share/custom_msgs/hook/pythonpath.ps1'
[33.315s] INFO:colcon.colcon_core.shell:Creating environment descriptor '/home/mrs-rpi/ros2_custom_interfaces/install/custom_msgs/share/custom_msgs/hook/pythonpath.dsv'
[33.316s] INFO:colcon.colcon_core.shell:Creating environment hook '/home/mrs-rpi/ros2_custom_interfaces/install/custom_msgs/share/custom_msgs/hook/pythonpath.sh'
[33.319s] Level 1:colcon.colcon_core.environment:checking '/home/mrs-rpi/ros2_custom_interfaces/install/custom_msgs/bin'
[33.320s] INFO:colcon.colcon_core.shell:Creating package script '/home/mrs-rpi/ros2_custom_interfaces/install/custom_msgs/share/custom_msgs/package.ps1'
[33.324s] INFO:colcon.colcon_core.shell:Creating package descriptor '/home/mrs-rpi/ros2_custom_interfaces/install/custom_msgs/share/custom_msgs/package.dsv'
[33.327s] INFO:colcon.colcon_core.shell:Creating package script '/home/mrs-rpi/ros2_custom_interfaces/install/custom_msgs/share/custom_msgs/package.sh'
[33.330s] INFO:colcon.colcon_core.shell:Creating package script '/home/mrs-rpi/ros2_custom_interfaces/install/custom_msgs/share/custom_msgs/package.bash'
[33.333s] INFO:colcon.colcon_core.shell:Creating package script '/home/mrs-rpi/ros2_custom_interfaces/install/custom_msgs/share/custom_msgs/package.zsh'
[33.337s] Level 1:colcon.colcon_core.environment:create_file_with_runtime_dependencies(/home/mrs-rpi/ros2_custom_interfaces/install/custom_msgs/share/colcon-core/packages/custom_msgs)
[33.340s] Level 1:colcon.colcon_core.environment:create_environment_scripts_only(custom_msgs)
[33.340s] Level 1:colcon.colcon_core.environment:checking '/home/mrs-rpi/ros2_custom_interfaces/install/custom_msgs' for CMake module files
[33.345s] Level 1:colcon.colcon_core.environment:checking '/home/mrs-rpi/ros2_custom_interfaces/install/custom_msgs' for CMake config files
[33.348s] Level 1:colcon.colcon_core.shell:create_environment_hook('custom_msgs', 'cmake_prefix_path')
[33.348s] INFO:colcon.colcon_core.shell:Creating environment hook '/home/mrs-rpi/ros2_custom_interfaces/install/custom_msgs/share/custom_msgs/hook/cmake_prefix_path.ps1'
[33.350s] INFO:colcon.colcon_core.shell:Creating environment descriptor '/home/mrs-rpi/ros2_custom_interfaces/install/custom_msgs/share/custom_msgs/hook/cmake_prefix_path.dsv'
[33.352s] INFO:colcon.colcon_core.shell:Creating environment hook '/home/mrs-rpi/ros2_custom_interfaces/install/custom_msgs/share/custom_msgs/hook/cmake_prefix_path.sh'
[33.354s] Level 1:colcon.colcon_core.environment:checking '/home/mrs-rpi/ros2_custom_interfaces/install/custom_msgs/lib'
[33.355s] Level 1:colcon.colcon_core.shell:create_environment_hook('custom_msgs', 'ld_library_path_lib')
[33.355s] INFO:colcon.colcon_core.shell:Creating environment hook '/home/mrs-rpi/ros2_custom_interfaces/install/custom_msgs/share/custom_msgs/hook/ld_library_path_lib.ps1'
[33.358s] INFO:colcon.colcon_core.shell:Creating environment descriptor '/home/mrs-rpi/ros2_custom_interfaces/install/custom_msgs/share/custom_msgs/hook/ld_library_path_lib.dsv'
[33.360s] INFO:colcon.colcon_core.shell:Creating environment hook '/home/mrs-rpi/ros2_custom_interfaces/install/custom_msgs/share/custom_msgs/hook/ld_library_path_lib.sh'
[33.362s] Level 1:colcon.colcon_core.environment:checking '/home/mrs-rpi/ros2_custom_interfaces/install/custom_msgs/bin'
[33.362s] Level 1:colcon.colcon_core.environment:checking '/home/mrs-rpi/ros2_custom_interfaces/install/custom_msgs/lib/pkgconfig/custom_msgs.pc'
[33.363s] Level 1:colcon.colcon_core.environment:checking '/home/mrs-rpi/ros2_custom_interfaces/install/custom_msgs/lib/python3.12/site-packages'
[33.363s] Level 1:colcon.colcon_core.shell:create_environment_hook('custom_msgs', 'pythonpath')
[33.364s] INFO:colcon.colcon_core.shell:Creating environment hook '/home/mrs-rpi/ros2_custom_interfaces/install/custom_msgs/share/custom_msgs/hook/pythonpath.ps1'
[33.366s] INFO:colcon.colcon_core.shell:Creating environment descriptor '/home/mrs-rpi/ros2_custom_interfaces/install/custom_msgs/share/custom_msgs/hook/pythonpath.dsv'
[33.367s] INFO:colcon.colcon_core.shell:Creating environment hook '/home/mrs-rpi/ros2_custom_interfaces/install/custom_msgs/share/custom_msgs/hook/pythonpath.sh'
[33.370s] Level 1:colcon.colcon_core.environment:checking '/home/mrs-rpi/ros2_custom_interfaces/install/custom_msgs/bin'
[33.371s] INFO:colcon.colcon_core.shell:Creating package script '/home/mrs-rpi/ros2_custom_interfaces/install/custom_msgs/share/custom_msgs/package.ps1'
[33.374s] INFO:colcon.colcon_core.shell:Creating package descriptor '/home/mrs-rpi/ros2_custom_interfaces/install/custom_msgs/share/custom_msgs/package.dsv'
[33.376s] INFO:colcon.colcon_core.shell:Creating package script '/home/mrs-rpi/ros2_custom_interfaces/install/custom_msgs/share/custom_msgs/package.sh'
[33.378s] INFO:colcon.colcon_core.shell:Creating package script '/home/mrs-rpi/ros2_custom_interfaces/install/custom_msgs/share/custom_msgs/package.bash'
[33.380s] INFO:colcon.colcon_core.shell:Creating package script '/home/mrs-rpi/ros2_custom_interfaces/install/custom_msgs/share/custom_msgs/package.zsh'
[33.381s] Level 1:colcon.colcon_core.environment:create_file_with_runtime_dependencies(/home/mrs-rpi/ros2_custom_interfaces/install/custom_msgs/share/colcon-core/packages/custom_msgs)
[33.382s] DEBUG:colcon.colcon_parallel_executor.executor.parallel:closing loop
[33.384s] DEBUG:colcon.colcon_parallel_executor.executor.parallel:loop closed
[33.384s] DEBUG:colcon.colcon_parallel_executor.executor.parallel:run_until_complete finished with '0'
[33.384s] DEBUG:colcon.colcon_core.event_reactor:joining thread
[33.411s] INFO:colcon.colcon_core.plugin_system:Skipping extension 'colcon_notification.desktop_notification.notify_send': Could not find 'notify-send'
[33.412s] INFO:colcon.colcon_core.plugin_system:Skipping extension 'colcon_notification.desktop_notification.terminal_notifier': Not used on non-Darwin systems
[33.412s] INFO:colcon.colcon_core.plugin_system:Skipping extension 'colcon_notification.desktop_notification.win32': Not used on non-Windows systems
[33.412s] INFO:colcon.colcon_notification.desktop_notification:Sending desktop notification using 'notify2'
[33.467s] DEBUG:colcon.colcon_notification.desktop_notification.notify2:Failed to initialize notify2: org.freedesktop.DBus.Error.ServiceUnknown: The name org.freedesktop.Notifications was not provided by any .service files
[33.468s] DEBUG:colcon.colcon_core.event_reactor:joined thread
[33.469s] INFO:colcon.colcon_core.shell:Creating prefix script '/home/mrs-rpi/ros2_custom_interfaces/install/local_setup.ps1'
[33.473s] INFO:colcon.colcon_core.shell:Creating prefix util module '/home/mrs-rpi/ros2_custom_interfaces/install/_local_setup_util_ps1.py'
[33.479s] INFO:colcon.colcon_core.shell:Creating prefix chain script '/home/mrs-rpi/ros2_custom_interfaces/install/setup.ps1'
[33.484s] INFO:colcon.colcon_core.shell:Creating prefix script '/home/mrs-rpi/ros2_custom_interfaces/install/local_setup.sh'
[33.487s] INFO:colcon.colcon_core.shell:Creating prefix util module '/home/mrs-rpi/ros2_custom_interfaces/install/_local_setup_util_sh.py'
[33.489s] INFO:colcon.colcon_core.shell:Creating prefix chain script '/home/mrs-rpi/ros2_custom_interfaces/install/setup.sh'
[33.493s] INFO:colcon.colcon_core.shell:Creating prefix script '/home/mrs-rpi/ros2_custom_interfaces/install/local_setup.bash'
[33.496s] INFO:colcon.colcon_core.shell:Creating prefix chain script '/home/mrs-rpi/ros2_custom_interfaces/install/setup.bash'
[33.500s] INFO:colcon.colcon_core.shell:Creating prefix script '/home/mrs-rpi/ros2_custom_interfaces/install/local_setup.zsh'
[33.502s] INFO:colcon.colcon_core.shell:Creating prefix chain script '/home/mrs-rpi/ros2_custom_interfaces/install/setup.zsh'
