[3.588s] Invoking command in '/home/mrs-rpi/ros2_ws/src/rpi_controller': PYTHONPATH=/home/mrs-rpi/ros2_ws/build/rpi_controller/prefix_override:/usr/lib/python3/dist-packages/colcon_core/task/python/colcon_distutils_commands:/home/mrs-rpi/ros2_ws/install/rpi_controller/lib/python3.12/site-packages:${PYTHONPATH} /usr/bin/python3 -W ignore:setup.py install is deprecated -W ignore:easy_install command is deprecated setup.py egg_info --egg-base ../../build/rpi_controller build --build-base /home/mrs-rpi/ros2_ws/build/rpi_controller/build install --record /home/mrs-rpi/ros2_ws/build/rpi_controller/install.log --single-version-externally-managed install_data
[4.729s] running egg_info
[4.812s] writing ../../build/rpi_controller/rpi_controller.egg-info/PKG-INFO
[4.813s] writing dependency_links to ../../build/rpi_controller/rpi_controller.egg-info/dependency_links.txt
[4.814s] writing entry points to ../../build/rpi_controller/rpi_controller.egg-info/entry_points.txt
[4.815s] writing requirements to ../../build/rpi_controller/rpi_controller.egg-info/requires.txt
[4.815s] writing top-level names to ../../build/rpi_controller/rpi_controller.egg-info/top_level.txt
[4.987s] reading manifest file '../../build/rpi_controller/rpi_controller.egg-info/SOURCES.txt'
[4.991s] writing manifest file '../../build/rpi_controller/rpi_controller.egg-info/SOURCES.txt'
[4.991s] running build
[4.992s] running build_py
[4.992s] copying rpi_controller/arduino_controller.py -> /home/mrs-rpi/ros2_ws/build/rpi_controller/build/lib/rpi_controller
[4.994s] running install
[5.017s] running install_lib
[5.103s] copying /home/mrs-rpi/ros2_ws/build/rpi_controller/build/lib/rpi_controller/arduino_controller.py -> /home/mrs-rpi/ros2_ws/install/rpi_controller/lib/python3.12/site-packages/rpi_controller
[5.105s] byte-compiling /home/mrs-rpi/ros2_ws/install/rpi_controller/lib/python3.12/site-packages/rpi_controller/arduino_controller.py to arduino_controller.cpython-312.pyc
[5.110s] running install_data
[5.110s] running install_egg_info
[5.200s] removing '/home/mrs-rpi/ros2_ws/install/rpi_controller/lib/python3.12/site-packages/rpi_controller-0.0.1-py3.12.egg-info' (and everything under it)
[5.201s] Copying ../../build/rpi_controller/rpi_controller.egg-info to /home/mrs-rpi/ros2_ws/install/rpi_controller/lib/python3.12/site-packages/rpi_controller-0.0.1-py3.12.egg-info
[5.207s] running install_scripts
[5.842s] Installing arduino_controller script to /home/mrs-rpi/ros2_ws/install/rpi_controller/lib/rpi_controller
[5.843s] writing list of installed files to '/home/mrs-rpi/ros2_ws/build/rpi_controller/install.log'
[5.986s] Invoked command in '/home/mrs-rpi/ros2_ws/src/rpi_controller' returned '0': PYTHONPATH=/home/mrs-rpi/ros2_ws/build/rpi_controller/prefix_override:/usr/lib/python3/dist-packages/colcon_core/task/python/colcon_distutils_commands:/home/mrs-rpi/ros2_ws/install/rpi_controller/lib/python3.12/site-packages:${PYTHONPATH} /usr/bin/python3 -W ignore:setup.py install is deprecated -W ignore:easy_install command is deprecated setup.py egg_info --egg-base ../../build/rpi_controller build --build-base /home/mrs-rpi/ros2_ws/build/rpi_controller/build install --record /home/mrs-rpi/ros2_ws/build/rpi_controller/install.log --single-version-externally-managed install_data
