[0.690s] DEBUG:colcon:Command line arguments: ['/usr/bin/colcon', 'build']
[0.690s] DEBUG:colcon:Parsed command line arguments: Namespace(log_base=None, log_level=None, verb_name='build', build_base='build', install_base='install', merge_install=False, symlink_install=False, test_result_base=None, continue_on_error=False, executor='parallel', parallel_workers=4, event_handlers=None, ignore_user_meta=False, metas=['./colcon.meta'], base_paths=['.'], packages_ignore=None, packages_ignore_regex=None, paths=None, packages_up_to=None, packages_up_to_regex=None, packages_above=None, packages_above_and_dependencies=None, packages_above_depth=None, packages_select_by_dep=None, packages_skip_by_dep=None, packages_skip_up_to=None, packages_select_build_failed=False, packages_skip_build_finished=False, packages_select_test_failures=False, packages_skip_test_passed=False, packages_select=None, packages_skip=None, packages_select_regex=None, packages_skip_regex=None, packages_start=None, packages_end=None, allow_overriding=[], cmake_args=None, cmake_target=None, cmake_target_skip_unavailable=False, cmake_clean_cache=False, cmake_clean_first=False, cmake_force_configure=False, ament_cmake_args=None, catkin_cmake_args=None, catkin_skip_building_tests=False, mixin_files=None, mixin=None, verb_parser=<colcon_mixin.mixin.mixin_argument.MixinArgumentDecorator object at 0xffffa6111dc0>, verb_extension=<colcon_core.verb.build.BuildVerb object at 0xffffa62c1d60>, main=<bound method BuildVerb.main of <colcon_core.verb.build.BuildVerb object at 0xffffa62c1d60>>, mixin_verb=('build',))
[1.000s] Level 1:colcon.colcon_core.package_discovery:discover_packages(colcon_meta) check parameters
[1.001s] Level 1:colcon.colcon_core.package_discovery:discover_packages(recursive) check parameters
[1.001s] Level 1:colcon.colcon_core.package_discovery:discover_packages(ignore) check parameters
[1.001s] Level 1:colcon.colcon_core.package_discovery:discover_packages(path) check parameters
[1.001s] Level 1:colcon.colcon_core.package_discovery:discover_packages(colcon_meta) discover
[1.001s] Level 1:colcon.colcon_core.package_discovery:discover_packages(recursive) discover
[1.001s] INFO:colcon.colcon_core.package_discovery:Crawling recursively for packages in '/home/mrs-rpi/ros2_ws'
[1.002s] Level 1:colcon.colcon_core.package_identification:_identify(.) by extensions ['ignore', 'ignore_ament_install']
[1.002s] Level 1:colcon.colcon_core.package_identification:_identify(.) by extension 'ignore'
[1.003s] Level 1:colcon.colcon_core.package_identification:_identify(.) by extension 'ignore_ament_install'
[1.003s] Level 1:colcon.colcon_core.package_identification:_identify(.) by extensions ['colcon_pkg']
[1.003s] Level 1:colcon.colcon_core.package_identification:_identify(.) by extension 'colcon_pkg'
[1.003s] Level 1:colcon.colcon_core.package_identification:_identify(.) by extensions ['colcon_meta']
[1.004s] Level 1:colcon.colcon_core.package_identification:_identify(.) by extension 'colcon_meta'
[1.004s] Level 1:colcon.colcon_core.package_identification:_identify(.) by extensions ['ros']
[1.004s] Level 1:colcon.colcon_core.package_identification:_identify(.) by extension 'ros'
[1.110s] Level 1:colcon.colcon_core.package_identification:_identify(.) by extensions ['cmake', 'python']
[1.110s] Level 1:colcon.colcon_core.package_identification:_identify(.) by extension 'cmake'
[1.110s] Level 1:colcon.colcon_core.package_identification:_identify(.) by extension 'python'
[1.110s] Level 1:colcon.colcon_core.package_identification:_identify(.) by extensions ['python_setup_py']
[1.111s] Level 1:colcon.colcon_core.package_identification:_identify(.) by extension 'python_setup_py'
[1.111s] Level 1:colcon.colcon_core.package_identification:_identify(build) by extensions ['ignore', 'ignore_ament_install']
[1.111s] Level 1:colcon.colcon_core.package_identification:_identify(build) by extension 'ignore'
[1.112s] Level 1:colcon.colcon_core.package_identification:_identify(build) ignored
[1.112s] Level 1:colcon.colcon_core.package_identification:_identify(install) by extensions ['ignore', 'ignore_ament_install']
[1.112s] Level 1:colcon.colcon_core.package_identification:_identify(install) by extension 'ignore'
[1.113s] Level 1:colcon.colcon_core.package_identification:_identify(install) ignored
[1.113s] Level 1:colcon.colcon_core.package_identification:_identify(log) by extensions ['ignore', 'ignore_ament_install']
[1.113s] Level 1:colcon.colcon_core.package_identification:_identify(log) by extension 'ignore'
[1.113s] Level 1:colcon.colcon_core.package_identification:_identify(log) ignored
[1.114s] Level 1:colcon.colcon_core.package_identification:_identify(src) by extensions ['ignore', 'ignore_ament_install']
[1.114s] Level 1:colcon.colcon_core.package_identification:_identify(src) by extension 'ignore'
[1.114s] Level 1:colcon.colcon_core.package_identification:_identify(src) by extension 'ignore_ament_install'
[1.114s] Level 1:colcon.colcon_core.package_identification:_identify(src) by extensions ['colcon_pkg']
[1.114s] Level 1:colcon.colcon_core.package_identification:_identify(src) by extension 'colcon_pkg'
[1.115s] Level 1:colcon.colcon_core.package_identification:_identify(src) by extensions ['colcon_meta']
[1.115s] Level 1:colcon.colcon_core.package_identification:_identify(src) by extension 'colcon_meta'
[1.115s] Level 1:colcon.colcon_core.package_identification:_identify(src) by extensions ['ros']
[1.115s] Level 1:colcon.colcon_core.package_identification:_identify(src) by extension 'ros'
[1.115s] Level 1:colcon.colcon_core.package_identification:_identify(src) by extensions ['cmake', 'python']
[1.116s] Level 1:colcon.colcon_core.package_identification:_identify(src) by extension 'cmake'
[1.116s] Level 1:colcon.colcon_core.package_identification:_identify(src) by extension 'python'
[1.116s] Level 1:colcon.colcon_core.package_identification:_identify(src) by extensions ['python_setup_py']
[1.116s] Level 1:colcon.colcon_core.package_identification:_identify(src) by extension 'python_setup_py'
[1.116s] Level 1:colcon.colcon_core.package_identification:_identify(src/rpi_controller) by extensions ['ignore', 'ignore_ament_install']
[1.117s] Level 1:colcon.colcon_core.package_identification:_identify(src/rpi_controller) by extension 'ignore'
[1.117s] Level 1:colcon.colcon_core.package_identification:_identify(src/rpi_controller) by extension 'ignore_ament_install'
[1.117s] Level 1:colcon.colcon_core.package_identification:_identify(src/rpi_controller) by extensions ['colcon_pkg']
[1.117s] Level 1:colcon.colcon_core.package_identification:_identify(src/rpi_controller) by extension 'colcon_pkg'
[1.117s] Level 1:colcon.colcon_core.package_identification:_identify(src/rpi_controller) by extensions ['colcon_meta']
[1.118s] Level 1:colcon.colcon_core.package_identification:_identify(src/rpi_controller) by extension 'colcon_meta'
[1.118s] Level 1:colcon.colcon_core.package_identification:_identify(src/rpi_controller) by extensions ['ros']
[1.118s] Level 1:colcon.colcon_core.package_identification:_identify(src/rpi_controller) by extension 'ros'
[1.131s] DEBUG:colcon.colcon_core.package_identification:Package 'src/rpi_controller' with type 'ros.ament_python' and name 'rpi_controller'
[1.131s] Level 1:colcon.colcon_core.package_discovery:discover_packages(recursive) using defaults
[1.131s] Level 1:colcon.colcon_core.package_discovery:discover_packages(ignore) discover
[1.131s] Level 1:colcon.colcon_core.package_discovery:discover_packages(ignore) using defaults
[1.132s] Level 1:colcon.colcon_core.package_discovery:discover_packages(path) discover
[1.132s] Level 1:colcon.colcon_core.package_discovery:discover_packages(path) using defaults
[1.244s] Level 1:colcon.colcon_core.package_discovery:discover_packages(prefix_path) check parameters
[1.245s] Level 1:colcon.colcon_core.package_discovery:discover_packages(prefix_path) discover
[1.268s] DEBUG:colcon.colcon_installed_package_information.package_discovery:Found 285 installed packages in /opt/ros/jazzy
[1.276s] Level 1:colcon.colcon_core.package_discovery:discover_packages(prefix_path) using defaults
[1.470s] Level 5:colcon.colcon_core.verb:set package 'rpi_controller' build argument 'cmake_args' from command line to 'None'
[1.470s] Level 5:colcon.colcon_core.verb:set package 'rpi_controller' build argument 'cmake_target' from command line to 'None'
[1.470s] Level 5:colcon.colcon_core.verb:set package 'rpi_controller' build argument 'cmake_target_skip_unavailable' from command line to 'False'
[1.470s] Level 5:colcon.colcon_core.verb:set package 'rpi_controller' build argument 'cmake_clean_cache' from command line to 'False'
[1.471s] Level 5:colcon.colcon_core.verb:set package 'rpi_controller' build argument 'cmake_clean_first' from command line to 'False'
[1.471s] Level 5:colcon.colcon_core.verb:set package 'rpi_controller' build argument 'cmake_force_configure' from command line to 'False'
[1.471s] Level 5:colcon.colcon_core.verb:set package 'rpi_controller' build argument 'ament_cmake_args' from command line to 'None'
[1.471s] Level 5:colcon.colcon_core.verb:set package 'rpi_controller' build argument 'catkin_cmake_args' from command line to 'None'
[1.471s] Level 5:colcon.colcon_core.verb:set package 'rpi_controller' build argument 'catkin_skip_building_tests' from command line to 'False'
[1.471s] DEBUG:colcon.colcon_core.verb:Building package 'rpi_controller' with the following arguments: {'ament_cmake_args': None, 'build_base': '/home/mrs-rpi/ros2_ws/build/rpi_controller', 'catkin_cmake_args': None, 'catkin_skip_building_tests': False, 'cmake_args': None, 'cmake_clean_cache': False, 'cmake_clean_first': False, 'cmake_force_configure': False, 'cmake_target': None, 'cmake_target_skip_unavailable': False, 'install_base': '/home/mrs-rpi/ros2_ws/install/rpi_controller', 'merge_install': False, 'path': '/home/mrs-rpi/ros2_ws/src/rpi_controller', 'symlink_install': False, 'test_result_base': None}
[1.472s] INFO:colcon.colcon_core.executor:Executing jobs using 'parallel' executor
[1.475s] DEBUG:colcon.colcon_parallel_executor.executor.parallel:run_until_complete
[1.475s] INFO:colcon.colcon_ros.task.ament_python.build:Building ROS package in '/home/mrs-rpi/ros2_ws/src/rpi_controller' with build type 'ament_python'
[1.476s] Level 1:colcon.colcon_core.shell:create_environment_hook('rpi_controller', 'ament_prefix_path')
[1.494s] INFO:colcon.colcon_core.plugin_system:Skipping extension 'colcon_core.shell.bat': Not used on non-Windows systems
[1.495s] INFO:colcon.colcon_core.shell:Creating environment hook '/home/mrs-rpi/ros2_ws/install/rpi_controller/share/rpi_controller/hook/ament_prefix_path.ps1'
[1.506s] INFO:colcon.colcon_core.shell:Creating environment descriptor '/home/mrs-rpi/ros2_ws/install/rpi_controller/share/rpi_controller/hook/ament_prefix_path.dsv'
[1.509s] INFO:colcon.colcon_core.shell:Creating environment hook '/home/mrs-rpi/ros2_ws/install/rpi_controller/share/rpi_controller/hook/ament_prefix_path.sh'
[1.513s] INFO:colcon.colcon_core.shell:Skip shell extension 'powershell' for command environment: Not usable outside of PowerShell
[1.513s] DEBUG:colcon.colcon_core.shell:Skip shell extension 'dsv' for command environment
[2.492s] INFO:colcon.colcon_core.task.python.build:Building Python package in '/home/mrs-rpi/ros2_ws/src/rpi_controller'
[2.493s] INFO:colcon.colcon_core.shell:Skip shell extension 'powershell' for command environment: Not usable outside of PowerShell
[2.493s] DEBUG:colcon.colcon_core.shell:Skip shell extension 'dsv' for command environment
[6.014s] DEBUG:colcon.colcon_core.event_handler.log_command:Invoking command in '/home/mrs-rpi/ros2_ws/src/rpi_controller': PYTHONPATH=/home/mrs-rpi/ros2_ws/build/rpi_controller/prefix_override:/usr/lib/python3/dist-packages/colcon_core/task/python/colcon_distutils_commands:/home/mrs-rpi/ros2_ws/install/rpi_controller/lib/python3.12/site-packages:${PYTHONPATH} /usr/bin/python3 -W ignore:setup.py install is deprecated -W ignore:easy_install command is deprecated setup.py egg_info --egg-base ../../build/rpi_controller build --build-base /home/mrs-rpi/ros2_ws/build/rpi_controller/build install --record /home/mrs-rpi/ros2_ws/build/rpi_controller/install.log --single-version-externally-managed install_data
[8.437s] DEBUG:colcon.colcon_core.event_handler.log_command:Invoked command in '/home/mrs-rpi/ros2_ws/src/rpi_controller' returned '0': PYTHONPATH=/home/mrs-rpi/ros2_ws/build/rpi_controller/prefix_override:/usr/lib/python3/dist-packages/colcon_core/task/python/colcon_distutils_commands:/home/mrs-rpi/ros2_ws/install/rpi_controller/lib/python3.12/site-packages:${PYTHONPATH} /usr/bin/python3 -W ignore:setup.py install is deprecated -W ignore:easy_install command is deprecated setup.py egg_info --egg-base ../../build/rpi_controller build --build-base /home/mrs-rpi/ros2_ws/build/rpi_controller/build install --record /home/mrs-rpi/ros2_ws/build/rpi_controller/install.log --single-version-externally-managed install_data
[8.458s] Level 1:colcon.colcon_core.environment:checking '/home/mrs-rpi/ros2_ws/install/rpi_controller' for CMake module files
[8.461s] Level 1:colcon.colcon_core.environment:checking '/home/mrs-rpi/ros2_ws/install/rpi_controller' for CMake config files
[8.465s] Level 1:colcon.colcon_core.environment:checking '/home/mrs-rpi/ros2_ws/install/rpi_controller/lib'
[8.466s] Level 1:colcon.colcon_core.environment:checking '/home/mrs-rpi/ros2_ws/install/rpi_controller/bin'
[8.466s] Level 1:colcon.colcon_core.environment:checking '/home/mrs-rpi/ros2_ws/install/rpi_controller/lib/pkgconfig/rpi_controller.pc'
[8.467s] Level 1:colcon.colcon_core.environment:checking '/home/mrs-rpi/ros2_ws/install/rpi_controller/lib/python3.12/site-packages'
[8.468s] Level 1:colcon.colcon_core.shell:create_environment_hook('rpi_controller', 'pythonpath')
[8.468s] INFO:colcon.colcon_core.shell:Creating environment hook '/home/mrs-rpi/ros2_ws/install/rpi_controller/share/rpi_controller/hook/pythonpath.ps1'
[8.470s] INFO:colcon.colcon_core.shell:Creating environment descriptor '/home/mrs-rpi/ros2_ws/install/rpi_controller/share/rpi_controller/hook/pythonpath.dsv'
[8.472s] INFO:colcon.colcon_core.shell:Creating environment hook '/home/mrs-rpi/ros2_ws/install/rpi_controller/share/rpi_controller/hook/pythonpath.sh'
[8.475s] Level 1:colcon.colcon_core.environment:checking '/home/mrs-rpi/ros2_ws/install/rpi_controller/bin'
[8.475s] Level 1:colcon.colcon_core.environment:create_environment_scripts_only(rpi_controller)
[8.476s] INFO:colcon.colcon_core.shell:Creating package script '/home/mrs-rpi/ros2_ws/install/rpi_controller/share/rpi_controller/package.ps1'
[8.479s] INFO:colcon.colcon_core.shell:Creating package descriptor '/home/mrs-rpi/ros2_ws/install/rpi_controller/share/rpi_controller/package.dsv'
[8.482s] INFO:colcon.colcon_core.shell:Creating package script '/home/mrs-rpi/ros2_ws/install/rpi_controller/share/rpi_controller/package.sh'
[8.485s] INFO:colcon.colcon_core.shell:Creating package script '/home/mrs-rpi/ros2_ws/install/rpi_controller/share/rpi_controller/package.bash'
[8.490s] INFO:colcon.colcon_core.shell:Creating package script '/home/mrs-rpi/ros2_ws/install/rpi_controller/share/rpi_controller/package.zsh'
[8.493s] Level 1:colcon.colcon_core.environment:create_file_with_runtime_dependencies(/home/mrs-rpi/ros2_ws/install/rpi_controller/share/colcon-core/packages/rpi_controller)
[8.495s] DEBUG:colcon.colcon_parallel_executor.executor.parallel:closing loop
[8.496s] DEBUG:colcon.colcon_parallel_executor.executor.parallel:loop closed
[8.497s] DEBUG:colcon.colcon_parallel_executor.executor.parallel:run_until_complete finished with '0'
[8.497s] DEBUG:colcon.colcon_core.event_reactor:joining thread
[8.526s] INFO:colcon.colcon_core.plugin_system:Skipping extension 'colcon_notification.desktop_notification.notify_send': Could not find 'notify-send'
[8.526s] INFO:colcon.colcon_core.plugin_system:Skipping extension 'colcon_notification.desktop_notification.terminal_notifier': Not used on non-Darwin systems
[8.526s] INFO:colcon.colcon_core.plugin_system:Skipping extension 'colcon_notification.desktop_notification.win32': Not used on non-Windows systems
[8.526s] INFO:colcon.colcon_notification.desktop_notification:Sending desktop notification using 'notify2'
[8.578s] DEBUG:colcon.colcon_notification.desktop_notification.notify2:Failed to initialize notify2: org.freedesktop.DBus.Error.ServiceUnknown: The name org.freedesktop.Notifications was not provided by any .service files
[8.578s] DEBUG:colcon.colcon_core.event_reactor:joined thread
[8.579s] INFO:colcon.colcon_core.shell:Creating prefix script '/home/mrs-rpi/ros2_ws/install/local_setup.ps1'
[8.584s] INFO:colcon.colcon_core.shell:Creating prefix util module '/home/mrs-rpi/ros2_ws/install/_local_setup_util_ps1.py'
[8.591s] INFO:colcon.colcon_core.shell:Creating prefix chain script '/home/mrs-rpi/ros2_ws/install/setup.ps1'
[8.595s] INFO:colcon.colcon_core.shell:Creating prefix script '/home/mrs-rpi/ros2_ws/install/local_setup.sh'
[8.598s] INFO:colcon.colcon_core.shell:Creating prefix util module '/home/mrs-rpi/ros2_ws/install/_local_setup_util_sh.py'
[8.601s] INFO:colcon.colcon_core.shell:Creating prefix chain script '/home/mrs-rpi/ros2_ws/install/setup.sh'
[8.605s] INFO:colcon.colcon_core.shell:Creating prefix script '/home/mrs-rpi/ros2_ws/install/local_setup.bash'
[8.607s] INFO:colcon.colcon_core.shell:Creating prefix chain script '/home/mrs-rpi/ros2_ws/install/setup.bash'
[8.611s] INFO:colcon.colcon_core.shell:Creating prefix script '/home/mrs-rpi/ros2_ws/install/local_setup.zsh'
[8.614s] INFO:colcon.colcon_core.shell:Creating prefix chain script '/home/mrs-rpi/ros2_ws/install/setup.zsh'
