[0.009s] Invoking command in '/home/mrs_lab/ros2_custom_interfaces/build/custom_msgs': CMAKE_PREFIX_PATH=${CMAKE_PREFIX_PATH}:/opt/ros/jazzy DEBUGINFOD_URLS=https://debuginfod.ubuntu.com /usr/bin/cmake /home/mrs_lab/ros2_custom_interfaces/src/custom_msgs -DCMAKE_INSTALL_PREFIX=/home/mrs_lab/ros2_custom_interfaces/install/custom_msgs
[0.055s] -- The C compiler identification is GNU 13.3.0
[0.107s] -- The CXX compiler identification is GNU 13.3.0
[0.120s] -- Detecting C compiler ABI info
[0.201s] -- Detecting C compiler ABI info - done
[0.211s] -- Check for working C compiler: /usr/bin/cc - skipped
[0.211s] -- Detecting C compile features
[0.212s] -- Detecting C compile features - done
[0.219s] -- Detecting CXX compiler ABI info
[0.304s] -- Detecting CXX compiler ABI info - done
[0.313s] -- Check for working CXX compiler: /usr/bin/c++ - skipped
[0.314s] -- Detecting CXX compile features
[0.314s] -- Detecting CXX compile features - done
[0.316s] -- Found ament_cmake: 2.5.4 (/opt/ros/jazzy/share/ament_cmake/cmake)
[0.444s] -- Found Python3: /usr/bin/python3 (found version "3.12.3") found components: Interpreter 
[0.534s] -- Found ament_lint_auto: 0.17.3 (/opt/ros/jazzy/share/ament_lint_auto/cmake)
[0.535s] -- Found rosidl_default_generators: 1.6.0 (/opt/ros/jazzy/share/rosidl_default_generators/cmake)
[0.539s] -- Using all available rosidl_typesupport_c: rosidl_typesupport_fastrtps_c;rosidl_typesupport_introspection_c
[0.584s] -- Using all available rosidl_typesupport_cpp: rosidl_typesupport_fastrtps_cpp;rosidl_typesupport_introspection_cpp
[0.623s] -- Found rosidl_adapter: 4.6.6 (/opt/ros/jazzy/share/rosidl_adapter/cmake)
[0.626s] -- Found std_msgs: 5.3.6 (/opt/ros/jazzy/share/std_msgs/cmake)
[1.183s] -- Found ament_cmake_ros: 0.12.0 (/opt/ros/jazzy/share/ament_cmake_ros/cmake)
[1.578s] -- Using all available rosidl_typesupport_c: rosidl_typesupport_fastrtps_c;rosidl_typesupport_introspection_c
[2.097s] -- Using all available rosidl_typesupport_cpp: rosidl_typesupport_fastrtps_cpp;rosidl_typesupport_introspection_cpp
[2.099s] -- Found python_cmake_module: 0.11.1 (/opt/ros/jazzy/share/python_cmake_module/cmake)
[2.229s] -- Found PythonExtra: /usr/bin/python3  
[2.636s] -- Found Python3: /usr/bin/python3 (found version "3.12.3") found components: Interpreter Development NumPy Development.Module Development.Embed 
[2.668s] -- Added test 'lint_cmake' to check CMake code style
[2.669s] -- Added test 'xmllint' to check XML markup files
[2.674s] -- Configuring done (2.7s)
[2.700s] -- Generating done (0.0s)
[2.712s] -- Build files have been written to: /home/mrs_lab/ros2_custom_interfaces/build/custom_msgs
[2.721s] Invoked command in '/home/mrs_lab/ros2_custom_interfaces/build/custom_msgs' returned '0': CMAKE_PREFIX_PATH=${CMAKE_PREFIX_PATH}:/opt/ros/jazzy DEBUGINFOD_URLS=https://debuginfod.ubuntu.com /usr/bin/cmake /home/mrs_lab/ros2_custom_interfaces/src/custom_msgs -DCMAKE_INSTALL_PREFIX=/home/mrs_lab/ros2_custom_interfaces/install/custom_msgs
[2.722s] Invoking command in '/home/mrs_lab/ros2_custom_interfaces/build/custom_msgs': CMAKE_PREFIX_PATH=${CMAKE_PREFIX_PATH}:/opt/ros/jazzy DEBUGINFOD_URLS=https://debuginfod.ubuntu.com /usr/bin/cmake --build /home/mrs_lab/ros2_custom_interfaces/build/custom_msgs -- -j8 -l8
[2.766s] [  2%] [34m[1mGenerating type hashes for ROS interfaces[0m
[2.774s] [  2%] Built target ament_cmake_python_copy_custom_msgs
[2.956s] [  2%] Built target custom_msgs__rosidl_generator_type_description
[2.965s] [  5%] [34m[1mGenerating C code for ROS interfaces[0m
[2.974s] [  8%] [34m[1mGenerating C++ code for ROS interfaces[0m
[2.990s] running egg_info
[2.991s] creating custom_msgs.egg-info
[3.013s] writing custom_msgs.egg-info/PKG-INFO
[3.013s] writing dependency_links to custom_msgs.egg-info/dependency_links.txt
[3.013s] writing top-level names to custom_msgs.egg-info/top_level.txt
[3.013s] writing manifest file 'custom_msgs.egg-info/SOURCES.txt'
[3.077s] reading manifest file 'custom_msgs.egg-info/SOURCES.txt'
[3.077s] writing manifest file 'custom_msgs.egg-info/SOURCES.txt'
[3.104s] [  8%] Built target ament_cmake_python_build_custom_msgs_egg
[3.207s] [  8%] Built target custom_msgs__cpp
[3.229s] [ 17%] [32mBuilding C object CMakeFiles/custom_msgs__rosidl_generator_c.dir/rosidl_generator_c/custom_msgs/msg/detail/logitech_input__type_support.c.o[0m
[3.229s] [ 17%] [32mBuilding C object CMakeFiles/custom_msgs__rosidl_generator_c.dir/rosidl_generator_c/custom_msgs/msg/detail/logitech_input__functions.c.o[0m
[3.229s] [ 17%] [32mBuilding C object CMakeFiles/custom_msgs__rosidl_generator_c.dir/rosidl_generator_c/custom_msgs/msg/detail/logitech_input__description.c.o[0m
[3.277s] [ 20%] [32m[1mLinking C shared library libcustom_msgs__rosidl_generator_c.so[0m
[3.309s] [ 20%] Built target custom_msgs__rosidl_generator_c
[3.320s] [ 23%] [34m[1mGenerating C type support for eProsima Fast-RTPS[0m
[3.322s] [ 29%] [34m[1mGenerating C++ type support dispatch for ROS interfaces[0m
[3.322s] [ 29%] [34m[1mGenerating C introspection for ROS interfaces[0m
[3.322s] [ 32%] [34m[1mGenerating C type support dispatch for ROS interfaces[0m
[3.322s] [ 35%] [34m[1mGenerating C++ type support for eProsima Fast-RTPS[0m
[3.322s] [ 38%] [34m[1mGenerating C++ introspection for ROS interfaces[0m
[3.568s] [ 41%] [32mBuilding CXX object CMakeFiles/custom_msgs__rosidl_typesupport_introspection_cpp.dir/rosidl_typesupport_introspection_cpp/custom_msgs/msg/detail/logitech_input__type_support.cpp.o[0m
[3.593s] [ 44%] [32mBuilding CXX object CMakeFiles/custom_msgs__rosidl_typesupport_fastrtps_c.dir/rosidl_typesupport_fastrtps_c/custom_msgs/msg/detail/logitech_input__type_support_c.cpp.o[0m
[3.727s] [ 47%] [32mBuilding CXX object CMakeFiles/custom_msgs__rosidl_typesupport_c.dir/rosidl_typesupport_c/custom_msgs/msg/logitech_input__type_support.cpp.o[0m
[3.731s] [ 50%] [32mBuilding CXX object CMakeFiles/custom_msgs__rosidl_typesupport_cpp.dir/rosidl_typesupport_cpp/custom_msgs/msg/logitech_input__type_support.cpp.o[0m
[3.749s] [ 52%] [32mBuilding C object CMakeFiles/custom_msgs__rosidl_typesupport_introspection_c.dir/rosidl_typesupport_introspection_c/custom_msgs/msg/detail/logitech_input__type_support.c.o[0m
[3.766s] [ 55%] [32mBuilding CXX object CMakeFiles/custom_msgs__rosidl_typesupport_fastrtps_cpp.dir/rosidl_typesupport_fastrtps_cpp/custom_msgs/msg/detail/dds_fastrtps/logitech_input__type_support.cpp.o[0m
[3.787s] [ 58%] [32m[1mLinking C shared library libcustom_msgs__rosidl_typesupport_introspection_c.so[0m
[3.792s] [ 61%] [32m[1mLinking CXX shared library libcustom_msgs__rosidl_typesupport_c.so[0m
[3.819s] [ 61%] Built target custom_msgs__rosidl_typesupport_introspection_c
[3.839s] [ 61%] Built target custom_msgs__rosidl_typesupport_c
[3.948s] [ 64%] [32m[1mLinking CXX shared library libcustom_msgs__rosidl_typesupport_introspection_cpp.so[0m
[4.027s] [ 64%] Built target custom_msgs__rosidl_typesupport_introspection_cpp
[4.072s] [ 67%] [32m[1mLinking CXX shared library libcustom_msgs__rosidl_typesupport_fastrtps_c.so[0m
[4.100s] [ 70%] [32m[1mLinking CXX shared library libcustom_msgs__rosidl_typesupport_cpp.so[0m
[4.117s] [ 70%] Built target custom_msgs__rosidl_typesupport_fastrtps_c
[4.138s] [ 70%] Built target custom_msgs__rosidl_typesupport_cpp
[4.243s] [ 73%] [32m[1mLinking CXX shared library libcustom_msgs__rosidl_typesupport_fastrtps_cpp.so[0m
[4.313s] [ 73%] Built target custom_msgs__rosidl_typesupport_fastrtps_cpp
[4.330s] [ 73%] Built target custom_msgs
[4.348s] [ 76%] [34m[1mGenerating Python code for ROS interfaces[0m
[4.624s] [ 76%] Built target custom_msgs__py
[4.642s] [ 79%] [32mBuilding C object CMakeFiles/custom_msgs__rosidl_generator_py.dir/rosidl_generator_py/custom_msgs/msg/_logitech_input_s.c.o[0m
[4.786s] [ 82%] [32m[1mLinking C shared library libcustom_msgs__rosidl_generator_py.so[0m
[4.821s] [ 82%] Built target custom_msgs__rosidl_generator_py
[4.839s] [ 91%] [32mBuilding C object CMakeFiles/custom_msgs_s__rosidl_typesupport_introspection_c.dir/rosidl_generator_py/custom_msgs/_custom_msgs_s.ep.rosidl_typesupport_introspection_c.c.o[0m
[4.839s] [ 91%] [32mBuilding C object CMakeFiles/custom_msgs_s__rosidl_typesupport_c.dir/rosidl_generator_py/custom_msgs/_custom_msgs_s.ep.rosidl_typesupport_c.c.o[0m
[4.839s] [ 91%] [32mBuilding C object CMakeFiles/custom_msgs_s__rosidl_typesupport_fastrtps_c.dir/rosidl_generator_py/custom_msgs/_custom_msgs_s.ep.rosidl_typesupport_fastrtps_c.c.o[0m
[4.933s] [ 97%] [32m[1mLinking C shared module rosidl_generator_py/custom_msgs/custom_msgs_s__rosidl_typesupport_c.so[0m
[4.933s] [ 97%] [32m[1mLinking C shared module rosidl_generator_py/custom_msgs/custom_msgs_s__rosidl_typesupport_introspection_c.so[0m
[4.940s] [100%] [32m[1mLinking C shared module rosidl_generator_py/custom_msgs/custom_msgs_s__rosidl_typesupport_fastrtps_c.so[0m
[4.961s] [100%] Built target custom_msgs_s__rosidl_typesupport_c
[4.962s] [100%] Built target custom_msgs_s__rosidl_typesupport_introspection_c
[4.969s] [100%] Built target custom_msgs_s__rosidl_typesupport_fastrtps_c
[4.979s] Invoked command in '/home/mrs_lab/ros2_custom_interfaces/build/custom_msgs' returned '0': CMAKE_PREFIX_PATH=${CMAKE_PREFIX_PATH}:/opt/ros/jazzy DEBUGINFOD_URLS=https://debuginfod.ubuntu.com /usr/bin/cmake --build /home/mrs_lab/ros2_custom_interfaces/build/custom_msgs -- -j8 -l8
[4.988s] Invoking command in '/home/mrs_lab/ros2_custom_interfaces/build/custom_msgs': CMAKE_PREFIX_PATH=${CMAKE_PREFIX_PATH}:/opt/ros/jazzy DEBUGINFOD_URLS=https://debuginfod.ubuntu.com /usr/bin/cmake --install /home/mrs_lab/ros2_custom_interfaces/build/custom_msgs
[4.995s] -- Install configuration: ""
[4.995s] -- Installing: /home/mrs_lab/ros2_custom_interfaces/install/custom_msgs/share/ament_index/resource_index/rosidl_interfaces/custom_msgs
[4.996s] -- Installing: /home/mrs_lab/ros2_custom_interfaces/install/custom_msgs/share/custom_msgs/msg/LogitechInput.json
[4.996s] -- Installing: /home/mrs_lab/ros2_custom_interfaces/install/custom_msgs/include/custom_msgs/custom_msgs
[4.996s] -- Installing: /home/mrs_lab/ros2_custom_interfaces/install/custom_msgs/include/custom_msgs/custom_msgs/msg
[4.996s] -- Installing: /home/mrs_lab/ros2_custom_interfaces/install/custom_msgs/include/custom_msgs/custom_msgs/msg/logitech_input.h
[4.996s] -- Installing: /home/mrs_lab/ros2_custom_interfaces/install/custom_msgs/include/custom_msgs/custom_msgs/msg/rosidl_generator_c__visibility_control.h
[4.996s] -- Installing: /home/mrs_lab/ros2_custom_interfaces/install/custom_msgs/include/custom_msgs/custom_msgs/msg/detail
[4.996s] -- Installing: /home/mrs_lab/ros2_custom_interfaces/install/custom_msgs/include/custom_msgs/custom_msgs/msg/detail/logitech_input__struct.h
[4.996s] -- Installing: /home/mrs_lab/ros2_custom_interfaces/install/custom_msgs/include/custom_msgs/custom_msgs/msg/detail/logitech_input__type_support.h
[4.996s] -- Installing: /home/mrs_lab/ros2_custom_interfaces/install/custom_msgs/include/custom_msgs/custom_msgs/msg/detail/logitech_input__functions.h
[4.996s] -- Installing: /home/mrs_lab/ros2_custom_interfaces/install/custom_msgs/include/custom_msgs/custom_msgs/msg/detail/logitech_input__type_support.c
[4.996s] -- Installing: /home/mrs_lab/ros2_custom_interfaces/install/custom_msgs/include/custom_msgs/custom_msgs/msg/detail/logitech_input__functions.c
[4.997s] -- Installing: /home/mrs_lab/ros2_custom_interfaces/install/custom_msgs/include/custom_msgs/custom_msgs/msg/detail/logitech_input__description.c
[4.997s] -- Installing: /home/mrs_lab/ros2_custom_interfaces/install/custom_msgs/share/custom_msgs/environment/library_path.sh
[4.997s] -- Installing: /home/mrs_lab/ros2_custom_interfaces/install/custom_msgs/share/custom_msgs/environment/library_path.dsv
[4.997s] -- Installing: /home/mrs_lab/ros2_custom_interfaces/install/custom_msgs/lib/libcustom_msgs__rosidl_generator_c.so
[4.997s] -- Set non-toolchain portion of runtime path of "/home/mrs_lab/ros2_custom_interfaces/install/custom_msgs/lib/libcustom_msgs__rosidl_generator_c.so" to ""
[4.997s] -- Up-to-date: /home/mrs_lab/ros2_custom_interfaces/install/custom_msgs/include/custom_msgs/custom_msgs
[4.997s] -- Up-to-date: /home/mrs_lab/ros2_custom_interfaces/install/custom_msgs/include/custom_msgs/custom_msgs/msg
[4.998s] -- Installing: /home/mrs_lab/ros2_custom_interfaces/install/custom_msgs/include/custom_msgs/custom_msgs/msg/rosidl_typesupport_fastrtps_c__visibility_control.h
[4.998s] -- Up-to-date: /home/mrs_lab/ros2_custom_interfaces/install/custom_msgs/include/custom_msgs/custom_msgs/msg/detail
[4.998s] -- Installing: /home/mrs_lab/ros2_custom_interfaces/install/custom_msgs/include/custom_msgs/custom_msgs/msg/detail/logitech_input__rosidl_typesupport_fastrtps_c.h
[4.998s] -- Installing: /home/mrs_lab/ros2_custom_interfaces/install/custom_msgs/lib/libcustom_msgs__rosidl_typesupport_fastrtps_c.so
[4.998s] -- Set non-toolchain portion of runtime path of "/home/mrs_lab/ros2_custom_interfaces/install/custom_msgs/lib/libcustom_msgs__rosidl_typesupport_fastrtps_c.so" to ""
[4.998s] -- Up-to-date: /home/mrs_lab/ros2_custom_interfaces/install/custom_msgs/include/custom_msgs/custom_msgs
[4.998s] -- Up-to-date: /home/mrs_lab/ros2_custom_interfaces/install/custom_msgs/include/custom_msgs/custom_msgs/msg
[4.998s] -- Installing: /home/mrs_lab/ros2_custom_interfaces/install/custom_msgs/include/custom_msgs/custom_msgs/msg/rosidl_typesupport_introspection_c__visibility_control.h
[4.998s] -- Up-to-date: /home/mrs_lab/ros2_custom_interfaces/install/custom_msgs/include/custom_msgs/custom_msgs/msg/detail
[4.998s] -- Installing: /home/mrs_lab/ros2_custom_interfaces/install/custom_msgs/include/custom_msgs/custom_msgs/msg/detail/logitech_input__type_support.c
[4.998s] -- Installing: /home/mrs_lab/ros2_custom_interfaces/install/custom_msgs/include/custom_msgs/custom_msgs/msg/detail/logitech_input__rosidl_typesupport_introspection_c.h
[4.998s] -- Installing: /home/mrs_lab/ros2_custom_interfaces/install/custom_msgs/lib/libcustom_msgs__rosidl_typesupport_introspection_c.so
[4.999s] -- Set non-toolchain portion of runtime path of "/home/mrs_lab/ros2_custom_interfaces/install/custom_msgs/lib/libcustom_msgs__rosidl_typesupport_introspection_c.so" to ""
[4.999s] -- Installing: /home/mrs_lab/ros2_custom_interfaces/install/custom_msgs/lib/libcustom_msgs__rosidl_typesupport_c.so
[4.999s] -- Set non-toolchain portion of runtime path of "/home/mrs_lab/ros2_custom_interfaces/install/custom_msgs/lib/libcustom_msgs__rosidl_typesupport_c.so" to ""
[4.999s] -- Up-to-date: /home/mrs_lab/ros2_custom_interfaces/install/custom_msgs/include/custom_msgs/custom_msgs
[4.999s] -- Up-to-date: /home/mrs_lab/ros2_custom_interfaces/install/custom_msgs/include/custom_msgs/custom_msgs/msg
[4.999s] -- Installing: /home/mrs_lab/ros2_custom_interfaces/install/custom_msgs/include/custom_msgs/custom_msgs/msg/logitech_input.hpp
[4.999s] -- Installing: /home/mrs_lab/ros2_custom_interfaces/install/custom_msgs/include/custom_msgs/custom_msgs/msg/rosidl_generator_cpp__visibility_control.hpp
[4.999s] -- Up-to-date: /home/mrs_lab/ros2_custom_interfaces/install/custom_msgs/include/custom_msgs/custom_msgs/msg/detail
[5.000s] -- Installing: /home/mrs_lab/ros2_custom_interfaces/install/custom_msgs/include/custom_msgs/custom_msgs/msg/detail/logitech_input__struct.hpp
[5.000s] -- Installing: /home/mrs_lab/ros2_custom_interfaces/install/custom_msgs/include/custom_msgs/custom_msgs/msg/detail/logitech_input__traits.hpp
[5.000s] -- Installing: /home/mrs_lab/ros2_custom_interfaces/install/custom_msgs/include/custom_msgs/custom_msgs/msg/detail/logitech_input__type_support.hpp
[5.000s] -- Installing: /home/mrs_lab/ros2_custom_interfaces/install/custom_msgs/include/custom_msgs/custom_msgs/msg/detail/logitech_input__builder.hpp
[5.000s] -- Up-to-date: /home/mrs_lab/ros2_custom_interfaces/install/custom_msgs/include/custom_msgs/custom_msgs
[5.000s] -- Up-to-date: /home/mrs_lab/ros2_custom_interfaces/install/custom_msgs/include/custom_msgs/custom_msgs/msg
[5.000s] -- Installing: /home/mrs_lab/ros2_custom_interfaces/install/custom_msgs/include/custom_msgs/custom_msgs/msg/rosidl_typesupport_fastrtps_cpp__visibility_control.h
[5.000s] -- Up-to-date: /home/mrs_lab/ros2_custom_interfaces/install/custom_msgs/include/custom_msgs/custom_msgs/msg/detail
[5.000s] -- Installing: /home/mrs_lab/ros2_custom_interfaces/install/custom_msgs/include/custom_msgs/custom_msgs/msg/detail/logitech_input__rosidl_typesupport_fastrtps_cpp.hpp
[5.000s] -- Installing: /home/mrs_lab/ros2_custom_interfaces/install/custom_msgs/include/custom_msgs/custom_msgs/msg/detail/dds_fastrtps
[5.000s] -- Installing: /home/mrs_lab/ros2_custom_interfaces/install/custom_msgs/lib/libcustom_msgs__rosidl_typesupport_fastrtps_cpp.so
[5.000s] -- Set non-toolchain portion of runtime path of "/home/mrs_lab/ros2_custom_interfaces/install/custom_msgs/lib/libcustom_msgs__rosidl_typesupport_fastrtps_cpp.so" to ""
[5.001s] -- Up-to-date: /home/mrs_lab/ros2_custom_interfaces/install/custom_msgs/include/custom_msgs/custom_msgs
[5.001s] -- Up-to-date: /home/mrs_lab/ros2_custom_interfaces/install/custom_msgs/include/custom_msgs/custom_msgs/msg
[5.001s] -- Up-to-date: /home/mrs_lab/ros2_custom_interfaces/install/custom_msgs/include/custom_msgs/custom_msgs/msg/detail
[5.001s] -- Installing: /home/mrs_lab/ros2_custom_interfaces/install/custom_msgs/include/custom_msgs/custom_msgs/msg/detail/logitech_input__rosidl_typesupport_introspection_cpp.hpp
[5.001s] -- Installing: /home/mrs_lab/ros2_custom_interfaces/install/custom_msgs/include/custom_msgs/custom_msgs/msg/detail/logitech_input__type_support.cpp
[5.001s] -- Installing: /home/mrs_lab/ros2_custom_interfaces/install/custom_msgs/lib/libcustom_msgs__rosidl_typesupport_introspection_cpp.so
[5.001s] -- Set non-toolchain portion of runtime path of "/home/mrs_lab/ros2_custom_interfaces/install/custom_msgs/lib/libcustom_msgs__rosidl_typesupport_introspection_cpp.so" to ""
[5.001s] -- Installing: /home/mrs_lab/ros2_custom_interfaces/install/custom_msgs/lib/libcustom_msgs__rosidl_typesupport_cpp.so
[5.001s] -- Set non-toolchain portion of runtime path of "/home/mrs_lab/ros2_custom_interfaces/install/custom_msgs/lib/libcustom_msgs__rosidl_typesupport_cpp.so" to ""
[5.001s] -- Installing: /home/mrs_lab/ros2_custom_interfaces/install/custom_msgs/share/custom_msgs/environment/pythonpath.sh
[5.002s] -- Installing: /home/mrs_lab/ros2_custom_interfaces/install/custom_msgs/share/custom_msgs/environment/pythonpath.dsv
[5.002s] -- Installing: /home/mrs_lab/ros2_custom_interfaces/install/custom_msgs/lib/python3.12/site-packages/custom_msgs-0.0.0-py3.12.egg-info
[5.002s] -- Installing: /home/mrs_lab/ros2_custom_interfaces/install/custom_msgs/lib/python3.12/site-packages/custom_msgs-0.0.0-py3.12.egg-info/SOURCES.txt
[5.002s] -- Installing: /home/mrs_lab/ros2_custom_interfaces/install/custom_msgs/lib/python3.12/site-packages/custom_msgs-0.0.0-py3.12.egg-info/top_level.txt
[5.002s] -- Installing: /home/mrs_lab/ros2_custom_interfaces/install/custom_msgs/lib/python3.12/site-packages/custom_msgs-0.0.0-py3.12.egg-info/dependency_links.txt
[5.002s] -- Installing: /home/mrs_lab/ros2_custom_interfaces/install/custom_msgs/lib/python3.12/site-packages/custom_msgs-0.0.0-py3.12.egg-info/PKG-INFO
[5.002s] -- Installing: /home/mrs_lab/ros2_custom_interfaces/install/custom_msgs/lib/python3.12/site-packages/custom_msgs
[5.002s] -- Installing: /home/mrs_lab/ros2_custom_interfaces/install/custom_msgs/lib/python3.12/site-packages/custom_msgs/custom_msgs_s__rosidl_typesupport_fastrtps_c.so
[5.002s] -- Installing: /home/mrs_lab/ros2_custom_interfaces/install/custom_msgs/lib/python3.12/site-packages/custom_msgs/_custom_msgs_s.ep.rosidl_typesupport_fastrtps_c.c
[5.002s] -- Installing: /home/mrs_lab/ros2_custom_interfaces/install/custom_msgs/lib/python3.12/site-packages/custom_msgs/_custom_msgs_s.ep.rosidl_typesupport_introspection_c.c
[5.003s] -- Installing: /home/mrs_lab/ros2_custom_interfaces/install/custom_msgs/lib/python3.12/site-packages/custom_msgs/msg
[5.003s] -- Installing: /home/mrs_lab/ros2_custom_interfaces/install/custom_msgs/lib/python3.12/site-packages/custom_msgs/msg/_logitech_input_s.c
[5.003s] -- Installing: /home/mrs_lab/ros2_custom_interfaces/install/custom_msgs/lib/python3.12/site-packages/custom_msgs/msg/_logitech_input.py
[5.003s] -- Installing: /home/mrs_lab/ros2_custom_interfaces/install/custom_msgs/lib/python3.12/site-packages/custom_msgs/msg/__init__.py
[5.003s] -- Installing: /home/mrs_lab/ros2_custom_interfaces/install/custom_msgs/lib/python3.12/site-packages/custom_msgs/custom_msgs_s__rosidl_typesupport_introspection_c.so
[5.003s] -- Installing: /home/mrs_lab/ros2_custom_interfaces/install/custom_msgs/lib/python3.12/site-packages/custom_msgs/__init__.py
[5.003s] -- Installing: /home/mrs_lab/ros2_custom_interfaces/install/custom_msgs/lib/python3.12/site-packages/custom_msgs/_custom_msgs_s.ep.rosidl_typesupport_c.c
[5.003s] -- Installing: /home/mrs_lab/ros2_custom_interfaces/install/custom_msgs/lib/python3.12/site-packages/custom_msgs/custom_msgs_s__rosidl_typesupport_c.so
[5.038s] Listing '/home/mrs_lab/ros2_custom_interfaces/install/custom_msgs/lib/python3.12/site-packages/custom_msgs'...
[5.038s] Compiling '/home/mrs_lab/ros2_custom_interfaces/install/custom_msgs/lib/python3.12/site-packages/custom_msgs/__init__.py'...
[5.038s] Listing '/home/mrs_lab/ros2_custom_interfaces/install/custom_msgs/lib/python3.12/site-packages/custom_msgs/msg'...
[5.038s] Compiling '/home/mrs_lab/ros2_custom_interfaces/install/custom_msgs/lib/python3.12/site-packages/custom_msgs/msg/__init__.py'...
[5.039s] Compiling '/home/mrs_lab/ros2_custom_interfaces/install/custom_msgs/lib/python3.12/site-packages/custom_msgs/msg/_logitech_input.py'...
[5.044s] -- Installing: /home/mrs_lab/ros2_custom_interfaces/install/custom_msgs/lib/python3.12/site-packages/custom_msgs/custom_msgs_s__rosidl_typesupport_fastrtps_c.so
[5.044s] -- Set non-toolchain portion of runtime path of "/home/mrs_lab/ros2_custom_interfaces/install/custom_msgs/lib/python3.12/site-packages/custom_msgs/custom_msgs_s__rosidl_typesupport_fastrtps_c.so" to ""
[5.045s] -- Installing: /home/mrs_lab/ros2_custom_interfaces/install/custom_msgs/lib/python3.12/site-packages/custom_msgs/custom_msgs_s__rosidl_typesupport_introspection_c.so
[5.045s] -- Set non-toolchain portion of runtime path of "/home/mrs_lab/ros2_custom_interfaces/install/custom_msgs/lib/python3.12/site-packages/custom_msgs/custom_msgs_s__rosidl_typesupport_introspection_c.so" to ""
[5.045s] -- Installing: /home/mrs_lab/ros2_custom_interfaces/install/custom_msgs/lib/python3.12/site-packages/custom_msgs/custom_msgs_s__rosidl_typesupport_c.so
[5.045s] -- Set non-toolchain portion of runtime path of "/home/mrs_lab/ros2_custom_interfaces/install/custom_msgs/lib/python3.12/site-packages/custom_msgs/custom_msgs_s__rosidl_typesupport_c.so" to ""
[5.046s] -- Installing: /home/mrs_lab/ros2_custom_interfaces/install/custom_msgs/lib/libcustom_msgs__rosidl_generator_py.so
[5.046s] -- Set non-toolchain portion of runtime path of "/home/mrs_lab/ros2_custom_interfaces/install/custom_msgs/lib/libcustom_msgs__rosidl_generator_py.so" to ""
[5.046s] -- Installing: /home/mrs_lab/ros2_custom_interfaces/install/custom_msgs/share/custom_msgs/msg/LogitechInput.idl
[5.046s] -- Installing: /home/mrs_lab/ros2_custom_interfaces/install/custom_msgs/share/custom_msgs/msg/LogitechInput.msg
[5.046s] -- Installing: /home/mrs_lab/ros2_custom_interfaces/install/custom_msgs/share/ament_index/resource_index/package_run_dependencies/custom_msgs
[5.046s] -- Installing: /home/mrs_lab/ros2_custom_interfaces/install/custom_msgs/share/ament_index/resource_index/parent_prefix_path/custom_msgs
[5.047s] -- Installing: /home/mrs_lab/ros2_custom_interfaces/install/custom_msgs/share/custom_msgs/environment/ament_prefix_path.sh
[5.047s] -- Installing: /home/mrs_lab/ros2_custom_interfaces/install/custom_msgs/share/custom_msgs/environment/ament_prefix_path.dsv
[5.047s] -- Installing: /home/mrs_lab/ros2_custom_interfaces/install/custom_msgs/share/custom_msgs/environment/path.sh
[5.047s] -- Installing: /home/mrs_lab/ros2_custom_interfaces/install/custom_msgs/share/custom_msgs/environment/path.dsv
[5.047s] -- Installing: /home/mrs_lab/ros2_custom_interfaces/install/custom_msgs/share/custom_msgs/local_setup.bash
[5.047s] -- Installing: /home/mrs_lab/ros2_custom_interfaces/install/custom_msgs/share/custom_msgs/local_setup.sh
[5.048s] -- Installing: /home/mrs_lab/ros2_custom_interfaces/install/custom_msgs/share/custom_msgs/local_setup.zsh
[5.048s] -- Installing: /home/mrs_lab/ros2_custom_interfaces/install/custom_msgs/share/custom_msgs/local_setup.dsv
[5.048s] -- Installing: /home/mrs_lab/ros2_custom_interfaces/install/custom_msgs/share/custom_msgs/package.dsv
[5.048s] -- Installing: /home/mrs_lab/ros2_custom_interfaces/install/custom_msgs/share/ament_index/resource_index/packages/custom_msgs
[5.048s] -- Installing: /home/mrs_lab/ros2_custom_interfaces/install/custom_msgs/share/custom_msgs/cmake/export_custom_msgs__rosidl_generator_cExport.cmake
[5.048s] -- Installing: /home/mrs_lab/ros2_custom_interfaces/install/custom_msgs/share/custom_msgs/cmake/export_custom_msgs__rosidl_generator_cExport-noconfig.cmake
[5.049s] -- Installing: /home/mrs_lab/ros2_custom_interfaces/install/custom_msgs/share/custom_msgs/cmake/export_custom_msgs__rosidl_typesupport_fastrtps_cExport.cmake
[5.049s] -- Installing: /home/mrs_lab/ros2_custom_interfaces/install/custom_msgs/share/custom_msgs/cmake/export_custom_msgs__rosidl_typesupport_fastrtps_cExport-noconfig.cmake
[5.049s] -- Installing: /home/mrs_lab/ros2_custom_interfaces/install/custom_msgs/share/custom_msgs/cmake/custom_msgs__rosidl_typesupport_introspection_cExport.cmake
[5.049s] -- Installing: /home/mrs_lab/ros2_custom_interfaces/install/custom_msgs/share/custom_msgs/cmake/custom_msgs__rosidl_typesupport_introspection_cExport-noconfig.cmake
[5.049s] -- Installing: /home/mrs_lab/ros2_custom_interfaces/install/custom_msgs/share/custom_msgs/cmake/custom_msgs__rosidl_typesupport_cExport.cmake
[5.049s] -- Installing: /home/mrs_lab/ros2_custom_interfaces/install/custom_msgs/share/custom_msgs/cmake/custom_msgs__rosidl_typesupport_cExport-noconfig.cmake
[5.050s] -- Installing: /home/mrs_lab/ros2_custom_interfaces/install/custom_msgs/share/custom_msgs/cmake/export_custom_msgs__rosidl_generator_cppExport.cmake
[5.050s] -- Installing: /home/mrs_lab/ros2_custom_interfaces/install/custom_msgs/share/custom_msgs/cmake/export_custom_msgs__rosidl_typesupport_fastrtps_cppExport.cmake
[5.050s] -- Installing: /home/mrs_lab/ros2_custom_interfaces/install/custom_msgs/share/custom_msgs/cmake/export_custom_msgs__rosidl_typesupport_fastrtps_cppExport-noconfig.cmake
[5.050s] -- Installing: /home/mrs_lab/ros2_custom_interfaces/install/custom_msgs/share/custom_msgs/cmake/custom_msgs__rosidl_typesupport_introspection_cppExport.cmake
[5.050s] -- Installing: /home/mrs_lab/ros2_custom_interfaces/install/custom_msgs/share/custom_msgs/cmake/custom_msgs__rosidl_typesupport_introspection_cppExport-noconfig.cmake
[5.050s] -- Installing: /home/mrs_lab/ros2_custom_interfaces/install/custom_msgs/share/custom_msgs/cmake/custom_msgs__rosidl_typesupport_cppExport.cmake
[5.051s] -- Installing: /home/mrs_lab/ros2_custom_interfaces/install/custom_msgs/share/custom_msgs/cmake/custom_msgs__rosidl_typesupport_cppExport-noconfig.cmake
[5.051s] -- Installing: /home/mrs_lab/ros2_custom_interfaces/install/custom_msgs/share/custom_msgs/cmake/export_custom_msgs__rosidl_generator_pyExport.cmake
[5.051s] -- Installing: /home/mrs_lab/ros2_custom_interfaces/install/custom_msgs/share/custom_msgs/cmake/export_custom_msgs__rosidl_generator_pyExport-noconfig.cmake
[5.051s] -- Installing: /home/mrs_lab/ros2_custom_interfaces/install/custom_msgs/share/custom_msgs/cmake/rosidl_cmake-extras.cmake
[5.051s] -- Installing: /home/mrs_lab/ros2_custom_interfaces/install/custom_msgs/share/custom_msgs/cmake/ament_cmake_export_include_directories-extras.cmake
[5.051s] -- Installing: /home/mrs_lab/ros2_custom_interfaces/install/custom_msgs/share/custom_msgs/cmake/ament_cmake_export_libraries-extras.cmake
[5.051s] -- Installing: /home/mrs_lab/ros2_custom_interfaces/install/custom_msgs/share/custom_msgs/cmake/ament_cmake_export_targets-extras.cmake
[5.052s] -- Installing: /home/mrs_lab/ros2_custom_interfaces/install/custom_msgs/share/custom_msgs/cmake/rosidl_cmake_export_typesupport_targets-extras.cmake
[5.052s] -- Installing: /home/mrs_lab/ros2_custom_interfaces/install/custom_msgs/share/custom_msgs/cmake/ament_cmake_export_dependencies-extras.cmake
[5.052s] -- Installing: /home/mrs_lab/ros2_custom_interfaces/install/custom_msgs/share/custom_msgs/cmake/rosidl_cmake_export_typesupport_libraries-extras.cmake
[5.052s] -- Installing: /home/mrs_lab/ros2_custom_interfaces/install/custom_msgs/share/custom_msgs/cmake/custom_msgsConfig.cmake
[5.052s] -- Installing: /home/mrs_lab/ros2_custom_interfaces/install/custom_msgs/share/custom_msgs/cmake/custom_msgsConfig-version.cmake
[5.052s] -- Installing: /home/mrs_lab/ros2_custom_interfaces/install/custom_msgs/share/custom_msgs/package.xml
[5.053s] Invoked command in '/home/mrs_lab/ros2_custom_interfaces/build/custom_msgs' returned '0': CMAKE_PREFIX_PATH=${CMAKE_PREFIX_PATH}:/opt/ros/jazzy DEBUGINFOD_URLS=https://debuginfod.ubuntu.com /usr/bin/cmake --install /home/mrs_lab/ros2_custom_interfaces/build/custom_msgs
