running egg_info
creating ../../build/rpi_controller/rpi_controller.egg-info
writing ../../build/rpi_controller/rpi_controller.egg-info/PKG-INFO
writing dependency_links to ../../build/rpi_controller/rpi_controller.egg-info/dependency_links.txt
writing entry points to ../../build/rpi_controller/rpi_controller.egg-info/entry_points.txt
writing requirements to ../../build/rpi_controller/rpi_controller.egg-info/requires.txt
writing top-level names to ../../build/rpi_controller/rpi_controller.egg-info/top_level.txt
writing manifest file '../../build/rpi_controller/rpi_controller.egg-info/SOURCES.txt'
reading manifest file '../../build/rpi_controller/rpi_controller.egg-info/SOURCES.txt'
writing manifest file '../../build/rpi_controller/rpi_controller.egg-info/SOURCES.txt'
running build
running build_py
creating /home/mrs-rpi/ros2_ws/build/rpi_controller/build
creating /home/mrs-rpi/ros2_ws/build/rpi_controller/build/lib
creating /home/mrs-rpi/ros2_ws/build/rpi_controller/build/lib/rpi_controller
copying rpi_controller/arduino_controller.py -> /home/mrs-rpi/ros2_ws/build/rpi_controller/build/lib/rpi_controller
copying rpi_controller/__init__.py -> /home/mrs-rpi/ros2_ws/build/rpi_controller/build/lib/rpi_controller
running install
running install_lib
creating /home/mrs-rpi/ros2_ws/install/rpi_controller/lib/python3.12/site-packages/rpi_controller
copying /home/mrs-rpi/ros2_ws/build/rpi_controller/build/lib/rpi_controller/arduino_controller.py -> /home/mrs-rpi/ros2_ws/install/rpi_controller/lib/python3.12/site-packages/rpi_controller
copying /home/mrs-rpi/ros2_ws/build/rpi_controller/build/lib/rpi_controller/__init__.py -> /home/mrs-rpi/ros2_ws/install/rpi_controller/lib/python3.12/site-packages/rpi_controller
byte-compiling /home/mrs-rpi/ros2_ws/install/rpi_controller/lib/python3.12/site-packages/rpi_controller/arduino_controller.py to arduino_controller.cpython-312.pyc
byte-compiling /home/mrs-rpi/ros2_ws/install/rpi_controller/lib/python3.12/site-packages/rpi_controller/__init__.py to __init__.cpython-312.pyc
running install_data
creating /home/mrs-rpi/ros2_ws/install/rpi_controller/share/ament_index
creating /home/mrs-rpi/ros2_ws/install/rpi_controller/share/ament_index/resource_index
creating /home/mrs-rpi/ros2_ws/install/rpi_controller/share/ament_index/resource_index/packages
copying resource/rpi_controller -> /home/mrs-rpi/ros2_ws/install/rpi_controller/share/ament_index/resource_index/packages
copying package.xml -> /home/mrs-rpi/ros2_ws/install/rpi_controller/share/rpi_controller
running install_egg_info
Copying ../../build/rpi_controller/rpi_controller.egg-info to /home/mrs-rpi/ros2_ws/install/rpi_controller/lib/python3.12/site-packages/rpi_controller-0.0.1-py3.12.egg-info
running install_scripts
Installing arduino_controller script to /home/mrs-rpi/ros2_ws/install/rpi_controller/lib/rpi_controller
writing list of installed files to '/home/mrs-rpi/ros2_ws/build/rpi_controller/install.log'
