[3.281s] Invoking command in '/home/mrs_lab/ros2_ws/src/logitech_streamer': DEBUGINFOD_URLS=https://debuginfod.ubuntu.com PYTHONPATH=/home/mrs_lab/ros2_ws/build/logitech_streamer/prefix_override:/usr/lib/python3/dist-packages/colcon_core/task/python/colcon_distutils_commands:/home/mrs_lab/ros2_ws/install/logitech_streamer/lib/python3.12/site-packages:${PYTHONPATH} /usr/bin/python3 -W ignore:setup.py install is deprecated -W ignore:easy_install command is deprecated setup.py egg_info --egg-base ../../build/logitech_streamer build --build-base /home/mrs_lab/ros2_ws/build/logitech_streamer/build install --record /home/mrs_lab/ros2_ws/build/logitech_streamer/install.log --single-version-externally-managed install_data
[3.558s] running egg_info
[3.558s] creating ../../build/logitech_streamer/logitech_streamer.egg-info
[3.581s] writing ../../build/logitech_streamer/logitech_streamer.egg-info/PKG-INFO
[3.581s] writing dependency_links to ../../build/logitech_streamer/logitech_streamer.egg-info/dependency_links.txt
[3.581s] writing entry points to ../../build/logitech_streamer/logitech_streamer.egg-info/entry_points.txt
[3.581s] writing requirements to ../../build/logitech_streamer/logitech_streamer.egg-info/requires.txt
[3.581s] writing top-level names to ../../build/logitech_streamer/logitech_streamer.egg-info/top_level.txt
[3.581s] writing manifest file '../../build/logitech_streamer/logitech_streamer.egg-info/SOURCES.txt'
[3.627s] reading manifest file '../../build/logitech_streamer/logitech_streamer.egg-info/SOURCES.txt'
[3.628s] writing manifest file '../../build/logitech_streamer/logitech_streamer.egg-info/SOURCES.txt'
[3.628s] running build
[3.628s] running build_py
[3.628s] creating /home/mrs_lab/ros2_ws/build/logitech_streamer/build
[3.628s] creating /home/mrs_lab/ros2_ws/build/logitech_streamer/build/lib
[3.628s] creating /home/mrs_lab/ros2_ws/build/logitech_streamer/build/lib/logitech_streamer
[3.628s] copying logitech_streamer/__init__.py -> /home/mrs_lab/ros2_ws/build/logitech_streamer/build/lib/logitech_streamer
[3.628s] copying logitech_streamer/logitech_input_publisher.py -> /home/mrs_lab/ros2_ws/build/logitech_streamer/build/lib/logitech_streamer
[3.628s] running install
[3.635s] running install_lib
[3.658s] creating /home/mrs_lab/ros2_ws/install/logitech_streamer/lib/python3.12/site-packages/logitech_streamer
[3.658s] copying /home/mrs_lab/ros2_ws/build/logitech_streamer/build/lib/logitech_streamer/__init__.py -> /home/mrs_lab/ros2_ws/install/logitech_streamer/lib/python3.12/site-packages/logitech_streamer
[3.658s] copying /home/mrs_lab/ros2_ws/build/logitech_streamer/build/lib/logitech_streamer/logitech_input_publisher.py -> /home/mrs_lab/ros2_ws/install/logitech_streamer/lib/python3.12/site-packages/logitech_streamer
[3.658s] byte-compiling /home/mrs_lab/ros2_ws/install/logitech_streamer/lib/python3.12/site-packages/logitech_streamer/__init__.py to __init__.cpython-312.pyc
[3.658s] byte-compiling /home/mrs_lab/ros2_ws/install/logitech_streamer/lib/python3.12/site-packages/logitech_streamer/logitech_input_publisher.py to logitech_input_publisher.cpython-312.pyc
[3.659s] running install_data
[3.659s] creating /home/mrs_lab/ros2_ws/install/logitech_streamer/share/ament_index
[3.660s] creating /home/mrs_lab/ros2_ws/install/logitech_streamer/share/ament_index/resource_index
[3.660s] creating /home/mrs_lab/ros2_ws/install/logitech_streamer/share/ament_index/resource_index/packages
[3.660s] copying resource/logitech_streamer -> /home/mrs_lab/ros2_ws/install/logitech_streamer/share/ament_index/resource_index/packages
[3.660s] copying package.xml -> /home/mrs_lab/ros2_ws/install/logitech_streamer/share/logitech_streamer
[3.660s] running install_egg_info
[3.690s] Copying ../../build/logitech_streamer/logitech_streamer.egg-info to /home/mrs_lab/ros2_ws/install/logitech_streamer/lib/python3.12/site-packages/logitech_streamer-0.0.0-py3.12.egg-info
[3.691s] running install_scripts
[3.837s] Installing logitech_input_publisher script to /home/mrs_lab/ros2_ws/install/logitech_streamer/lib/logitech_streamer
[3.837s] writing list of installed files to '/home/mrs_lab/ros2_ws/build/logitech_streamer/install.log'
[3.868s] Invoked command in '/home/mrs_lab/ros2_ws/src/logitech_streamer' returned '0': DEBUGINFOD_URLS=https://debuginfod.ubuntu.com PYTHONPATH=/home/mrs_lab/ros2_ws/build/logitech_streamer/prefix_override:/usr/lib/python3/dist-packages/colcon_core/task/python/colcon_distutils_commands:/home/mrs_lab/ros2_ws/install/logitech_streamer/lib/python3.12/site-packages:${PYTHONPATH} /usr/bin/python3 -W ignore:setup.py install is deprecated -W ignore:easy_install command is deprecated setup.py egg_info --egg-base ../../build/logitech_streamer build --build-base /home/mrs_lab/ros2_ws/build/logitech_streamer/build install --record /home/mrs_lab/ros2_ws/build/logitech_streamer/install.log --single-version-externally-managed install_data
