[1.105s] DEBUG:colcon:Command line arguments: ['/usr/bin/colcon', 'build']
[1.105s] DEBUG:colcon:Parsed command line arguments: Namespace(log_base=None, log_level=None, verb_name='build', build_base='build', install_base='install', merge_install=False, symlink_install=False, test_result_base=None, continue_on_error=False, executor='parallel', parallel_workers=4, event_handlers=None, ignore_user_meta=False, metas=['./colcon.meta'], base_paths=['.'], packages_ignore=None, packages_ignore_regex=None, paths=None, packages_up_to=None, packages_up_to_regex=None, packages_above=None, packages_above_and_dependencies=None, packages_above_depth=None, packages_select_by_dep=None, packages_skip_by_dep=None, packages_skip_up_to=None, packages_select_build_failed=False, packages_skip_build_finished=False, packages_select_test_failures=False, packages_skip_test_passed=False, packages_select=None, packages_skip=None, packages_select_regex=None, packages_skip_regex=None, packages_start=None, packages_end=None, allow_overriding=[], cmake_args=None, cmake_target=None, cmake_target_skip_unavailable=False, cmake_clean_cache=False, cmake_clean_first=False, cmake_force_configure=False, ament_cmake_args=None, catkin_cmake_args=None, catkin_skip_building_tests=False, mixin_files=None, mixin=None, verb_parser=<colcon_mixin.mixin.mixin_argument.MixinArgumentDecorator object at 0xffff8c16de80>, verb_extension=<colcon_core.verb.build.BuildVerb object at 0xffff8c348e90>, main=<bound method BuildVerb.main of <colcon_core.verb.build.BuildVerb object at 0xffff8c348e90>>, mixin_verb=('build',))
[1.410s] Level 1:colcon.colcon_core.package_discovery:discover_packages(colcon_meta) check parameters
[1.410s] Level 1:colcon.colcon_core.package_discovery:discover_packages(recursive) check parameters
[1.411s] Level 1:colcon.colcon_core.package_discovery:discover_packages(ignore) check parameters
[1.411s] Level 1:colcon.colcon_core.package_discovery:discover_packages(path) check parameters
[1.411s] Level 1:colcon.colcon_core.package_discovery:discover_packages(colcon_meta) discover
[1.411s] Level 1:colcon.colcon_core.package_discovery:discover_packages(recursive) discover
[1.411s] INFO:colcon.colcon_core.package_discovery:Crawling recursively for packages in '/home/mrs-rpi/ros2_custom_interfaces'
[1.412s] Level 1:colcon.colcon_core.package_identification:_identify(.) by extensions ['ignore', 'ignore_ament_install']
[1.413s] Level 1:colcon.colcon_core.package_identification:_identify(.) by extension 'ignore'
[1.413s] Level 1:colcon.colcon_core.package_identification:_identify(.) by extension 'ignore_ament_install'
[1.414s] Level 1:colcon.colcon_core.package_identification:_identify(.) by extensions ['colcon_pkg']
[1.414s] Level 1:colcon.colcon_core.package_identification:_identify(.) by extension 'colcon_pkg'
[1.414s] Level 1:colcon.colcon_core.package_identification:_identify(.) by extensions ['colcon_meta']
[1.414s] Level 1:colcon.colcon_core.package_identification:_identify(.) by extension 'colcon_meta'
[1.415s] Level 1:colcon.colcon_core.package_identification:_identify(.) by extensions ['ros']
[1.415s] Level 1:colcon.colcon_core.package_identification:_identify(.) by extension 'ros'
[1.578s] Level 1:colcon.colcon_core.package_identification:_identify(.) by extensions ['cmake', 'python']
[1.578s] Level 1:colcon.colcon_core.package_identification:_identify(.) by extension 'cmake'
[1.578s] Level 1:colcon.colcon_core.package_identification:_identify(.) by extension 'python'
[1.578s] Level 1:colcon.colcon_core.package_identification:_identify(.) by extensions ['python_setup_py']
[1.579s] Level 1:colcon.colcon_core.package_identification:_identify(.) by extension 'python_setup_py'
[1.579s] Level 1:colcon.colcon_core.package_identification:_identify(build) by extensions ['ignore', 'ignore_ament_install']
[1.579s] Level 1:colcon.colcon_core.package_identification:_identify(build) by extension 'ignore'
[1.580s] Level 1:colcon.colcon_core.package_identification:_identify(build) ignored
[1.580s] Level 1:colcon.colcon_core.package_identification:_identify(install) by extensions ['ignore', 'ignore_ament_install']
[1.581s] Level 1:colcon.colcon_core.package_identification:_identify(install) by extension 'ignore'
[1.581s] Level 1:colcon.colcon_core.package_identification:_identify(install) ignored
[1.581s] Level 1:colcon.colcon_core.package_identification:_identify(log) by extensions ['ignore', 'ignore_ament_install']
[1.582s] Level 1:colcon.colcon_core.package_identification:_identify(log) by extension 'ignore'
[1.582s] Level 1:colcon.colcon_core.package_identification:_identify(log) ignored
[1.582s] Level 1:colcon.colcon_core.package_identification:_identify(src) by extensions ['ignore', 'ignore_ament_install']
[1.582s] Level 1:colcon.colcon_core.package_identification:_identify(src) by extension 'ignore'
[1.583s] Level 1:colcon.colcon_core.package_identification:_identify(src) by extension 'ignore_ament_install'
[1.583s] Level 1:colcon.colcon_core.package_identification:_identify(src) by extensions ['colcon_pkg']
[1.583s] Level 1:colcon.colcon_core.package_identification:_identify(src) by extension 'colcon_pkg'
[1.583s] Level 1:colcon.colcon_core.package_identification:_identify(src) by extensions ['colcon_meta']
[1.583s] Level 1:colcon.colcon_core.package_identification:_identify(src) by extension 'colcon_meta'
[1.583s] Level 1:colcon.colcon_core.package_identification:_identify(src) by extensions ['ros']
[1.584s] Level 1:colcon.colcon_core.package_identification:_identify(src) by extension 'ros'
[1.584s] Level 1:colcon.colcon_core.package_identification:_identify(src) by extensions ['cmake', 'python']
[1.584s] Level 1:colcon.colcon_core.package_identification:_identify(src) by extension 'cmake'
[1.584s] Level 1:colcon.colcon_core.package_identification:_identify(src) by extension 'python'
[1.584s] Level 1:colcon.colcon_core.package_identification:_identify(src) by extensions ['python_setup_py']
[1.584s] Level 1:colcon.colcon_core.package_identification:_identify(src) by extension 'python_setup_py'
[1.585s] Level 1:colcon.colcon_core.package_identification:_identify(src/custom_msgs) by extensions ['ignore', 'ignore_ament_install']
[1.585s] Level 1:colcon.colcon_core.package_identification:_identify(src/custom_msgs) by extension 'ignore'
[1.585s] Level 1:colcon.colcon_core.package_identification:_identify(src/custom_msgs) by extension 'ignore_ament_install'
[1.586s] Level 1:colcon.colcon_core.package_identification:_identify(src/custom_msgs) by extensions ['colcon_pkg']
[1.586s] Level 1:colcon.colcon_core.package_identification:_identify(src/custom_msgs) by extension 'colcon_pkg'
[1.586s] Level 1:colcon.colcon_core.package_identification:_identify(src/custom_msgs) by extensions ['colcon_meta']
[1.586s] Level 1:colcon.colcon_core.package_identification:_identify(src/custom_msgs) by extension 'colcon_meta'
[1.586s] Level 1:colcon.colcon_core.package_identification:_identify(src/custom_msgs) by extensions ['ros']
[1.586s] Level 1:colcon.colcon_core.package_identification:_identify(src/custom_msgs) by extension 'ros'
[1.599s] DEBUG:colcon.colcon_core.package_identification:Package 'src/custom_msgs' with type 'ros.ament_cmake' and name 'custom_msgs'
[1.599s] Level 1:colcon.colcon_core.package_discovery:discover_packages(recursive) using defaults
[1.599s] Level 1:colcon.colcon_core.package_discovery:discover_packages(ignore) discover
[1.599s] Level 1:colcon.colcon_core.package_discovery:discover_packages(ignore) using defaults
[1.599s] Level 1:colcon.colcon_core.package_discovery:discover_packages(path) discover
[1.600s] Level 1:colcon.colcon_core.package_discovery:discover_packages(path) using defaults
[1.714s] Level 1:colcon.colcon_core.package_discovery:discover_packages(prefix_path) check parameters
[1.714s] Level 1:colcon.colcon_core.package_discovery:discover_packages(prefix_path) discover
[1.737s] DEBUG:colcon.colcon_installed_package_information.package_discovery:Found 285 installed packages in /opt/ros/jazzy
[1.745s] Level 1:colcon.colcon_core.package_discovery:discover_packages(prefix_path) using defaults
[1.940s] Level 5:colcon.colcon_core.verb:set package 'custom_msgs' build argument 'cmake_args' from command line to 'None'
[1.940s] Level 5:colcon.colcon_core.verb:set package 'custom_msgs' build argument 'cmake_target' from command line to 'None'
[1.941s] Level 5:colcon.colcon_core.verb:set package 'custom_msgs' build argument 'cmake_target_skip_unavailable' from command line to 'False'
[1.941s] Level 5:colcon.colcon_core.verb:set package 'custom_msgs' build argument 'cmake_clean_cache' from command line to 'False'
[1.941s] Level 5:colcon.colcon_core.verb:set package 'custom_msgs' build argument 'cmake_clean_first' from command line to 'False'
[1.941s] Level 5:colcon.colcon_core.verb:set package 'custom_msgs' build argument 'cmake_force_configure' from command line to 'False'
[1.941s] Level 5:colcon.colcon_core.verb:set package 'custom_msgs' build argument 'ament_cmake_args' from command line to 'None'
[1.941s] Level 5:colcon.colcon_core.verb:set package 'custom_msgs' build argument 'catkin_cmake_args' from command line to 'None'
[1.941s] Level 5:colcon.colcon_core.verb:set package 'custom_msgs' build argument 'catkin_skip_building_tests' from command line to 'False'
[1.941s] DEBUG:colcon.colcon_core.verb:Building package 'custom_msgs' with the following arguments: {'ament_cmake_args': None, 'build_base': '/home/mrs-rpi/ros2_custom_interfaces/build/custom_msgs', 'catkin_cmake_args': None, 'catkin_skip_building_tests': False, 'cmake_args': None, 'cmake_clean_cache': False, 'cmake_clean_first': False, 'cmake_force_configure': False, 'cmake_target': None, 'cmake_target_skip_unavailable': False, 'install_base': '/home/mrs-rpi/ros2_custom_interfaces/install/custom_msgs', 'merge_install': False, 'path': '/home/mrs-rpi/ros2_custom_interfaces/src/custom_msgs', 'symlink_install': False, 'test_result_base': None}
[1.942s] INFO:colcon.colcon_core.executor:Executing jobs using 'parallel' executor
[1.944s] DEBUG:colcon.colcon_parallel_executor.executor.parallel:run_until_complete
[1.945s] INFO:colcon.colcon_ros.task.ament_cmake.build:Building ROS package in '/home/mrs-rpi/ros2_custom_interfaces/src/custom_msgs' with build type 'ament_cmake'
[1.946s] INFO:colcon.colcon_cmake.task.cmake.build:Building CMake package in '/home/mrs-rpi/ros2_custom_interfaces/src/custom_msgs'
[1.964s] INFO:colcon.colcon_core.plugin_system:Skipping extension 'colcon_core.shell.bat': Not used on non-Windows systems
[1.965s] INFO:colcon.colcon_core.shell:Skip shell extension 'powershell' for command environment: Not usable outside of PowerShell
[1.965s] DEBUG:colcon.colcon_core.shell:Skip shell extension 'dsv' for command environment
[2.018s] DEBUG:colcon.colcon_core.event_handler.log_command:Invoking command in '/home/mrs-rpi/ros2_custom_interfaces/build/custom_msgs': CMAKE_PREFIX_PATH=${CMAKE_PREFIX_PATH}:/opt/ros/jazzy /usr/bin/cmake --build /home/mrs-rpi/ros2_custom_interfaces/build/custom_msgs -- -j4 -l4
[27.425s] DEBUG:colcon.colcon_core.event_handler.log_command:Invoked command in '/home/mrs-rpi/ros2_custom_interfaces/build/custom_msgs' returned '0': CMAKE_PREFIX_PATH=${CMAKE_PREFIX_PATH}:/opt/ros/jazzy /usr/bin/cmake --build /home/mrs-rpi/ros2_custom_interfaces/build/custom_msgs -- -j4 -l4
[27.473s] DEBUG:colcon.colcon_core.event_handler.log_command:Invoking command in '/home/mrs-rpi/ros2_custom_interfaces/build/custom_msgs': CMAKE_PREFIX_PATH=${CMAKE_PREFIX_PATH}:/opt/ros/jazzy /usr/bin/cmake --install /home/mrs-rpi/ros2_custom_interfaces/build/custom_msgs
[27.941s] Level 1:colcon.colcon_core.environment:create_environment_scripts_only(custom_msgs)
[27.943s] DEBUG:colcon.colcon_core.event_handler.log_command:Invoked command in '/home/mrs-rpi/ros2_custom_interfaces/build/custom_msgs' returned '0': CMAKE_PREFIX_PATH=${CMAKE_PREFIX_PATH}:/opt/ros/jazzy /usr/bin/cmake --install /home/mrs-rpi/ros2_custom_interfaces/build/custom_msgs
[27.965s] Level 1:colcon.colcon_core.environment:checking '/home/mrs-rpi/ros2_custom_interfaces/install/custom_msgs' for CMake module files
[27.971s] Level 1:colcon.colcon_core.environment:checking '/home/mrs-rpi/ros2_custom_interfaces/install/custom_msgs' for CMake config files
[27.974s] Level 1:colcon.colcon_core.shell:create_environment_hook('custom_msgs', 'cmake_prefix_path')
[27.975s] INFO:colcon.colcon_core.shell:Creating environment hook '/home/mrs-rpi/ros2_custom_interfaces/install/custom_msgs/share/custom_msgs/hook/cmake_prefix_path.ps1'
[27.979s] INFO:colcon.colcon_core.shell:Creating environment descriptor '/home/mrs-rpi/ros2_custom_interfaces/install/custom_msgs/share/custom_msgs/hook/cmake_prefix_path.dsv'
[27.981s] INFO:colcon.colcon_core.shell:Creating environment hook '/home/mrs-rpi/ros2_custom_interfaces/install/custom_msgs/share/custom_msgs/hook/cmake_prefix_path.sh'
[27.985s] Level 1:colcon.colcon_core.environment:checking '/home/mrs-rpi/ros2_custom_interfaces/install/custom_msgs/lib'
[27.986s] Level 1:colcon.colcon_core.shell:create_environment_hook('custom_msgs', 'ld_library_path_lib')
[27.986s] INFO:colcon.colcon_core.shell:Creating environment hook '/home/mrs-rpi/ros2_custom_interfaces/install/custom_msgs/share/custom_msgs/hook/ld_library_path_lib.ps1'
[27.988s] INFO:colcon.colcon_core.shell:Creating environment descriptor '/home/mrs-rpi/ros2_custom_interfaces/install/custom_msgs/share/custom_msgs/hook/ld_library_path_lib.dsv'
[27.990s] INFO:colcon.colcon_core.shell:Creating environment hook '/home/mrs-rpi/ros2_custom_interfaces/install/custom_msgs/share/custom_msgs/hook/ld_library_path_lib.sh'
[27.992s] Level 1:colcon.colcon_core.environment:checking '/home/mrs-rpi/ros2_custom_interfaces/install/custom_msgs/bin'
[27.992s] Level 1:colcon.colcon_core.environment:checking '/home/mrs-rpi/ros2_custom_interfaces/install/custom_msgs/lib/pkgconfig/custom_msgs.pc'
[27.993s] Level 1:colcon.colcon_core.environment:checking '/home/mrs-rpi/ros2_custom_interfaces/install/custom_msgs/lib/python3.12/site-packages'
[27.993s] Level 1:colcon.colcon_core.shell:create_environment_hook('custom_msgs', 'pythonpath')
[27.994s] INFO:colcon.colcon_core.shell:Creating environment hook '/home/mrs-rpi/ros2_custom_interfaces/install/custom_msgs/share/custom_msgs/hook/pythonpath.ps1'
[27.996s] INFO:colcon.colcon_core.shell:Creating environment descriptor '/home/mrs-rpi/ros2_custom_interfaces/install/custom_msgs/share/custom_msgs/hook/pythonpath.dsv'
[27.998s] INFO:colcon.colcon_core.shell:Creating environment hook '/home/mrs-rpi/ros2_custom_interfaces/install/custom_msgs/share/custom_msgs/hook/pythonpath.sh'
[28.001s] Level 1:colcon.colcon_core.environment:checking '/home/mrs-rpi/ros2_custom_interfaces/install/custom_msgs/bin'
[28.002s] INFO:colcon.colcon_core.shell:Creating package script '/home/mrs-rpi/ros2_custom_interfaces/install/custom_msgs/share/custom_msgs/package.ps1'
[28.006s] INFO:colcon.colcon_core.shell:Creating package descriptor '/home/mrs-rpi/ros2_custom_interfaces/install/custom_msgs/share/custom_msgs/package.dsv'
[28.009s] INFO:colcon.colcon_core.shell:Creating package script '/home/mrs-rpi/ros2_custom_interfaces/install/custom_msgs/share/custom_msgs/package.sh'
[28.012s] INFO:colcon.colcon_core.shell:Creating package script '/home/mrs-rpi/ros2_custom_interfaces/install/custom_msgs/share/custom_msgs/package.bash'
[28.016s] INFO:colcon.colcon_core.shell:Creating package script '/home/mrs-rpi/ros2_custom_interfaces/install/custom_msgs/share/custom_msgs/package.zsh'
[28.019s] Level 1:colcon.colcon_core.environment:create_file_with_runtime_dependencies(/home/mrs-rpi/ros2_custom_interfaces/install/custom_msgs/share/colcon-core/packages/custom_msgs)
[28.023s] Level 1:colcon.colcon_core.environment:create_environment_scripts_only(custom_msgs)
[28.024s] Level 1:colcon.colcon_core.environment:checking '/home/mrs-rpi/ros2_custom_interfaces/install/custom_msgs' for CMake module files
[28.030s] Level 1:colcon.colcon_core.environment:checking '/home/mrs-rpi/ros2_custom_interfaces/install/custom_msgs' for CMake config files
[28.034s] Level 1:colcon.colcon_core.shell:create_environment_hook('custom_msgs', 'cmake_prefix_path')
[28.034s] INFO:colcon.colcon_core.shell:Creating environment hook '/home/mrs-rpi/ros2_custom_interfaces/install/custom_msgs/share/custom_msgs/hook/cmake_prefix_path.ps1'
[28.036s] INFO:colcon.colcon_core.shell:Creating environment descriptor '/home/mrs-rpi/ros2_custom_interfaces/install/custom_msgs/share/custom_msgs/hook/cmake_prefix_path.dsv'
[28.038s] INFO:colcon.colcon_core.shell:Creating environment hook '/home/mrs-rpi/ros2_custom_interfaces/install/custom_msgs/share/custom_msgs/hook/cmake_prefix_path.sh'
[28.041s] Level 1:colcon.colcon_core.environment:checking '/home/mrs-rpi/ros2_custom_interfaces/install/custom_msgs/lib'
[28.042s] Level 1:colcon.colcon_core.shell:create_environment_hook('custom_msgs', 'ld_library_path_lib')
[28.043s] INFO:colcon.colcon_core.shell:Creating environment hook '/home/mrs-rpi/ros2_custom_interfaces/install/custom_msgs/share/custom_msgs/hook/ld_library_path_lib.ps1'
[28.045s] INFO:colcon.colcon_core.shell:Creating environment descriptor '/home/mrs-rpi/ros2_custom_interfaces/install/custom_msgs/share/custom_msgs/hook/ld_library_path_lib.dsv'
[28.046s] INFO:colcon.colcon_core.shell:Creating environment hook '/home/mrs-rpi/ros2_custom_interfaces/install/custom_msgs/share/custom_msgs/hook/ld_library_path_lib.sh'
[28.048s] Level 1:colcon.colcon_core.environment:checking '/home/mrs-rpi/ros2_custom_interfaces/install/custom_msgs/bin'
[28.048s] Level 1:colcon.colcon_core.environment:checking '/home/mrs-rpi/ros2_custom_interfaces/install/custom_msgs/lib/pkgconfig/custom_msgs.pc'
[28.049s] Level 1:colcon.colcon_core.environment:checking '/home/mrs-rpi/ros2_custom_interfaces/install/custom_msgs/lib/python3.12/site-packages'
[28.049s] Level 1:colcon.colcon_core.shell:create_environment_hook('custom_msgs', 'pythonpath')
[28.050s] INFO:colcon.colcon_core.shell:Creating environment hook '/home/mrs-rpi/ros2_custom_interfaces/install/custom_msgs/share/custom_msgs/hook/pythonpath.ps1'
[28.052s] INFO:colcon.colcon_core.shell:Creating environment descriptor '/home/mrs-rpi/ros2_custom_interfaces/install/custom_msgs/share/custom_msgs/hook/pythonpath.dsv'
[28.053s] INFO:colcon.colcon_core.shell:Creating environment hook '/home/mrs-rpi/ros2_custom_interfaces/install/custom_msgs/share/custom_msgs/hook/pythonpath.sh'
[28.056s] Level 1:colcon.colcon_core.environment:checking '/home/mrs-rpi/ros2_custom_interfaces/install/custom_msgs/bin'
[28.057s] INFO:colcon.colcon_core.shell:Creating package script '/home/mrs-rpi/ros2_custom_interfaces/install/custom_msgs/share/custom_msgs/package.ps1'
[28.060s] INFO:colcon.colcon_core.shell:Creating package descriptor '/home/mrs-rpi/ros2_custom_interfaces/install/custom_msgs/share/custom_msgs/package.dsv'
[28.062s] INFO:colcon.colcon_core.shell:Creating package script '/home/mrs-rpi/ros2_custom_interfaces/install/custom_msgs/share/custom_msgs/package.sh'
[28.064s] INFO:colcon.colcon_core.shell:Creating package script '/home/mrs-rpi/ros2_custom_interfaces/install/custom_msgs/share/custom_msgs/package.bash'
[28.066s] INFO:colcon.colcon_core.shell:Creating package script '/home/mrs-rpi/ros2_custom_interfaces/install/custom_msgs/share/custom_msgs/package.zsh'
[28.068s] Level 1:colcon.colcon_core.environment:create_file_with_runtime_dependencies(/home/mrs-rpi/ros2_custom_interfaces/install/custom_msgs/share/colcon-core/packages/custom_msgs)
[28.069s] DEBUG:colcon.colcon_parallel_executor.executor.parallel:closing loop
[28.070s] DEBUG:colcon.colcon_parallel_executor.executor.parallel:loop closed
[28.071s] DEBUG:colcon.colcon_parallel_executor.executor.parallel:run_until_complete finished with '0'
[28.071s] DEBUG:colcon.colcon_core.event_reactor:joining thread
[28.097s] INFO:colcon.colcon_core.plugin_system:Skipping extension 'colcon_notification.desktop_notification.notify_send': Could not find 'notify-send'
[28.098s] INFO:colcon.colcon_core.plugin_system:Skipping extension 'colcon_notification.desktop_notification.terminal_notifier': Not used on non-Darwin systems
[28.098s] INFO:colcon.colcon_core.plugin_system:Skipping extension 'colcon_notification.desktop_notification.win32': Not used on non-Windows systems
[28.098s] INFO:colcon.colcon_notification.desktop_notification:Sending desktop notification using 'notify2'
[28.157s] DEBUG:colcon.colcon_notification.desktop_notification.notify2:Failed to initialize notify2: org.freedesktop.DBus.Error.ServiceUnknown: The name org.freedesktop.Notifications was not provided by any .service files
[28.158s] DEBUG:colcon.colcon_core.event_reactor:joined thread
[28.158s] INFO:colcon.colcon_core.shell:Creating prefix script '/home/mrs-rpi/ros2_custom_interfaces/install/local_setup.ps1'
[28.163s] INFO:colcon.colcon_core.shell:Creating prefix util module '/home/mrs-rpi/ros2_custom_interfaces/install/_local_setup_util_ps1.py'
[28.169s] INFO:colcon.colcon_core.shell:Creating prefix chain script '/home/mrs-rpi/ros2_custom_interfaces/install/setup.ps1'
[28.174s] INFO:colcon.colcon_core.shell:Creating prefix script '/home/mrs-rpi/ros2_custom_interfaces/install/local_setup.sh'
[28.177s] INFO:colcon.colcon_core.shell:Creating prefix util module '/home/mrs-rpi/ros2_custom_interfaces/install/_local_setup_util_sh.py'
[28.180s] INFO:colcon.colcon_core.shell:Creating prefix chain script '/home/mrs-rpi/ros2_custom_interfaces/install/setup.sh'
[28.184s] INFO:colcon.colcon_core.shell:Creating prefix script '/home/mrs-rpi/ros2_custom_interfaces/install/local_setup.bash'
[28.187s] INFO:colcon.colcon_core.shell:Creating prefix chain script '/home/mrs-rpi/ros2_custom_interfaces/install/setup.bash'
[28.191s] INFO:colcon.colcon_core.shell:Creating prefix script '/home/mrs-rpi/ros2_custom_interfaces/install/local_setup.zsh'
[28.194s] INFO:colcon.colcon_core.shell:Creating prefix chain script '/home/mrs-rpi/ros2_custom_interfaces/install/setup.zsh'
